bash tools/run_ownership.sh
CBPF ownership kernel artifacts verified
CBPF ownership run artifacts: ${REPOSITORY}/build/m4-reproduction.o5y2sbxz/snapshot/build/ownership-m3-run.4B6VVP
CBPF_GUARD case=stale_copy phase=begin native_bpf=0 scope=trusted_resolver
CBPF_BIND pc=0 id=1 cell=ffff0000001cf7a0 object=ffff800080f27e08 public_tag=1 public_base=0xffff0000001cf7a0 public_length=16 public_perms=0x20001
CBPF_GATE seq=1 event=acquire pc=0 id=1 acquired=1 released=0 reads=0 cleanup=0 refs=2 tagA=1 tagB=0
CBPF_GATE seq=2 event=clear pc=1 id=1 acquired=1 released=0 reads=0 cleanup=0 refs=2 tagA=0 tagB=0
CBPF_GATE seq=3 event=release pc=1 id=1 acquired=1 released=1 reads=0 cleanup=0 refs=1 tagA=0 tagB=0
CBPF_GATE seq=4 event=reject pc=2 id=0 acquired=1 released=1 reads=0 cleanup=0 refs=1 tagA=0 tagB=0
CBPF_GUARD case=stale_copy result=PASS acquired=1 released=1 reads=0 cleanup=0 refs=1 public_tag=1 canonical=1 tagA=0 failed=1 failure_return=1 native_bpf=0 scope=trusted_resolver
CBPF_GUARD case=stale_spill phase=begin native_bpf=0 scope=trusted_resolver
CBPF_BIND pc=0 id=1 cell=ffff0000001cf7a0 object=ffff800080f27e08 public_tag=1 public_base=0xffff0000001cf7a0 public_length=16 public_perms=0x20001
CBPF_GATE seq=1 event=acquire pc=0 id=1 acquired=1 released=0 reads=0 cleanup=0 refs=2 tagA=1 tagB=0
CBPF_GATE seq=2 event=clear pc=1 id=1 acquired=1 released=0 reads=0 cleanup=0 refs=2 tagA=0 tagB=0
CBPF_GATE seq=3 event=release pc=1 id=1 acquired=1 released=1 reads=0 cleanup=0 refs=1 tagA=0 tagB=0
CBPF_GATE seq=4 event=reject pc=2 id=0 acquired=1 released=1 reads=0 cleanup=0 refs=1 tagA=0 tagB=0
CBPF_GUARD case=stale_spill result=PASS acquired=1 released=1 reads=0 cleanup=0 refs=1 public_tag=1 canonical=1 tagA=0 failed=1 failure_return=1 native_bpf=0 scope=trusted_resolver
CBPF_GUARD case=duplicate_release phase=begin native_bpf=0 scope=trusted_resolver
CBPF_BIND pc=0 id=1 cell=ffff0000001cf7a0 object=ffff800080f27e08 public_tag=1 public_base=0xffff0000001cf7a0 public_length=16 public_perms=0x20001
CBPF_GATE seq=1 event=acquire pc=0 id=1 acquired=1 released=0 reads=0 cleanup=0 refs=2 tagA=1 tagB=0
CBPF_GATE seq=2 event=clear pc=1 id=1 acquired=1 released=0 reads=0 cleanup=0 refs=2 tagA=0 tagB=0
CBPF_GATE seq=3 event=release pc=1 id=1 acquired=1 released=1 reads=0 cleanup=0 refs=1 tagA=0 tagB=0
CBPF_GATE seq=4 event=reject pc=2 id=0 acquired=1 released=1 reads=0 cleanup=0 refs=1 tagA=0 tagB=0
CBPF_GUARD case=duplicate_release result=PASS acquired=1 released=1 reads=0 cleanup=0 refs=1 public_tag=1 canonical=1 tagA=0 failed=1 failure_return=1 native_bpf=0 scope=trusted_resolver
CBPF_M3 kernel=6.7.0-cbpf-ownership normal_verifier=1 attached=0
CBPF_M3 case=ab_spill phase=begin expected=execute
CBPF_NATIVE accepted insns=26 words=165 entry=ffff8000812c2970 restricted_exit=118 executive_exit=119 template_check=pass
CBPF_NATIVE map pc=0 begin=56 end=60 code=b7 op=0
CBPF_NATIVE map pc=1 begin=60 end=65 code=85 op=1
CBPF_NATIVE map pc=2 begin=65 end=66 code=15 op=0
CBPF_NATIVE map pc=3 begin=66 end=67 code=bf op=0
CBPF_NATIVE map pc=4 begin=67 end=68 code=7b op=0
CBPF_NATIVE map pc=5 begin=68 end=72 code=b7 op=0
CBPF_NATIVE map pc=6 begin=72 end=77 code=85 op=1
CBPF_NATIVE map pc=7 begin=77 end=78 code=15 op=0
CBPF_NATIVE map pc=8 begin=78 end=79 code=bf op=0
CBPF_NATIVE map pc=9 begin=79 end=80 code=79 op=0
CBPF_NATIVE map pc=10 begin=80 end=81 code=bf op=0
CBPF_NATIVE map pc=11 begin=81 end=86 code=85 op=3
CBPF_NATIVE map pc=12 begin=86 end=87 code=bf op=0
CBPF_NATIVE map pc=13 begin=87 end=92 code=85 op=2
CBPF_NATIVE map pc=14 begin=92 end=93 code=bf op=0
CBPF_NATIVE map pc=15 begin=93 end=94 code=bf op=0
CBPF_NATIVE map pc=16 begin=94 end=99 code=85 op=3
CBPF_NATIVE map pc=17 begin=99 end=100 code=bf op=0
CBPF_NATIVE map pc=18 begin=100 end=101 code=95 op=0
CBPF_NATIVE map pc=19 begin=101 end=102 code=79 op=0
CBPF_NATIVE map pc=20 begin=102 end=103 code=bf op=0
CBPF_NATIVE map pc=21 begin=103 end=108 code=85 op=3
CBPF_NATIVE map pc=22 begin=108 end=112 code=b7 op=0
CBPF_NATIVE map pc=23 begin=112 end=113 code=95 op=0
CBPF_NATIVE map pc=24 begin=113 end=117 code=b7 op=0
CBPF_NATIVE map pc=25 begin=117 end=118 code=95 op=0
CBPF_M3 verifier_begin
CBPF_M3 verifier_end
CBPF_ENTER restricted_base=0xffff8000812c29d4 restricted_size=376 executive_base=0xffff8000812c2b4c executive_size=184 stack_base=0xffff0000001cf6e0 stack_size=16 rddc_tag=0 gate_sealed=1
CBPF_BIND pc=1 id=1 cell=ffff0000001cf7c0 object=ffff800080f27e08 public_tag=1 public_base=0xffff0000001cf7c0 public_length=16 public_perms=0x20001
CBPF_GATE seq=1 event=acquire pc=1 id=1 acquired=1 released=0 reads=0 cleanup=0 refs=2 tagA=1 tagB=0
CBPF_BIND pc=6 id=2 cell=ffff0000001cf7d0 object=ffff800080f27e08 public_tag=1 public_base=0xffff0000001cf7d0 public_length=16 public_perms=0x20001
CBPF_GATE seq=2 event=acquire pc=6 id=2 acquired=2 released=0 reads=0 cleanup=0 refs=3 tagA=1 tagB=1
CBPF_GATE seq=3 event=clear pc=11 id=1 acquired=2 released=0 reads=0 cleanup=0 refs=3 tagA=0 tagB=1
CBPF_GATE seq=4 event=release pc=11 id=1 acquired=2 released=1 reads=0 cleanup=0 refs=2 tagA=0 tagB=1
CBPF_GATE seq=5 event=read pc=13 id=2 acquired=2 released=1 reads=1 cleanup=0 refs=2 tagA=0 tagB=1
CBPF_GATE seq=6 event=clear pc=16 id=2 acquired=2 released=1 reads=1 cleanup=0 refs=2 tagA=0 tagB=0
CBPF_GATE seq=7 event=release pc=16 id=2 acquired=2 released=2 reads=1 cleanup=0 refs=1 tagA=0 tagB=0
CBPF_GATE seq=8 event=exit pc=18446744073709551615 id=0 acquired=2 released=2 reads=1 cleanup=0 refs=1 tagA=0 tagB=0
CBPF_RESULT value=42 entered=1 failed=0 balanced=1
CBPF_M3 case=ab_spill phase=end loaded=1 executed=1 retval=42 jited_len=660 load_errno=0 stage=execute result=PASS
CBPF_M3 case=ab_alternate phase=begin expected=execute
CBPF_NATIVE accepted insns=27 words=166 entry=ffff800081109914 restricted_exit=119 executive_exit=120 template_check=pass
CBPF_NATIVE map pc=0 begin=56 end=60 code=b7 op=0
CBPF_NATIVE map pc=1 begin=60 end=65 code=85 op=1
CBPF_NATIVE map pc=2 begin=65 end=66 code=bf op=0
CBPF_NATIVE map pc=3 begin=66 end=67 code=15 op=0
CBPF_NATIVE map pc=4 begin=67 end=68 code=7b op=0
CBPF_NATIVE map pc=5 begin=68 end=72 code=b7 op=0
CBPF_NATIVE map pc=6 begin=72 end=77 code=85 op=1
CBPF_NATIVE map pc=7 begin=77 end=78 code=bf op=0
CBPF_NATIVE map pc=8 begin=78 end=79 code=15 op=0
CBPF_NATIVE map pc=9 begin=79 end=80 code=79 op=0
CBPF_NATIVE map pc=10 begin=80 end=81 code=bf op=0
CBPF_NATIVE map pc=11 begin=81 end=86 code=85 op=3
CBPF_NATIVE map pc=12 begin=86 end=87 code=bf op=0
CBPF_NATIVE map pc=13 begin=87 end=92 code=85 op=2
CBPF_NATIVE map pc=14 begin=92 end=93 code=bf op=0
CBPF_NATIVE map pc=15 begin=93 end=94 code=bf op=0
CBPF_NATIVE map pc=16 begin=94 end=99 code=85 op=3
CBPF_NATIVE map pc=17 begin=99 end=100 code=bf op=0
CBPF_NATIVE map pc=18 begin=100 end=101 code=bf op=0
CBPF_NATIVE map pc=19 begin=101 end=102 code=95 op=0
CBPF_NATIVE map pc=20 begin=102 end=103 code=79 op=0
CBPF_NATIVE map pc=21 begin=103 end=104 code=bf op=0
CBPF_NATIVE map pc=22 begin=104 end=109 code=85 op=3
CBPF_NATIVE map pc=23 begin=109 end=113 code=b7 op=0
CBPF_NATIVE map pc=24 begin=113 end=114 code=95 op=0
CBPF_NATIVE map pc=25 begin=114 end=118 code=b7 op=0
CBPF_NATIVE map pc=26 begin=118 end=119 code=95 op=0
CBPF_M3 verifier_begin
CBPF_M3 verifier_end
CBPF_ENTER restricted_base=0xffff800081109978 restricted_size=380 executive_base=0xffff800081109af4 executive_size=184 stack_base=0xffff0000001cf6e0 stack_size=16 rddc_tag=0 gate_sealed=1
CBPF_BIND pc=1 id=1 cell=ffff0000001cf7c0 object=ffff800080f27e08 public_tag=1 public_base=0xffff0000001cf7c0 public_length=16 public_perms=0x20001
CBPF_GATE seq=1 event=acquire pc=1 id=1 acquired=1 released=0 reads=0 cleanup=0 refs=2 tagA=1 tagB=0
CBPF_BIND pc=6 id=2 cell=ffff0000001cf7d0 object=ffff800080f27e08 public_tag=1 public_base=0xffff0000001cf7d0 public_length=16 public_perms=0x20001
CBPF_GATE seq=2 event=acquire pc=6 id=2 acquired=2 released=0 reads=0 cleanup=0 refs=3 tagA=1 tagB=1
CBPF_GATE seq=3 event=clear pc=11 id=1 acquired=2 released=0 reads=0 cleanup=0 refs=3 tagA=0 tagB=1
CBPF_GATE seq=4 event=release pc=11 id=1 acquired=2 released=1 reads=0 cleanup=0 refs=2 tagA=0 tagB=1
CBPF_GATE seq=5 event=read pc=13 id=2 acquired=2 released=1 reads=1 cleanup=0 refs=2 tagA=0 tagB=1
CBPF_GATE seq=6 event=clear pc=16 id=2 acquired=2 released=1 reads=1 cleanup=0 refs=2 tagA=0 tagB=0
CBPF_GATE seq=7 event=release pc=16 id=2 acquired=2 released=2 reads=1 cleanup=0 refs=1 tagA=0 tagB=0
CBPF_GATE seq=8 event=exit pc=18446744073709551615 id=0 acquired=2 released=2 reads=1 cleanup=0 refs=1 tagA=0 tagB=0
CBPF_RESULT value=42 entered=1 failed=0 balanced=1
CBPF_M3 case=ab_alternate phase=end loaded=1 executed=1 retval=42 jited_len=664 load_errno=0 stage=execute result=PASS
CBPF_M3 case=null_second phase=begin expected=execute
CBPF_NATIVE accepted insns=26 words=165 entry=ffff80008110976c restricted_exit=118 executive_exit=119 template_check=pass
CBPF_NATIVE map pc=0 begin=56 end=60 code=b7 op=0
CBPF_NATIVE map pc=1 begin=60 end=65 code=85 op=1
CBPF_NATIVE map pc=2 begin=65 end=66 code=15 op=0
CBPF_NATIVE map pc=3 begin=66 end=67 code=bf op=0
CBPF_NATIVE map pc=4 begin=67 end=68 code=7b op=0
CBPF_NATIVE map pc=5 begin=68 end=72 code=b7 op=0
CBPF_NATIVE map pc=6 begin=72 end=77 code=85 op=1
CBPF_NATIVE map pc=7 begin=77 end=78 code=15 op=0
CBPF_NATIVE map pc=8 begin=78 end=79 code=bf op=0
CBPF_NATIVE map pc=9 begin=79 end=80 code=79 op=0
CBPF_NATIVE map pc=10 begin=80 end=81 code=bf op=0
CBPF_NATIVE map pc=11 begin=81 end=86 code=85 op=3
CBPF_NATIVE map pc=12 begin=86 end=87 code=bf op=0
CBPF_NATIVE map pc=13 begin=87 end=92 code=85 op=2
CBPF_NATIVE map pc=14 begin=92 end=93 code=bf op=0
CBPF_NATIVE map pc=15 begin=93 end=94 code=bf op=0
CBPF_NATIVE map pc=16 begin=94 end=99 code=85 op=3
CBPF_NATIVE map pc=17 begin=99 end=100 code=bf op=0
CBPF_NATIVE map pc=18 begin=100 end=101 code=95 op=0
CBPF_NATIVE map pc=19 begin=101 end=102 code=79 op=0
CBPF_NATIVE map pc=20 begin=102 end=103 code=bf op=0
CBPF_NATIVE map pc=21 begin=103 end=108 code=85 op=3
CBPF_NATIVE map pc=22 begin=108 end=112 code=b7 op=0
CBPF_NATIVE map pc=23 begin=112 end=113 code=95 op=0
CBPF_NATIVE map pc=24 begin=113 end=117 code=b7 op=0
CBPF_NATIVE map pc=25 begin=117 end=118 code=95 op=0
CBPF_M3 verifier_begin
CBPF_M3 verifier_end
CBPF_ENTER restricted_base=0xffff8000811097d0 restricted_size=376 executive_base=0xffff800081109948 executive_size=184 stack_base=0xffff0000001cf6e0 stack_size=16 rddc_tag=0 gate_sealed=1
CBPF_BIND pc=1 id=1 cell=ffff0000001cf7c0 object=ffff800080f27e08 public_tag=1 public_base=0xffff0000001cf7c0 public_length=16 public_perms=0x20001
CBPF_GATE seq=1 event=acquire pc=1 id=1 acquired=1 released=0 reads=0 cleanup=0 refs=2 tagA=1 tagB=0
CBPF_GATE seq=2 event=null pc=6 id=0 acquired=1 released=0 reads=0 cleanup=0 refs=2 tagA=1 tagB=0
CBPF_GATE seq=3 event=clear pc=21 id=1 acquired=1 released=0 reads=0 cleanup=0 refs=2 tagA=0 tagB=0
CBPF_GATE seq=4 event=release pc=21 id=1 acquired=1 released=1 reads=0 cleanup=0 refs=1 tagA=0 tagB=0
CBPF_GATE seq=5 event=exit pc=18446744073709551615 id=0 acquired=1 released=1 reads=0 cleanup=0 refs=1 tagA=0 tagB=0
CBPF_RESULT value=7 entered=1 failed=0 balanced=1
CBPF_M3 case=null_second phase=end loaded=1 executed=1 retval=7 jited_len=660 load_errno=0 stage=execute result=PASS
CBPF_M3 case=fail_second phase=begin expected=execute
CBPF_NATIVE accepted insns=26 words=165 entry=ffff800081109b20 restricted_exit=118 executive_exit=119 template_check=pass
CBPF_NATIVE map pc=0 begin=56 end=60 code=b7 op=0
CBPF_NATIVE map pc=1 begin=60 end=65 code=85 op=1
CBPF_NATIVE map pc=2 begin=65 end=66 code=15 op=0
CBPF_NATIVE map pc=3 begin=66 end=67 code=bf op=0
CBPF_NATIVE map pc=4 begin=67 end=68 code=7b op=0
CBPF_NATIVE map pc=5 begin=68 end=72 code=b7 op=0
CBPF_NATIVE map pc=6 begin=72 end=77 code=85 op=1
CBPF_NATIVE map pc=7 begin=77 end=78 code=15 op=0
CBPF_NATIVE map pc=8 begin=78 end=79 code=bf op=0
CBPF_NATIVE map pc=9 begin=79 end=80 code=79 op=0
CBPF_NATIVE map pc=10 begin=80 end=81 code=bf op=0
CBPF_NATIVE map pc=11 begin=81 end=86 code=85 op=3
CBPF_NATIVE map pc=12 begin=86 end=87 code=bf op=0
CBPF_NATIVE map pc=13 begin=87 end=92 code=85 op=2
CBPF_NATIVE map pc=14 begin=92 end=93 code=bf op=0
CBPF_NATIVE map pc=15 begin=93 end=94 code=bf op=0
CBPF_NATIVE map pc=16 begin=94 end=99 code=85 op=3
CBPF_NATIVE map pc=17 begin=99 end=100 code=bf op=0
CBPF_NATIVE map pc=18 begin=100 end=101 code=95 op=0
CBPF_NATIVE map pc=19 begin=101 end=102 code=79 op=0
CBPF_NATIVE map pc=20 begin=102 end=103 code=bf op=0
CBPF_NATIVE map pc=21 begin=103 end=108 code=85 op=3
CBPF_NATIVE map pc=22 begin=108 end=112 code=b7 op=0
CBPF_NATIVE map pc=23 begin=112 end=113 code=95 op=0
CBPF_NATIVE map pc=24 begin=113 end=117 code=b7 op=0
CBPF_NATIVE map pc=25 begin=117 end=118 code=95 op=0
CBPF_M3 verifier_begin
CBPF_M3 verifier_end
CBPF_ENTER restricted_base=0xffff800081109b84 restricted_size=376 executive_base=0xffff800081109cfc executive_size=184 stack_base=0xffff0000001cf6e0 stack_size=16 rddc_tag=0 gate_sealed=1
CBPF_BIND pc=1 id=1 cell=ffff0000001cf7c0 object=ffff800080f27e08 public_tag=1 public_base=0xffff0000001cf7c0 public_length=16 public_perms=0x20001
CBPF_GATE seq=1 event=acquire pc=1 id=1 acquired=1 released=0 reads=0 cleanup=0 refs=2 tagA=1 tagB=0
CBPF_GATE seq=2 event=reject pc=6 id=0 acquired=1 released=0 reads=0 cleanup=0 refs=2 tagA=1 tagB=0
CBPF_GATE seq=3 event=clear pc=18446744073709551615 id=1 acquired=1 released=0 reads=0 cleanup=0 refs=2 tagA=0 tagB=0
CBPF_GATE seq=4 event=cleanup pc=18446744073709551615 id=1 acquired=1 released=1 reads=0 cleanup=1 refs=1 tagA=0 tagB=0
CBPF_GATE seq=5 event=failed pc=18446744073709551615 id=0 acquired=1 released=1 reads=0 cleanup=1 refs=1 tagA=0 tagB=0
CBPF_RESULT value=0 entered=1 failed=1 balanced=1
CBPF_M3 case=fail_second phase=end loaded=1 executed=1 retval=0 jited_len=660 load_errno=0 stage=execute result=PASS
CBPF_M3 case=stale_copy phase=begin expected=reject
CBPF_M3 verifier_begin
CBPF_M3 verifier_end
CBPF_M3 case=stale_copy phase=end loaded=0 executed=0 retval=0 jited_len=0 load_errno=22 stage=load result=PASS
CBPF_M3 case=stale_spill phase=begin expected=reject
CBPF_M3 verifier_begin
CBPF_M3 verifier_end
CBPF_M3 case=stale_spill phase=end loaded=0 executed=0 retval=0 jited_len=0 load_errno=22 stage=load result=PASS
CBPF_M3 case=duplicate_release phase=begin expected=reject
CBPF_M3 verifier_begin
CBPF_M3 verifier_end
CBPF_M3 case=duplicate_release phase=end loaded=0 executed=0 retval=0 jited_len=0 load_errno=22 stage=load result=PASS
CBPF_M3 result=PASS
CBPF ownership_runner=PASS milestone=M3 qemu_exit=0 executed=4 rejected=3 trusted_checks=3
CBPF retained evidence: ${REPOSITORY}/build/m4-reproduction.o5y2sbxz/snapshot/build/ownership-m3-run.4B6VVP
