[2J[01;01H[=3h[2J[01;01HEFI stub: Booting Linux Kernel...
EFI stub: EFI_RNG_PROTOCOL unavailable
EFI stub: Loaded initrd from LINUX_EFI_INITRD_MEDIA_GUID device path
EFI stub: Generating empty DTB
EFI stub: Exiting boot services...
CBPF_KFUNC kernel_release=6.7.0-cbpf-kfunc-stock
CBPF_KFUNC scope=linux_kfunc_binding runtime_cheri=0 normal_verifier=1
CBPF_KFUNC module_btf_id=2 acquire_id=80850 read_id=80852 release_id=80854
CBPF_KFUNC trace pc=0 code=0xb7 dst=1 src=0 off=0 imm=0
CBPF_KFUNC trace pc=1 code=0x85 dst=0 src=2 off=1 imm=80850
CBPF_KFUNC trace pc=2 code=0x15 dst=0 src=0 off=19 imm=0
CBPF_KFUNC trace pc=3 code=0xbf dst=6 src=0 off=0 imm=0
CBPF_KFUNC trace pc=4 code=0xbf dst=8 src=6 off=0 imm=0
CBPF_KFUNC trace pc=5 code=0xb7 dst=1 src=0 off=0 imm=0
CBPF_KFUNC trace pc=6 code=0x85 dst=0 src=2 off=1 imm=80850
CBPF_KFUNC trace pc=7 code=0x15 dst=0 src=0 off=10 imm=0
CBPF_KFUNC trace pc=8 code=0xbf dst=7 src=0 off=0 imm=0
CBPF_KFUNC trace pc=9 code=0xbf dst=1 src=8 off=0 imm=0
CBPF_KFUNC trace pc=10 code=0x85 dst=0 src=2 off=1 imm=80854
CBPF_KFUNC trace pc=11 code=0xbf dst=1 src=7 off=0 imm=0
CBPF_KFUNC trace pc=12 code=0x85 dst=0 src=2 off=1 imm=80852
CBPF_KFUNC trace pc=13 code=0xbf dst=9 src=0 off=0 imm=0
CBPF_KFUNC trace pc=14 code=0xbf dst=1 src=7 off=0 imm=0
CBPF_KFUNC trace pc=15 code=0x85 dst=0 src=2 off=1 imm=80854
CBPF_KFUNC trace pc=16 code=0xbf dst=0 src=9 off=0 imm=0
CBPF_KFUNC trace pc=17 code=0x95 dst=0 src=0 off=0 imm=0
CBPF_KFUNC trace pc=18 code=0xbf dst=1 src=8 off=0 imm=0
CBPF_KFUNC trace pc=19 code=0x85 dst=0 src=2 off=1 imm=80854
CBPF_KFUNC trace pc=20 code=0xb7 dst=0 src=0 off=0 imm=7
CBPF_KFUNC trace pc=21 code=0x95 dst=0 src=0 off=0 imm=0
CBPF_KFUNC trace pc=22 code=0xb7 dst=0 src=0 off=0 imm=0
CBPF_KFUNC trace pc=23 code=0x95 dst=0 src=0 off=0 imm=0
CBPF_KFUNC case=ab_copy_a6 kind=valid executed=1 retval=42 jited_len=288 acquisitions=2 releases=2 reads=1 live=0 object_refs=1 result=PASS
CBPF_KFUNC case=null_b_copy_a6 kind=valid executed=1 retval=7 jited_len=288 acquisitions=1 releases=1 reads=0 live=0 object_refs=1 result=PASS
CBPF_KFUNC case=ab_spill8_a6 kind=valid executed=1 retval=42 jited_len=296 acquisitions=2 releases=2 reads=1 live=0 object_refs=1 result=PASS
CBPF_KFUNC case=null_b_spill8_a6 kind=valid executed=1 retval=7 jited_len=296 acquisitions=1 releases=1 reads=0 live=0 object_refs=1 result=PASS
CBPF_KFUNC case=ab_spill16_a6 kind=valid executed=1 retval=42 jited_len=296 acquisitions=2 releases=2 reads=1 live=0 object_refs=1 result=PASS
CBPF_KFUNC case=null_b_spill16_a6 kind=valid executed=1 retval=7 jited_len=296 acquisitions=1 releases=1 reads=0 live=0 object_refs=1 result=PASS
CBPF_KFUNC case=ab_copy_a7 kind=valid executed=1 retval=42 jited_len=288 acquisitions=2 releases=2 reads=1 live=0 object_refs=1 result=PASS
CBPF_KFUNC case=null_b_copy_a7 kind=valid executed=1 retval=7 jited_len=288 acquisitions=1 releases=1 reads=0 live=0 object_refs=1 result=PASS
CBPF_KFUNC case=ab_spill8_a7 kind=valid executed=1 retval=42 jited_len=296 acquisitions=2 releases=2 reads=1 live=0 object_refs=1 result=PASS
CBPF_KFUNC case=null_b_spill8_a7 kind=valid executed=1 retval=7 jited_len=296 acquisitions=1 releases=1 reads=0 live=0 object_refs=1 result=PASS
CBPF_KFUNC case=ab_spill16_a7 kind=valid executed=1 retval=42 jited_len=296 acquisitions=2 releases=2 reads=1 live=0 object_refs=1 result=PASS
CBPF_KFUNC case=null_b_spill16_a7 kind=valid executed=1 retval=7 jited_len=296 acquisitions=1 releases=1 reads=0 live=0 object_refs=1 result=PASS
CBPF_KFUNC case=first_null kind=valid executed=1 retval=0 jited_len=160 acquisitions=0 releases=0 reads=0 live=0 object_refs=1 result=PASS
CBPF_KFUNC case=repeat_ab_spill16_a7 kind=valid executed=32 retval=42 jited_len=296 acquisitions=64 releases=64 reads=32 live=0 object_refs=1 result=PASS
CBPF_KFUNC verifier_begin case=stale_copy
func#0 @0
0: R1=ctx(off=0,imm=0) R10=fp0
0: (b7) r1 = 0                        ; R1_w=0
1: (85) call cbpf_ref_acquire#80850   ; R0_w=ptr_or_null_cbpf_ref(id=2,ref_obj_id=2,off=0,imm=0) refs=2
2: (15) if r0 == 0x0 goto pc+6        ; R0_w=ptr_cbpf_ref(ref_obj_id=2,off=0,imm=0) refs=2
3: (bf) r6 = r0                       ; R0_w=ptr_cbpf_ref(ref_obj_id=2,off=0,imm=0) R6_w=ptr_cbpf_ref(ref_obj_id=2,off=0,imm=0) refs=2
4: (bf) r8 = r6                       ; R6_w=ptr_cbpf_ref(ref_obj_id=2,off=0,imm=0) R8_w=ptr_cbpf_ref(ref_obj_id=2,off=0,imm=0) refs=2
5: (bf) r1 = r6                       ; R1_w=ptr_cbpf_ref(ref_obj_id=2,off=0,imm=0) R6_w=ptr_cbpf_ref(ref_obj_id=2,off=0,imm=0) refs=2
6: (85) call cbpf_ref_release#80854   ;
7: (bf) r1 = r8                       ; R1_w=scalar(id=3) R8=scalar(id=3)
8: (85) call cbpf_ref_read#80852
arg#0 pointer type STRUCT cbpf_ref must point to scalar, or struct with scalar
processed 9 insns (limit 1000000) max_states_per_insn 0 total_states 1 peak_states 1 mark_read 1
CBPF_KFUNC verifier_end case=stale_copy
CBPF_KFUNC case=stale_copy kind=reject executed=0 errno=22 result=PASS
CBPF_KFUNC verifier_begin case=stale_spill
func#0 @0
0: R1=ctx(off=0,imm=0) R10=fp0
0: (b7) r1 = 0                        ; R1_w=0
1: (85) call cbpf_ref_acquire#80850   ; R0_w=ptr_or_null_cbpf_ref(id=2,ref_obj_id=2,off=0,imm=0) refs=2
2: (15) if r0 == 0x0 goto pc+7        ; R0_w=ptr_cbpf_ref(ref_obj_id=2,off=0,imm=0) refs=2
3: (bf) r6 = r0                       ; R0_w=ptr_cbpf_ref(ref_obj_id=2,off=0,imm=0) R6_w=ptr_cbpf_ref(ref_obj_id=2,off=0,imm=0) refs=2
4: (7b) *(u64 *)(r10 -8) = r6         ; R6_w=ptr_cbpf_ref(ref_obj_id=2,off=0,imm=0) R10=fp0 fp-8_w=ptr_ refs=2
5: (bf) r1 = r6                       ; R1_w=ptr_cbpf_ref(ref_obj_id=2,off=0,imm=0) R6_w=ptr_cbpf_ref(ref_obj_id=2,off=0,imm=0) refs=2
6: (85) call cbpf_ref_release#80854   ;
7: (79) r8 = *(u64 *)(r10 -8)         ; R8_w=scalar() R10=fp0 fp-8=
8: (bf) r1 = r8                       ; R1_w=scalar(id=3) R8_w=scalar(id=3)
9: (85) call cbpf_ref_read#80852
arg#0 pointer type STRUCT cbpf_ref must point to scalar, or struct with scalar
processed 10 insns (limit 1000000) max_states_per_insn 0 total_states 1 peak_states 1 mark_read 1
CBPF_KFUNC verifier_end case=stale_spill
CBPF_KFUNC case=stale_spill kind=reject executed=0 errno=22 result=PASS
CBPF_KFUNC verifier_begin case=double_release
func#0 @0
0: R1=ctx(off=0,imm=0) R10=fp0
0: (b7) r1 = 0                        ; R1_w=0
1: (85) call cbpf_ref_acquire#80850   ; R0_w=ptr_or_null_cbpf_ref(id=2,ref_obj_id=2,off=0,imm=0) refs=2
2: (15) if r0 == 0x0 goto pc+6        ; R0_w=ptr_cbpf_ref(ref_obj_id=2,off=0,imm=0) refs=2
3: (bf) r6 = r0                       ; R0_w=ptr_cbpf_ref(ref_obj_id=2,off=0,imm=0) R6_w=ptr_cbpf_ref(ref_obj_id=2,off=0,imm=0) refs=2
4: (bf) r8 = r6                       ; R6_w=ptr_cbpf_ref(ref_obj_id=2,off=0,imm=0) R8_w=ptr_cbpf_ref(ref_obj_id=2,off=0,imm=0) refs=2
5: (bf) r1 = r6                       ; R1_w=ptr_cbpf_ref(ref_obj_id=2,off=0,imm=0) R6_w=ptr_cbpf_ref(ref_obj_id=2,off=0,imm=0) refs=2
6: (85) call cbpf_ref_release#80854   ;
7: (bf) r1 = r8                       ; R1_w=scalar(id=3) R8=scalar(id=3)
8: (85) call cbpf_ref_release#80854
arg#0 pointer type STRUCT cbpf_ref must point to scalar, or struct with scalar
processed 9 insns (limit 1000000) max_states_per_insn 0 total_states 1 peak_states 1 mark_read 1
CBPF_KFUNC verifier_end case=double_release
CBPF_KFUNC case=double_release kind=reject executed=0 errno=22 result=PASS
CBPF_KFUNC verifier_begin case=missing_null
func#0 @0
0: R1=ctx(off=0,imm=0) R10=fp0
0: (b7) r1 = 0                        ; R1_w=0
1: (85) call cbpf_ref_acquire#80850   ; R0_w=ptr_or_null_cbpf_ref(id=2,ref_obj_id=2,off=0,imm=0) refs=2
2: (bf) r6 = r0                       ; R0_w=ptr_or_null_cbpf_ref(id=2,ref_obj_id=2,off=0,imm=0) R6_w=ptr_or_null_cbpf_ref(id=2,ref_obj_id=2,off=0,imm=0) refs=2
3: (bf) r1 = r6                       ; R1_w=ptr_or_null_cbpf_ref(id=2,ref_obj_id=2,off=0,imm=0) R6_w=ptr_or_null_cbpf_ref(id=2,ref_obj_id=2,off=0,imm=0) refs=2
4: (85) call cbpf_ref_read#80852
Possibly NULL pointer passed to trusted arg0
processed 5 insns (limit 1000000) max_states_per_insn 0 total_states 0 peak_states 0 mark_read 0
CBPF_KFUNC verifier_end case=missing_null
CBPF_KFUNC case=missing_null kind=reject executed=0 errno=13 result=PASS
CBPF_KFUNC verifier_begin case=leaked_ref
func#0 @0
0: R1=ctx(off=0,imm=0) R10=fp0
0: (b7) r1 = 0                        ; R1_w=0
1: (85) call cbpf_ref_acquire#80850   ; R0_w=ptr_or_null_cbpf_ref(id=2,ref_obj_id=2,off=0,imm=0) refs=2
2: (15) if r0 == 0x0 goto pc+1        ; R0_w=ptr_cbpf_ref(ref_obj_id=2,off=0,imm=0) refs=2
3: (bf) r6 = r0                       ; R0_w=ptr_cbpf_ref(ref_obj_id=2,off=0,imm=0) R6_w=ptr_cbpf_ref(ref_obj_id=2,off=0,imm=0) refs=2
4: (b7) r0 = 0                        ; R0_w=0 refs=2
5: (95) exit
Unreleased reference id=2 alloc_insn=1
processed 6 insns (limit 1000000) max_states_per_insn 0 total_states 0 peak_states 0 mark_read 0
CBPF_KFUNC verifier_end case=leaked_ref
CBPF_KFUNC case=leaked_ref kind=reject executed=0 errno=22 result=PASS
CBPF_KFUNC positive_cases=13 rejected_cases=5 repeated_runs=32 executed_total=45 acquisitions=82 releases=82 reads=38 live=0 object_refs=1
CBPF_KFUNC result=PASS
[    1.868353] reboot: Power down
