[2J[01;01H[=3h[2J[01;01HEFI stub: Booting Linux Kernel...
EFI stub: EFI_RNG_PROTOCOL unavailable
EFI stub: Loaded initrd from LINUX_EFI_INITRD_MEDIA_GUID device path
EFI stub: Generating empty DTB
EFI stub: Exiting boot services...
[    0.000000] Booting Linux on physical CPU 0x0000000000 [0x410fd083]
[    0.000000] Linux version 6.7.0-capebpf-provider-wide (capebpf@provider-cve) (clang version 17.0.0 (https://git.morello-project.org/morello/llvm-project.git 7956a8d20652883f845a41094645174eb92d1960), LLD 17.0.0) #1 SMP PREEMPT 2026-09-04 00:00:00 UTC
[    0.000000] Userspace ABI: pure-capability (PCuABI)
[    0.000000] KASLR disabled due to lack of seed
[    0.000000] efi: EFI v2.7 by EDK II
[    0.000000] efi: SMBIOS 3.0=0xbf700000 MEMATTR=0xbd403018 ACPI 2.0=0xbbf70018 INITRD=0xbc373c18 MEMRESERVE=0xbc373c98 
[    0.000000] ACPI: Early table checksum verification disabled
[    0.000000] ACPI: RSDP 0x00000000BBF70018 000024 (v02 BOCHS )
[    0.000000] ACPI: XSDT 0x00000000BBF7FE98 000064 (v01 BOCHS  BXPC     00000001      01000013)
[    0.000000] ACPI: FACP 0x00000000BBF7FA98 00010C (v05 BOCHS  BXPC     00000001 BXPC 00000001)
[    0.000000] ACPI: DSDT 0x00000000BBF77518 0014A2 (v02 BOCHS  BXPC     00000001 BXPC 00000001)
[    0.000000] ACPI: APIC 0x00000000BBF7FC18 000198 (v03 BOCHS  BXPC     00000001 BXPC 00000001)
[    0.000000] ACPI: PPTT 0x00000000BBF7D898 00009C (v02 BOCHS  BXPC     00000001 BXPC 00000001)
[    0.000000] ACPI: GTDT 0x00000000BBF7E818 000060 (v02 BOCHS  BXPC     00000001 BXPC 00000001)
[    0.000000] ACPI: MCFG 0x00000000BBF7E918 00003C (v01 BOCHS  BXPC     00000001 BXPC 00000001)
[    0.000000] ACPI: SPCR 0x00000000BBF7FF98 000050 (v02 BOCHS  BXPC     00000001 BXPC 00000001)
[    0.000000] ACPI: DBG2 0x00000000BBF7E418 000057 (v00 BOCHS  BXPC     00000001 BXPC 00000001)
[    0.000000] ACPI: IORT 0x00000000BBF7E718 000080 (v03 BOCHS  BXPC     00000001 BXPC 00000001)
[    0.000000] ACPI: SPCR: console: pl011,mmio,0x9000000,9600
[    0.000000] NUMA: Failed to initialise from firmware
[    0.000000] NUMA: Faking a node at [mem 0x0000000040000000-0x00000000bfffffff]
[    0.000000] NUMA: NODE_DATA [mem 0xbfbf5ac0-0xbfbf7fff]
[    0.000000] Zone ranges:
[    0.000000]   DMA      [mem 0x0000000040000000-0x00000000bfffffff]
[    0.000000]   DMA32    empty
[    0.000000]   Normal   empty
[    0.000000] Movable zone start for each node
[    0.000000] Early memory node ranges
[    0.000000]   node   0: [mem 0x0000000040000000-0x00000000bbf7ffff]
[    0.000000]   node   0: [mem 0x00000000bbf80000-0x00000000bbffffff]
[    0.000000]   node   0: [mem 0x00000000bc000000-0x00000000bc01ffff]
[    0.000000]   node   0: [mem 0x00000000bc020000-0x00000000bc36ffff]
[    0.000000]   node   0: [mem 0x00000000bc370000-0x00000000bf64ffff]
[    0.000000]   node   0: [mem 0x00000000bf650000-0x00000000bf6dffff]
[    0.000000]   node   0: [mem 0x00000000bf6e0000-0x00000000bf6effff]
[    0.000000]   node   0: [mem 0x00000000bf6f0000-0x00000000bf80ffff]
[    0.000000]   node   0: [mem 0x00000000bf810000-0x00000000bfffffff]
[    0.000000] Initmem setup node 0 [mem 0x0000000040000000-0x00000000bfffffff]
[    0.000000] psci: probing for conduit method from ACPI.
[    0.000000] psci: PSCIv1.1 detected in firmware.
[    0.000000] psci: Using standard PSCI v0.2 function IDs
[    0.000000] psci: Trusted OS migration not required
[    0.000000] psci: SMC Calling Convention v1.0
[    0.000000] percpu: Embedded 34 pages/cpu s98984 r8192 d32088 u139264
[    0.000000] pcpu-alloc: s98984 r8192 d32088 u139264 alloc=34*4096
[    0.000000] pcpu-alloc: [0] 0 [0] 1 [0] 2 [0] 3 
[    0.000000] Detected PIPT I-cache on CPU0
[    0.000000] CPU features: detected: GIC system register CPU interface
[    0.000000] CPU features: detected: Morello Capability Architecture
[    0.000000] CPU features: detected: Spectre-v2
[    0.000000] CPU features: detected: Spectre-v3a
[    0.000000] CPU features: detected: Spectre-v4
[    0.000000] CPU features: detected: Spectre-BHB
[    0.000000] CPU features: kernel page table isolation disabled by kernel configuration
[    0.000000] CPU features: detected: ARM erratum 1742098
[    0.000000] CPU features: detected: ARM errata 1165522, 1319367, or 1530923
[    0.000000] alternatives: applying boot alternatives
[    0.000000] Kernel command line: console=ttyAMA0 loglevel=8 rdinit=/kernel-identity panic=-1 capebpf.jit-harden=0 capebpf.jit_certificate_report=1 capebpf.jit_certificate_transcript=1 capebpf.exploit_evidence=1 -- --mode=wide --case=unsafe initrd=initrd
[    0.000000] Dentry cache hash table entries: 262144 (order: 9, 2097152 bytes, linear)
[    0.000000] Inode-cache hash table entries: 131072 (order: 8, 1048576 bytes, linear)
[    0.000000] Fallback order for Node 0: 0 
[    0.000000] Built 1 zonelists, mobility grouping on.  Total pages: 516096
[    0.000000] Policy zone: DMA
[    0.000000] mem auto-init: stack:all(zero), heap alloc:off, heap free:off
[    0.000000] software IO TLB: SWIOTLB bounce buffer size adjusted to 2MB
[    0.000000] software IO TLB: area num 4.
[    0.000000] software IO TLB: mapped [mem 0x00000000bd203000-0x00000000bd403000] (2MB)
[    0.000000] Memory: 2029836K/2097152K available (11392K kernel code, 1894K rwdata, 3996K rodata, 960K init, 553K bss, 67316K reserved, 0K cma-reserved)
[    0.000000] SLUB: HWalign=64, Order=0-3, MinObjects=0, CPUs=4, Nodes=1
[    0.000000] trace event string verifier disabled
[    0.000000] rcu: Preemptible hierarchical RCU implementation.
[    0.000000] rcu: 	RCU event tracing is enabled.
[    0.000000] rcu: 	RCU restricting CPUs from NR_CPUS=256 to nr_cpu_ids=4.
[    0.000000] 	Trampoline variant of Tasks RCU enabled.
[    0.000000] 	Tracing variant of Tasks RCU enabled.
[    0.000000] rcu: RCU calculated value of scheduler-enlistment delay is 25 jiffies.
[    0.000000] rcu: Adjusting geometry for rcu_fanout_leaf=16, nr_cpu_ids=4
[    0.000000] NR_IRQS: 64, nr_irqs: 64, preallocated irqs: 0
[    0.000000] GICv3: 224 SPIs implemented
[    0.000000] GICv3: 0 Extended SPIs implemented
[    0.000000] Root IRQ handler: gic_handle_irq
[    0.000000] GICv3: GICv3 features: 16 PPIs
[    0.000000] GICv3: CPU0: found redistributor 0 region 0:0x00000000080a0000
[    0.000000] ITS [mem 0x08080000-0x0809ffff]
[    0.000000] ITS@0x0000000008080000: allocated 8192 Devices @40100000 (indirect, esz 8, psz 64K, shr 1)
[    0.000000] ITS@0x0000000008080000: allocated 8192 Interrupt Collections @40110000 (flat, esz 8, psz 64K, shr 1)
[    0.000000] GICv3: using LPI property table @0x0000000040120000
[    0.000000] GICv3: CPU0: using allocated LPI pending table @0x0000000040130000
[    0.000000] rcu: srcu_init: Setting srcu_struct sizes based on contention.
[    0.000000] arch_timer: cp15 timer(s) running at 62.50MHz (virt).
[    0.000000] clocksource: arch_sys_counter: mask: 0x1ffffffffffffff max_cycles: 0x1cd42e208c, max_idle_ns: 881590405314 ns
[    0.000169] sched_clock: 57 bits at 63MHz, resolution 16ns, wraps every 4398046511096ns
[    0.025962] Console: colour dummy device 80x25
[    0.029418] ACPI: Core revision 20230628
[    0.039391] Calibrating delay loop (skipped), value calculated using timer frequency.. 125.00 BogoMIPS (lpj=250000)
[    0.039846] pid_max: default: 32768 minimum: 301
[    0.043774] LSM: initializing lsm=capability,selinux,integrity
[    0.044974] SELinux:  Initializing.
[    0.050801] Mount-cache hash table entries: 4096 (order: 3, 32768 bytes, linear)
[    0.050979] Mountpoint-cache hash table entries: 4096 (order: 3, 32768 bytes, linear)
[    0.165497] RCU Tasks: Setting shift to 2 and lim to 1 rcu_task_cb_adjust=1.
[    0.168429] RCU Tasks Trace: Setting shift to 2 and lim to 1 rcu_task_cb_adjust=1.
[    0.172793] rcu: Hierarchical SRCU implementation.
[    0.172905] rcu: 	Max phase no-delay instances is 1000.
[    0.185611] Platform MSI: ITS@0x8080000 domain created
[    0.186491] PCI/MSI: ITS@0x8080000 domain created
[    0.187178] Remapping and enabling EFI services.
[    0.196111] smp: Bringing up secondary CPUs ...
[    0.209396] Detected PIPT I-cache on CPU1
[    0.216212] GICv3: CPU1: found redistributor 1 region 0:0x00000000080c0000
[    0.216489] GICv3: CPU1: using allocated LPI pending table @0x0000000040140000
[    0.217147] CPU1: Booted secondary processor 0x0000000001 [0x410fd083]
[    0.233111] Detected PIPT I-cache on CPU2
[    0.233302] GICv3: CPU2: found redistributor 2 region 0:0x00000000080e0000
[    0.233504] GICv3: CPU2: using allocated LPI pending table @0x0000000040150000
[    0.234073] CPU2: Booted secondary processor 0x0000000002 [0x410fd083]
[    0.243439] Detected PIPT I-cache on CPU3
[    0.243644] GICv3: CPU3: found redistributor 3 region 0:0x0000000008100000
[    0.243864] GICv3: CPU3: using allocated LPI pending table @0x0000000040160000
[    0.244496] CPU3: Booted secondary processor 0x0000000003 [0x410fd083]
[    0.246819] smp: Brought up 1 node, 4 CPUs
[    0.247094] SMP: Total of 4 processors activated.
[    0.247531] CPU features: detected: Common not Private translations
[    0.247571] CPU features: detected: CRC32 instructions
[    0.247754] CPU features: detected: RCpc load-acquire (LDAPR)
[    0.247779] CPU features: detected: LSE atomic instructions
[    0.247810] CPU features: detected: Privileged Access Never
[    0.287485] CPU: All CPU(s) started at EL1
[    0.306939] alternatives: applying system-wide alternatives
[    0.476942] devtmpfs: initialized
[    0.527308] clocksource: jiffies: mask: 0xffffffff max_cycles: 0xffffffff, max_idle_ns: 7645041785100000 ns
[    0.529489] futex hash table entries: 1024 (order: 4, 65536 bytes, linear)
[    0.577900] SMBIOS 3.0.0 present.
[    0.578842] DMI: QEMU QEMU Virtual Machine, BIOS 0.0.0 02/06/2015
[    0.604166] NET: Registered PF_NETLINK/PF_ROUTE protocol family
[    0.620046] DMA: preallocated 256 KiB GFP_KERNEL pool for atomic allocations
[    0.621075] DMA: preallocated 256 KiB GFP_KERNEL|GFP_DMA pool for atomic allocations
[    0.621332] DMA: preallocated 256 KiB GFP_KERNEL|GFP_DMA32 pool for atomic allocations
[    0.622170] audit: initializing netlink subsys (disabled)
[    0.629780] audit: type=2000 audit(0.500:1): state=initialized audit_enabled=0 res=1
[    0.641036] thermal_sys: Registered thermal governor 'step_wise'
[    0.646557] cpuidle: using governor menu
[    0.650116] hw-breakpoint: found 8 breakpoint and 8 watchpoint registers.
[    0.652774] ASID allocator initialised with 65536 entries
[    0.655845] Serial: AMBA PL011 UART driver
[    0.666331] Modules: 28032 pages in range for non-PLT usage
[    0.666426] Modules: 519552 pages in range for PLT usage
[    0.723714] HugeTLB: registered 1.00 GiB page size, pre-allocated 0 pages
[    0.723825] HugeTLB: 0 KiB vmemmap can be freed for a 1.00 GiB page
[    0.723936] HugeTLB: registered 32.0 MiB page size, pre-allocated 0 pages
[    0.723965] HugeTLB: 0 KiB vmemmap can be freed for a 32.0 MiB page
[    0.723999] HugeTLB: registered 2.00 MiB page size, pre-allocated 0 pages
[    0.724022] HugeTLB: 0 KiB vmemmap can be freed for a 2.00 MiB page
[    0.724056] HugeTLB: registered 64.0 KiB page size, pre-allocated 0 pages
[    0.724078] HugeTLB: 0 KiB vmemmap can be freed for a 64.0 KiB page
[    0.790210] ACPI: Added _OSI(Module Device)
[    0.790319] ACPI: Added _OSI(Processor Device)
[    0.790352] ACPI: Added _OSI(3.0 _SCP Extensions)
[    0.790378] ACPI: Added _OSI(Processor Aggregator Device)
[    0.864230] ACPI: 1 ACPI AML tables successfully acquired and loaded
[    0.929325] ACPI: Interpreter enabled
[    0.929484] ACPI: Using GIC for interrupt routing
[    0.932049] ACPI: MCFG table detected, 1 entries
[    1.196003] ARMH0011:00: ttyAMA0 at MMIO 0x9000000 (irq = 12, base_baud = 0) is a SBSA
[    1.198698] printk: legacy console [ttyAMA0] enabled
[    1.339658] ACPI: PCI Root Bridge [PCI0] (domain 0000 [bus 00-ff])
[    1.344465] acpi PNP0A08:00: _OSC: OS supports [ExtendedConfig ASPM ClockPM Segments MSI HPX-Type3]
[    1.345338] acpi PNP0A08:00: PCIe port services disabled; not requesting _OSC control
[    1.364425] acpi PNP0A08:00: ECAM area [mem 0x4010000000-0x401fffffff] reserved by PNP0C02:00
[    1.366510] acpi PNP0A08:00: ECAM at [mem 0x4010000000-0x401fffffff] for [bus 00-ff]
[    1.368573] ACPI: Remapped I/O 0x000000003eff0000 to [io  0x0000-0xffff window]
[    1.375353] PCI host bridge to bus 0000:00
[    1.376085] pci_bus 0000:00: root bus resource [mem 0x10000000-0x3efeffff window]
[    1.376391] pci_bus 0000:00: root bus resource [io  0x0000-0xffff window]
[    1.376625] pci_bus 0000:00: root bus resource [mem 0x8000000000-0xffffffffff window]
[    1.377139] pci_bus 0000:00: root bus resource [bus 00-ff]
[    1.382478] pci 0000:00:00.0: [1b36:0008] type 00 class 0x060000
[    1.393619] pci 0000:00:01.0: [1af4:1000] type 00 class 0x020000
[    1.394466] pci 0000:00:01.0: reg 0x10: [io  0x0000-0x001f]
[    1.394810] pci 0000:00:01.0: reg 0x14: [mem 0x10040000-0x10040fff]
[    1.395553] pci 0000:00:01.0: reg 0x20: [mem 0x8000000000-0x8000003fff 64bit pref]
[    1.396157] pci 0000:00:01.0: reg 0x30: [mem 0xfffc0000-0xffffffff pref]
[    1.401915] pci 0000:00:01.0: BAR 6: assigned [mem 0x10000000-0x1003ffff pref]
[    1.402729] pci 0000:00:01.0: BAR 4: assigned [mem 0x8000000000-0x8000003fff 64bit pref]
[    1.403337] pci 0000:00:01.0: BAR 1: assigned [mem 0x10040000-0x10040fff]
[    1.404679] pci 0000:00:01.0: BAR 0: assigned [io  0x1000-0x101f]
[    1.405529] pci_bus 0000:00: resource 4 [mem 0x10000000-0x3efeffff window]
[    1.405819] pci_bus 0000:00: resource 5 [io  0x0000-0xffff window]
[    1.406039] pci_bus 0000:00: resource 6 [mem 0x8000000000-0xffffffffff window]
[    1.409484] ACPI: PCI: Interrupt link GSI0 configured for IRQ 35
[    1.410015] ACPI: PCI: Interrupt link GSI1 configured for IRQ 36
[    1.410364] ACPI: PCI: Interrupt link GSI2 configured for IRQ 37
[    1.410692] ACPI: PCI: Interrupt link GSI3 configured for IRQ 38
[    1.416770] iommu: Default domain type: Translated
[    1.417353] iommu: DMA domain TLB invalidation policy: strict mode
[    1.421668] SCSI subsystem initialized
[    1.425017] libata version 3.00 loaded.
[    1.427686] ACPI: bus type USB registered
[    1.429081] usbcore: registered new interface driver usbfs
[    1.430350] usbcore: registered new interface driver hub
[    1.430982] usbcore: registered new device driver usb
[    1.432563] pps_core: LinuxPPS API ver. 1 registered
[    1.432958] pps_core: Software ver. 5.3.6 - Copyright 2005-2007 Rodolfo Giometti <giometti@linux.it>
[    1.433818] PTP clock support registered
[    1.437090] scmi_core: SCMI protocol bus registered
[    1.443619] efivars: Registered efivars operations
[    1.476010] vgaarb: loaded
[    1.481126] clocksource: Switched to clocksource arch_sys_counter
[    1.502646] VFS: Disk quotas dquot_6.6.0
[    1.503301] VFS: Dquot-cache hash table entries: 512 (order 0, 4096 bytes)
[    1.520681] pnp: PnP ACPI init
[    1.536466] system 00:00: [mem 0x4010000000-0x401fffffff window] could not be reserved
[    1.537572] pnp: PnP ACPI: found 1 devices
[    1.638335] NET: Registered PF_INET protocol family
[    1.644385] IP idents hash table entries: 32768 (order: 6, 262144 bytes, linear)
[    1.658223] tcp_listen_portaddr_hash hash table entries: 1024 (order: 2, 16384 bytes, linear)
[    1.658830] Table-perturb hash table entries: 65536 (order: 6, 262144 bytes, linear)
[    1.659229] TCP established hash table entries: 16384 (order: 5, 131072 bytes, linear)
[    1.661863] TCP bind hash table entries: 16384 (order: 7, 524288 bytes, linear)
[    1.665168] TCP: Hash tables configured (established 16384 bind 16384)
[    1.670061] UDP hash table entries: 1024 (order: 3, 32768 bytes, linear)
[    1.671100] UDP-Lite hash table entries: 1024 (order: 3, 32768 bytes, linear)
[    1.674333] NET: Registered PF_UNIX/PF_LOCAL protocol family
[    1.682464] RPC: Registered named UNIX socket transport module.
[    1.682811] RPC: Registered udp transport module.
[    1.682985] RPC: Registered tcp transport module.
[    1.683142] RPC: Registered tcp-with-tls transport module.
[    1.683311] RPC: Registered tcp NFSv4.1 backchannel transport module.
[    1.684944] PCI: CLS 0 bytes, default 64
[    1.698841] Unpacking initramfs...
[    1.725138] workingset: timestamp_bits=42 max_order=19 bucket_order=0
[    1.752478] 9p: Installing v9fs 9p2000 file system support
[    1.785567] Freeing initrd memory: 72K
[    1.793626] Block layer SCSI generic (bsg) driver version 0.4 loaded (major 249)
[    1.794180] io scheduler mq-deadline registered
[    1.794466] io scheduler kyber registered
[    1.795269] io scheduler bfq registered
[    1.821571] input: Power Button as /devices/LNXSYSTM:00/LNXSYBUS:00/PNP0C0C:00/input/input0
[    1.824613] ACPI: button: Power Button [PWRB]
[    1.833529] EINJ: EINJ table not found.
[    1.969248] ACPI: bus type drm_connector registered
[    2.038182] loop: module loaded
[    2.049311] tun: Universal TUN/TAP device driver, 1.6
[    2.054698] usbcore: registered new interface driver usb-storage
[    2.057888] mousedev: PS/2 mouse device common for all mice
[    2.073467] rtc-efi rtc-efi.0: registered as rtc0
[    2.076645] rtc-efi rtc-efi.0: setting system clock to 2026-09-04T22:30:24 UTC (1788561024)
[    2.081406] device-mapper: ioctl: 4.48.0-ioctl (2023-03-01) initialised: dm-devel@redhat.com
[    2.086615] pstore: Using crash dump compression: deflate
[    2.087174] pstore: Registered efi_pstore as persistent store backend
[    2.093077] usbcore: registered new interface driver usbhid
[    2.093346] usbhid: USB HID core driver
[    2.103791] hw perfevents: enabled with armv8_pmuv3_0 PMU driver, 5 counters available
[    2.110540]  cs_system_cfg: CoreSight Configuration manager initialised
[    2.124482] IPVS: Registered protocols ()
[    2.125047] IPVS: Connection hash table configured (size=4096, memory=32Kbytes)
[    2.130756] IPVS: ipvs loaded.
[    2.134958] NET: Registered PF_INET6 protocol family
[    2.152719] Segment Routing with IPv6
[    2.153460] In-situ OAM (IOAM) with IPv6
[    2.155283] sit: IPv6, IPv4 and MPLS over IPv4 tunneling driver
[    2.164685] NET: Registered PF_PACKET protocol family
[    2.166129] Bridge firewalling registered
[    2.169321] 9pnet: Installing 9P2000 support
[    2.171094] bpf_jit: CAPEBPF_JIT_POLICY certificate_report=1 certificate_transcript=1 certificate_mutation=0 exploit_evidence=1
[    2.219170] registered taskstats version 1
[    2.295231] clk: Disabling unused clocks
[    2.396036] Freeing unused kernel memory: 960K
[    2.399187] Run /kernel-identity as init process
[    2.399421]   with arguments:
[    2.399552]     /kernel-identity
[    2.399948]     --mode=wide
[    2.400057]     --case=unsafe
[    2.400154]     initrd=initrd
[    2.400256]   with environment:
[    2.400372]     HOME=/
[    2.400468]     TERM=linux
CAPEBPF_KERNEL_ID release=6.7.0-capebpf-provider-wide
CAPEBPF_PROVENANCE guest_binding_sha256=30d4d49c62ae2a34cafedd8f3e313c9979b61836dfabe34694f9300dca3f55fd source_revision=4e4604875fbf4144f9ce456bc6d60f3ef55da4d0 source_tree=b0d57e3a9532e91435202be0ed8b5a17765bb354
BPF_JIT_HARDEN=0
FIXTURE_BEGIN schema=1 mode=wide case=unsafe
FIXTURE_PROGRAM name=cve3490_ops instructions=48 bytes=384 fnv1a64=de1904150ca961f9 relocations=4,14 hex=b700000000000000630afcff00000000bfa200000000000007020000fcffffff18110000000000000000000000000000850000000100000055000100000000009500000000000000bf07000000000000b700000000000000630afcff00000000bfa200000000000007020000fcffffff18110000000000000000000000000000850000000100000055000100000000009500000000000000bf02000000000000bf73000000000000b4000000000000007927000000000000bf74000000000000b4050000ffffffff67050000200000005f540000000000000704000001000000b705000001000000670500002000000007050000020000005f540000000000000704000001000000b60701000100000095000000000000000f74000000000000bc440000000000005704000001000000bf48000000000000070300000010000027080000ff0f00001f830000000000001f4300000000000027040000100100001f4300000000000079360000000000007b620800000000009500000000000000
FIXTURE_PROGRAM name=valid_array instructions=10 bytes=80 fnv1a64=8d7c5c72300ab186 relocations=4 hex=b700000000000000630afcff00000000bfa200000000000007020000fcffffff181100000000000000000000000000008500000001000000150001000000000061000000000000009500000000000000
FIXTURE_MAPS source_fd=3 source_id=1 sink_fd=4 sink_id=2 value_size=4919 max_entries=1
FIXTURE_SINK phase=before bytes_0_15=0000000000000000b6b6a5a5d4d4c3c3 word_at_8=0xc3c3d4d4a5a5b6b6 fnv1a64=36c487aa1ff6bccf
[    2.888780] bpf_jit: CERT_BEGIN program=cve3490_ops bpf_len=48 native_len=142 body_start=64 body_end=124 epilogue_start=124 plt_start=139 stack_size=16 executive_return_size=56 image=0xffff8000813f7bb4
[    2.889566] bpf_jit: CERT_ENVELOPE program=cve3490_ops region=prologue start=0 end=64 policy=exact_template
[    2.889958] bpf_jit: CERT_IMAGE_WORD program=cve3490_ops region=prologue native=0 value=910003c9
[    2.890279] bpf_jit: CERT_IMAGE_WORD program=cve3490_ops region=prologue native=1 value=d503201f
[    2.890544] bpf_jit: CERT_IMAGE_WORD program=cve3490_ops region=prologue native=2 value=a9bf7bfd
[    2.890806] bpf_jit: CERT_IMAGE_WORD program=cve3490_ops region=prologue native=3 value=910003fd
[    2.891120] bpf_jit: CERT_IMAGE_WORD program=cve3490_ops region=prologue native=4 value=a9bf53f3
[    2.891376] bpf_jit: CERT_IMAGE_WORD program=cve3490_ops region=prologue native=5 value=a9bf5bf5
[    2.891799] bpf_jit: CERT_IMAGE_WORD program=cve3490_ops region=prologue native=6 value=a9bf63f7
[    2.892143] bpf_jit: CERT_IMAGE_WORD program=cve3490_ops region=prologue native=7 value=a9bf6bf9
[    2.892402] bpf_jit: CERT_IMAGE_WORD program=cve3490_ops region=prologue native=8 value=a9bf73fb
[    2.892656] bpf_jit: CERT_IMAGE_WORD program=cve3490_ops region=prologue native=9 value=a9bf7fff
[    2.892917] bpf_jit: CERT_IMAGE_WORD program=cve3490_ops region=prologue native=10 value=d10043ff
[    2.893172] bpf_jit: CERT_IMAGE_WORD program=cve3490_ops region=prologue native=11 value=f90003e9
[    2.893428] bpf_jit: CERT_IMAGE_WORD program=cve3490_ops region=prologue native=12 value=91000004
[    2.893681] bpf_jit: CERT_IMAGE_WORD program=cve3490_ops region=prologue native=13 value=910003e0
[    2.893946] bpf_jit: CERT_IMAGE_WORD program=cve3490_ops region=prologue native=14 value=52800201
[    2.894198] bpf_jit: CERT_IMAGE_WORD program=cve3490_ops region=prologue native=15 value=10000dc2
[    2.894453] bpf_jit: CERT_IMAGE_WORD program=cve3490_ops region=prologue native=16 value=52800703
[    2.894704] bpf_jit: CERT_IMAGE_WORD program=cve3490_ops region=prologue native=17 value=52800005
[    2.894964] bpf_jit: CERT_IMAGE_WORD program=cve3490_ops region=prologue native=18 value=9285efe6
[    2.895217] bpf_jit: CERT_IMAGE_WORD program=cve3490_ops region=prologue native=19 value=f2a005a6
[    2.895471] bpf_jit: CERT_IMAGE_WORD program=cve3490_ops region=prologue native=20 value=f2c00006
[    2.895894] bpf_jit: CERT_IMAGE_WORD program=cve3490_ops region=prologue native=21 value=52800047
[    2.896240] bpf_jit: CERT_IMAGE_WORD program=cve3490_ops region=prologue native=22 value=92902fea
[    2.896499] bpf_jit: CERT_IMAGE_WORD program=cve3490_ops region=prologue native=23 value=f2b0006a
[    2.896762] bpf_jit: CERT_IMAGE_WORD program=cve3490_ops region=prologue native=24 value=f2d0000a
[    2.897019] bpf_jit: CERT_IMAGE_WORD program=cve3490_ops region=prologue native=25 value=d63f0140
[    2.897276] bpf_jit: CERT_IMAGE_WORD program=cve3490_ops region=prologue native=26 value=b4000060
[    2.897531] bpf_jit: CERT_IMAGE_WORD program=cve3490_ops region=prologue native=27 value=d2800007
[    2.897789] bpf_jit: CERT_IMAGE_WORD program=cve3490_ops region=prologue native=28 value=14000061
[    2.898043] bpf_jit: CERT_IMAGE_WORD program=cve3490_ops region=prologue native=29 value=d2800000
[    2.898297] bpf_jit: CERT_IMAGE_WORD program=cve3490_ops region=prologue native=30 value=d2800001
[    2.898549] bpf_jit: CERT_IMAGE_WORD program=cve3490_ops region=prologue native=31 value=d2800002
[    2.898807] bpf_jit: CERT_IMAGE_WORD program=cve3490_ops region=prologue native=32 value=d2800003
[    2.899060] bpf_jit: CERT_IMAGE_WORD program=cve3490_ops region=prologue native=33 value=d2800004
[    2.899323] bpf_jit: CERT_IMAGE_WORD program=cve3490_ops region=prologue native=34 value=d2800005
[    2.899568] bpf_jit: CERT_IMAGE_WORD program=cve3490_ops region=prologue native=35 value=d2800006
[    2.899974] bpf_jit: CERT_IMAGE_WORD program=cve3490_ops region=prologue native=36 value=d2800007
[    2.900331] bpf_jit: CERT_IMAGE_WORD program=cve3490_ops region=prologue native=37 value=d2800008
[    2.900563] bpf_jit: CERT_IMAGE_WORD program=cve3490_ops region=prologue native=38 value=d2800009
[    2.900794] bpf_jit: CERT_IMAGE_WORD program=cve3490_ops region=prologue native=39 value=d280000a
[    2.901022] bpf_jit: CERT_IMAGE_WORD program=cve3490_ops region=prologue native=40 value=d280000b
[    2.901248] bpf_jit: CERT_IMAGE_WORD program=cve3490_ops region=prologue native=41 value=d280000c
[    2.901473] bpf_jit: CERT_IMAGE_WORD program=cve3490_ops region=prologue native=42 value=d280000d
[    2.901700] bpf_jit: CERT_IMAGE_WORD program=cve3490_ops region=prologue native=43 value=d280000e
[    2.901931] bpf_jit: CERT_IMAGE_WORD program=cve3490_ops region=prologue native=44 value=d2800013
[    2.902158] bpf_jit: CERT_IMAGE_WORD program=cve3490_ops region=prologue native=45 value=d2800014
[    2.902381] bpf_jit: CERT_IMAGE_WORD program=cve3490_ops region=prologue native=46 value=d2800015
[    2.902611] bpf_jit: CERT_IMAGE_WORD program=cve3490_ops region=prologue native=47 value=d2800016
[    2.902839] bpf_jit: CERT_IMAGE_WORD program=cve3490_ops region=prologue native=48 value=d2800017
[    2.903065] bpf_jit: CERT_IMAGE_WORD program=cve3490_ops region=prologue native=49 value=d2800018
[    2.903288] bpf_jit: CERT_IMAGE_WORD program=cve3490_ops region=prologue native=50 value=d2800019
[    2.903526] bpf_jit: CERT_IMAGE_WORD program=cve3490_ops region=prologue native=51 value=d280001a
[    2.903930] bpf_jit: CERT_IMAGE_WORD program=cve3490_ops region=prologue native=52 value=d280001b
[    2.904259] bpf_jit: CERT_IMAGE_WORD program=cve3490_ops region=prologue native=53 value=d280001c
[    2.904499] bpf_jit: CERT_IMAGE_WORD program=cve3490_ops region=prologue native=54 value=d280001d
[    2.904745] bpf_jit: CERT_IMAGE_WORD program=cve3490_ops region=prologue native=55 value=c2c1d200
[    2.904986] bpf_jit: CERT_IMAGE_WORD program=cve3490_ops region=prologue native=56 value=d2800010
[    2.905227] bpf_jit: CERT_IMAGE_WORD program=cve3490_ops region=prologue native=57 value=c2c1d3f9
[    2.905465] bpf_jit: CERT_IMAGE_WORD program=cve3490_ops region=prologue native=58 value=02804339
[    2.905707] bpf_jit: CERT_IMAGE_WORD program=cve3490_ops region=prologue native=59 value=c2c83b39
[    2.905950] bpf_jit: CERT_IMAGE_WORD program=cve3490_ops region=prologue native=60 value=02004339
[    2.906192] bpf_jit: CERT_IMAGE_WORD program=cve3490_ops region=prologue native=61 value=d280001a
[    2.906429] bpf_jit: CERT_IMAGE_WORD program=cve3490_ops region=prologue native=62 value=d100033b
[    2.906672] bpf_jit: CERT_IMAGE_WORD program=cve3490_ops region=prologue native=63 value=d10043ff
[    2.906961] bpf_jit: CERT_ENVELOPE program=cve3490_ops region=software_stub start=124 end=124 policy=exact_template
[    2.907314] bpf_jit: CERT_ENVELOPE program=cve3490_ops region=epilogue start=124 end=139 policy=exact_template
[    2.907837] bpf_jit: CERT_IMAGE_WORD program=cve3490_ops region=epilogue native=124 value=c2c253c0
[    2.908148] bpf_jit: CERT_IMAGE_WORD program=cve3490_ops region=epilogue native=125 value=910043ff
[    2.908400] bpf_jit: CERT_IMAGE_WORD program=cve3490_ops region=epilogue native=126 value=c24003f0
[    2.908648] bpf_jit: CERT_IMAGE_WORD program=cve3490_ops region=epilogue native=127 value=910043ff
[    2.908898] bpf_jit: CERT_IMAGE_WORD program=cve3490_ops region=epilogue native=128 value=a8c173fb
[    2.909143] bpf_jit: CERT_IMAGE_WORD program=cve3490_ops region=epilogue native=129 value=a8c16bf9
[    2.909385] bpf_jit: CERT_IMAGE_WORD program=cve3490_ops region=epilogue native=130 value=a8c163f7
[    2.909631] bpf_jit: CERT_IMAGE_WORD program=cve3490_ops region=epilogue native=131 value=a8c15bf5
[    2.909885] bpf_jit: CERT_IMAGE_WORD program=cve3490_ops region=epilogue native=132 value=a8c153f3
[    2.910134] bpf_jit: CERT_IMAGE_WORD program=cve3490_ops region=epilogue native=133 value=a8c17bfd
[    2.910375] bpf_jit: CERT_IMAGE_WORD program=cve3490_ops region=epilogue native=134 value=910000e0
[    2.910618] bpf_jit: CERT_IMAGE_WORD program=cve3490_ops region=epilogue native=135 value=c2c0920a
[    2.910868] bpf_jit: CERT_IMAGE_WORD program=cve3490_ops region=epilogue native=136 value=b400004a
[    2.911112] bpf_jit: CERT_IMAGE_WORD program=cve3490_ops region=epilogue native=137 value=c2c25203
[    2.911353] bpf_jit: CERT_IMAGE_WORD program=cve3490_ops region=epilogue native=138 value=d65f03c0
[    2.911841] bpf_jit: CERT_ENVELOPE program=cve3490_ops region=plt start=139 end=142 policy=exact_template
[    2.912225] bpf_jit: CERT_IMAGE_WORD program=cve3490_ops region=plt native=139 value=d503201f
[    2.912517] bpf_jit: CERT_IMAGE_WORD program=cve3490_ops region=plt native=140 value=5800004a
[    2.912768] bpf_jit: CERT_IMAGE_WORD program=cve3490_ops region=plt native=141 value=d61f0140
[    2.913144] bpf_jit: CERT_SOURCE program=cve3490_ops bpf=0 code=b7 dst=0 src=0
[    2.913405] bpf_jit: CERT_STATE program=cve3490_ops bpf=0 dst_kind=64 src_kind=64 helper=4
[    2.913673] bpf_jit: CERT_RANGE program=cve3490_ops bpf=0 off=0 imm=0 start=64 end=65
[    2.913980] bpf_jit: CERT_WORD program=cve3490_ops bpf=0 native=64 value=d2800007
[    2.914245] bpf_jit: CERT_SOURCE program=cve3490_ops bpf=1 code=63 dst=10 src=0
[    2.914463] bpf_jit: CERT_STATE program=cve3490_ops bpf=1 dst_kind=2 src_kind=1 helper=4
[    2.914693] bpf_jit: CERT_RANGE program=cve3490_ops bpf=1 off=-4 imm=0 start=65 end=66
[    2.914943] bpf_jit: CERT_WORD program=cve3490_ops bpf=1 native=65 value=e29fc327
[    2.915156] bpf_jit: CERT_SOURCE program=cve3490_ops bpf=2 code=bf dst=2 src=10
[    2.915369] bpf_jit: CERT_STATE program=cve3490_ops bpf=2 dst_kind=64 src_kind=2 helper=4
[    2.915946] bpf_jit: CERT_RANGE program=cve3490_ops bpf=2 off=0 imm=0 start=66 end=67
[    2.916221] bpf_jit: CERT_WORD program=cve3490_ops bpf=2 native=66 value=c2c1d321
[    2.916443] bpf_jit: CERT_SOURCE program=cve3490_ops bpf=3 code=07 dst=2 src=0
[    2.916688] bpf_jit: CERT_STATE program=cve3490_ops bpf=3 dst_kind=2 src_kind=1 helper=4
[    2.916926] bpf_jit: CERT_RANGE program=cve3490_ops bpf=3 off=0 imm=-4 start=67 end=68
[    2.917155] bpf_jit: CERT_WORD program=cve3490_ops bpf=3 native=67 value=02801021
[    2.917368] bpf_jit: CERT_SOURCE program=cve3490_ops bpf=4 code=18 dst=1 src=0
[    2.917575] bpf_jit: CERT_STATE program=cve3490_ops bpf=4 dst_kind=4 src_kind=1 helper=4
[    2.917806] bpf_jit: CERT_RANGE program=cve3490_ops bpf=4 off=0 imm=19431424 start=68 end=69
[    2.918045] bpf_jit: CERT_WORD program=cve3490_ops bpf=4 native=68 value=52800000
[    2.918256] bpf_jit: CERT_SOURCE program=cve3490_ops bpf=5 code=00 dst=0 src=0
[    2.918464] bpf_jit: CERT_STATE program=cve3490_ops bpf=5 dst_kind=0 src_kind=0 helper=4
[    2.918688] bpf_jit: CERT_RANGE program=cve3490_ops bpf=5 off=0 imm=-65536 start=69 end=69
[    2.919081] bpf_jit: CERT_SOURCE program=cve3490_ops bpf=6 code=85 dst=0 src=0
[    2.919303] bpf_jit: CERT_STATE program=cve3490_ops bpf=6 dst_kind=1 src_kind=1 helper=0
[    2.919535] bpf_jit: CERT_RANGE program=cve3490_ops bpf=6 off=0 imm=284272 start=69 end=73
[    2.919947] bpf_jit: CERT_WORD program=cve3490_ops bpf=6 native=69 value=d2800004
[    2.920242] bpf_jit: CERT_WORD program=cve3490_ops bpf=6 native=70 value=c2c1d3cd
[    2.920465] bpf_jit: CERT_WORD program=cve3490_ops bpf=6 native=71 value=c2c23222
[    2.920681] bpf_jit: CERT_WORD program=cve3490_ops bpf=6 native=72 value=c2c1d007
[    2.920903] bpf_jit: CERT_SOURCE program=cve3490_ops bpf=7 code=55 dst=0 src=0
[    2.921112] bpf_jit: CERT_STATE program=cve3490_ops bpf=7 dst_kind=48 src_kind=48 helper=4
[    2.921347] bpf_jit: CERT_RANGE program=cve3490_ops bpf=7 off=1 imm=0 start=73 end=75
[    2.921582] bpf_jit: CERT_WORD program=cve3490_ops bpf=7 native=73 value=f10000ff
[    2.921804] bpf_jit: CERT_WORD program=cve3490_ops bpf=7 native=74 value=54000041
[    2.922014] bpf_jit: CERT_SOURCE program=cve3490_ops bpf=8 code=95 dst=0 src=0
[    2.922223] bpf_jit: CERT_STATE program=cve3490_ops bpf=8 dst_kind=32 src_kind=32 helper=4
[    2.922447] bpf_jit: CERT_RANGE program=cve3490_ops bpf=8 off=0 imm=0 start=75 end=76
[    2.922658] bpf_jit: CERT_WORD program=cve3490_ops bpf=8 native=75 value=14000031
[    2.922863] bpf_jit: CERT_SOURCE program=cve3490_ops bpf=9 code=bf dst=7 src=0
[    2.923058] bpf_jit: CERT_STATE program=cve3490_ops bpf=9 dst_kind=64 src_kind=16 helper=4
[    2.923277] bpf_jit: CERT_RANGE program=cve3490_ops bpf=9 off=0 imm=0 start=76 end=77
[    2.923489] bpf_jit: CERT_WORD program=cve3490_ops bpf=9 native=76 value=c2c1d0f4
[    2.923858] bpf_jit: CERT_SOURCE program=cve3490_ops bpf=10 code=b7 dst=0 src=0
[    2.924152] bpf_jit: CERT_STATE program=cve3490_ops bpf=10 dst_kind=16 src_kind=16 helper=4
[    2.924379] bpf_jit: CERT_RANGE program=cve3490_ops bpf=10 off=0 imm=0 start=77 end=78
[    2.924596] bpf_jit: CERT_WORD program=cve3490_ops bpf=10 native=77 value=d2800007
[    2.924832] bpf_jit: CERT_SOURCE program=cve3490_ops bpf=11 code=63 dst=10 src=0
[    2.925034] bpf_jit: CERT_STATE program=cve3490_ops bpf=11 dst_kind=2 src_kind=1 helper=4
[    2.925251] bpf_jit: CERT_RANGE program=cve3490_ops bpf=11 off=-4 imm=0 start=78 end=79
[    2.925470] bpf_jit: CERT_WORD program=cve3490_ops bpf=11 native=78 value=e29fc327
[    2.925668] bpf_jit: CERT_SOURCE program=cve3490_ops bpf=12 code=bf dst=2 src=10
[    2.925874] bpf_jit: CERT_STATE program=cve3490_ops bpf=12 dst_kind=64 src_kind=2 helper=4
[    2.926095] bpf_jit: CERT_RANGE program=cve3490_ops bpf=12 off=0 imm=0 start=79 end=80
[    2.926314] bpf_jit: CERT_WORD program=cve3490_ops bpf=12 native=79 value=c2c1d321
[    2.926679] bpf_jit: CERT_SOURCE program=cve3490_ops bpf=13 code=07 dst=2 src=0
[    2.926887] bpf_jit: CERT_STATE program=cve3490_ops bpf=13 dst_kind=2 src_kind=1 helper=4
[    2.927136] bpf_jit: CERT_RANGE program=cve3490_ops bpf=13 off=0 imm=-4 start=80 end=81
[    2.927374] bpf_jit: CERT_WORD program=cve3490_ops bpf=13 native=80 value=02801021
[    2.927716] bpf_jit: CERT_SOURCE program=cve3490_ops bpf=14 code=18 dst=1 src=0
[    2.927943] bpf_jit: CERT_STATE program=cve3490_ops bpf=14 dst_kind=64 src_kind=1 helper=4
[    2.928165] bpf_jit: CERT_RANGE program=cve3490_ops bpf=14 off=0 imm=19439616 start=81 end=82
[    2.928397] bpf_jit: CERT_WORD program=cve3490_ops bpf=14 native=81 value=52800020
[    2.928600] bpf_jit: CERT_SOURCE program=cve3490_ops bpf=15 code=00 dst=0 src=0
[    2.928805] bpf_jit: CERT_STATE program=cve3490_ops bpf=15 dst_kind=0 src_kind=0 helper=4
[    2.929020] bpf_jit: CERT_RANGE program=cve3490_ops bpf=15 off=0 imm=-65536 start=82 end=82
[    2.929247] bpf_jit: CERT_SOURCE program=cve3490_ops bpf=16 code=85 dst=0 src=0
[    2.929447] bpf_jit: CERT_STATE program=cve3490_ops bpf=16 dst_kind=1 src_kind=1 helper=0
[    2.929663] bpf_jit: CERT_RANGE program=cve3490_ops bpf=16 off=0 imm=284272 start=82 end=86
[    2.929897] bpf_jit: CERT_WORD program=cve3490_ops bpf=16 native=82 value=d2800004
[    2.930099] bpf_jit: CERT_WORD program=cve3490_ops bpf=16 native=83 value=c2c1d3cd
[    2.930301] bpf_jit: CERT_WORD program=cve3490_ops bpf=16 native=84 value=c2c23222
[    2.930501] bpf_jit: CERT_WORD program=cve3490_ops bpf=16 native=85 value=c2c1d007
[    2.930701] bpf_jit: CERT_SOURCE program=cve3490_ops bpf=17 code=55 dst=0 src=0
[    2.930904] bpf_jit: CERT_STATE program=cve3490_ops bpf=17 dst_kind=48 src_kind=48 helper=4
[    2.931124] bpf_jit: CERT_RANGE program=cve3490_ops bpf=17 off=1 imm=0 start=86 end=88
[    2.931338] bpf_jit: CERT_WORD program=cve3490_ops bpf=17 native=86 value=f10000ff
[    2.931650] bpf_jit: CERT_WORD program=cve3490_ops bpf=17 native=87 value=54000041
[    2.931875] bpf_jit: CERT_SOURCE program=cve3490_ops bpf=18 code=95 dst=0 src=0
[    2.932084] bpf_jit: CERT_STATE program=cve3490_ops bpf=18 dst_kind=32 src_kind=32 helper=4
[    2.932304] bpf_jit: CERT_RANGE program=cve3490_ops bpf=18 off=0 imm=0 start=88 end=89
[    2.932523] bpf_jit: CERT_WORD program=cve3490_ops bpf=18 native=88 value=14000024
[    2.932725] bpf_jit: CERT_SOURCE program=cve3490_ops bpf=19 code=bf dst=2 src=0
[    2.932933] bpf_jit: CERT_STATE program=cve3490_ops bpf=19 dst_kind=64 src_kind=16 helper=4
[    2.933152] bpf_jit: CERT_RANGE program=cve3490_ops bpf=19 off=0 imm=0 start=89 end=90
[    2.933369] bpf_jit: CERT_WORD program=cve3490_ops bpf=19 native=89 value=c2c1d0e1
[    2.933570] bpf_jit: CERT_SOURCE program=cve3490_ops bpf=20 code=bf dst=3 src=7
[    2.933772] bpf_jit: CERT_STATE program=cve3490_ops bpf=20 dst_kind=64 src_kind=16 helper=4
[    2.933995] bpf_jit: CERT_RANGE program=cve3490_ops bpf=20 off=0 imm=0 start=90 end=91
[    2.934208] bpf_jit: CERT_WORD program=cve3490_ops bpf=20 native=90 value=c2c1d282
[    2.934409] bpf_jit: CERT_SOURCE program=cve3490_ops bpf=21 code=b4 dst=0 src=0
[    2.934606] bpf_jit: CERT_STATE program=cve3490_ops bpf=21 dst_kind=16 src_kind=16 helper=4
[    2.934829] bpf_jit: CERT_RANGE program=cve3490_ops bpf=21 off=0 imm=0 start=91 end=92
[    2.935043] bpf_jit: CERT_WORD program=cve3490_ops bpf=21 native=91 value=52800007
[    2.935243] bpf_jit: CERT_SOURCE program=cve3490_ops bpf=22 code=79 dst=7 src=2
[    2.935441] bpf_jit: CERT_STATE program=cve3490_ops bpf=22 dst_kind=16 src_kind=16 helper=4
[    2.935762] bpf_jit: CERT_RANGE program=cve3490_ops bpf=22 off=0 imm=0 start=92 end=93
[    2.935989] bpf_jit: CERT_WORD program=cve3490_ops bpf=22 native=92 value=e2c00434
[    2.936194] bpf_jit: CERT_SOURCE program=cve3490_ops bpf=23 code=bf dst=4 src=7
[    2.936396] bpf_jit: CERT_STATE program=cve3490_ops bpf=23 dst_kind=64 src_kind=1 helper=4
[    2.936613] bpf_jit: CERT_RANGE program=cve3490_ops bpf=23 off=0 imm=0 start=93 end=94
[    2.936830] bpf_jit: CERT_WORD program=cve3490_ops bpf=23 native=93 value=c2c1d283
[    2.937031] bpf_jit: CERT_SOURCE program=cve3490_ops bpf=24 code=b4 dst=5 src=0
[    2.937228] bpf_jit: CERT_STATE program=cve3490_ops bpf=24 dst_kind=64 src_kind=1 helper=4
[    2.937448] bpf_jit: CERT_RANGE program=cve3490_ops bpf=24 off=0 imm=-1 start=94 end=95
[    2.937661] bpf_jit: CERT_WORD program=cve3490_ops bpf=24 native=94 value=12800004
[    2.937869] bpf_jit: CERT_SOURCE program=cve3490_ops bpf=25 code=67 dst=5 src=0
[    2.938066] bpf_jit: CERT_STATE program=cve3490_ops bpf=25 dst_kind=1 src_kind=1 helper=4
[    2.938279] bpf_jit: CERT_RANGE program=cve3490_ops bpf=25 off=0 imm=32 start=95 end=96
[    2.938494] bpf_jit: CERT_WORD program=cve3490_ops bpf=25 native=95 value=d3607c84
[    2.938693] bpf_jit: CERT_SOURCE program=cve3490_ops bpf=26 code=5f dst=4 src=5
[    2.938896] bpf_jit: CERT_STATE program=cve3490_ops bpf=26 dst_kind=1 src_kind=1 helper=4
[    2.939109] bpf_jit: CERT_RANGE program=cve3490_ops bpf=26 off=0 imm=0 start=96 end=97
[    2.939321] bpf_jit: CERT_WORD program=cve3490_ops bpf=26 native=96 value=8a040063
[    2.939615] bpf_jit: CERT_SOURCE program=cve3490_ops bpf=27 code=07 dst=4 src=0
[    2.939857] bpf_jit: CERT_STATE program=cve3490_ops bpf=27 dst_kind=1 src_kind=1 helper=4
[    2.940074] bpf_jit: CERT_RANGE program=cve3490_ops bpf=27 off=0 imm=1 start=97 end=98
[    2.940290] bpf_jit: CERT_WORD program=cve3490_ops bpf=27 native=97 value=91000463
[    2.940493] bpf_jit: CERT_SOURCE program=cve3490_ops bpf=28 code=b7 dst=5 src=0
[    2.940689] bpf_jit: CERT_STATE program=cve3490_ops bpf=28 dst_kind=1 src_kind=1 helper=4
[    2.940910] bpf_jit: CERT_RANGE program=cve3490_ops bpf=28 off=0 imm=1 start=98 end=99
[    2.941121] bpf_jit: CERT_WORD program=cve3490_ops bpf=28 native=98 value=d2800024
[    2.941324] bpf_jit: CERT_SOURCE program=cve3490_ops bpf=29 code=67 dst=5 src=0
[    2.941518] bpf_jit: CERT_STATE program=cve3490_ops bpf=29 dst_kind=1 src_kind=1 helper=4
[    2.941734] bpf_jit: CERT_RANGE program=cve3490_ops bpf=29 off=0 imm=32 start=99 end=100
[    2.941962] bpf_jit: CERT_WORD program=cve3490_ops bpf=29 native=99 value=d3607c84
[    2.942162] bpf_jit: CERT_SOURCE program=cve3490_ops bpf=30 code=07 dst=5 src=0
[    2.942363] bpf_jit: CERT_STATE program=cve3490_ops bpf=30 dst_kind=1 src_kind=1 helper=4
[    2.942574] bpf_jit: CERT_RANGE program=cve3490_ops bpf=30 off=0 imm=2 start=100 end=101
[    2.942797] bpf_jit: CERT_WORD program=cve3490_ops bpf=30 native=100 value=91000884
[    2.943000] bpf_jit: CERT_SOURCE program=cve3490_ops bpf=31 code=5f dst=4 src=5
[    2.943195] bpf_jit: CERT_STATE program=cve3490_ops bpf=31 dst_kind=1 src_kind=1 helper=4
[    2.943410] bpf_jit: CERT_RANGE program=cve3490_ops bpf=31 off=0 imm=0 start=101 end=102
[    2.943747] bpf_jit: CERT_WORD program=cve3490_ops bpf=31 native=101 value=8a040063
[    2.943968] bpf_jit: CERT_SOURCE program=cve3490_ops bpf=32 code=07 dst=4 src=0
[    2.944169] bpf_jit: CERT_STATE program=cve3490_ops bpf=32 dst_kind=1 src_kind=1 helper=4
[    2.944386] bpf_jit: CERT_RANGE program=cve3490_ops bpf=32 off=0 imm=1 start=102 end=103
[    2.944607] bpf_jit: CERT_WORD program=cve3490_ops bpf=32 native=102 value=91000463
[    2.944823] bpf_jit: CERT_SOURCE program=cve3490_ops bpf=33 code=b6 dst=7 src=0
[    2.945020] bpf_jit: CERT_STATE program=cve3490_ops bpf=33 dst_kind=1 src_kind=1 helper=4
[    2.945235] bpf_jit: CERT_RANGE program=cve3490_ops bpf=33 off=1 imm=1 start=103 end=105
[    2.945449] bpf_jit: CERT_WORD program=cve3490_ops bpf=33 native=103 value=7100069f
[    2.945652] bpf_jit: CERT_WORD program=cve3490_ops bpf=33 native=104 value=54000049
[    2.945858] bpf_jit: CERT_SOURCE program=cve3490_ops bpf=34 code=95 dst=0 src=0
[    2.946058] bpf_jit: CERT_STATE program=cve3490_ops bpf=34 dst_kind=1 src_kind=1 helper=4
[    2.946270] bpf_jit: CERT_RANGE program=cve3490_ops bpf=34 off=0 imm=0 start=105 end=106
[    2.946487] bpf_jit: CERT_WORD program=cve3490_ops bpf=34 native=105 value=14000013
[    2.946695] bpf_jit: CERT_SOURCE program=cve3490_ops bpf=35 code=0f dst=4 src=7
[    2.946897] bpf_jit: CERT_STATE program=cve3490_ops bpf=35 dst_kind=1 src_kind=1 helper=4
[    2.947113] bpf_jit: CERT_RANGE program=cve3490_ops bpf=35 off=0 imm=0 start=106 end=107
[    2.947328] bpf_jit: CERT_WORD program=cve3490_ops bpf=35 native=106 value=8b140063
[    2.947528] bpf_jit: CERT_SOURCE program=cve3490_ops bpf=36 code=bc dst=4 src=4
[    2.947821] bpf_jit: CERT_STATE program=cve3490_ops bpf=36 dst_kind=1 src_kind=1 helper=4
[    2.948070] bpf_jit: CERT_RANGE program=cve3490_ops bpf=36 off=0 imm=0 start=107 end=108
[    2.948289] bpf_jit: CERT_WORD program=cve3490_ops bpf=36 native=107 value=11000063
[    2.948492] bpf_jit: CERT_SOURCE program=cve3490_ops bpf=37 code=57 dst=4 src=0
[    2.948692] bpf_jit: CERT_STATE program=cve3490_ops bpf=37 dst_kind=1 src_kind=1 helper=4
[    2.948909] bpf_jit: CERT_RANGE program=cve3490_ops bpf=37 off=0 imm=1 start=108 end=109
[    2.949128] bpf_jit: CERT_WORD program=cve3490_ops bpf=37 native=108 value=92400063
[    2.949331] bpf_jit: CERT_SOURCE program=cve3490_ops bpf=38 code=bf dst=8 src=4
[    2.949527] bpf_jit: CERT_STATE program=cve3490_ops bpf=38 dst_kind=64 src_kind=1 helper=4
[    2.949746] bpf_jit: CERT_RANGE program=cve3490_ops bpf=38 off=0 imm=0 start=109 end=110
[    2.949964] bpf_jit: CERT_WORD program=cve3490_ops bpf=38 native=109 value=c2c1d075
[    2.950165] bpf_jit: CERT_SOURCE program=cve3490_ops bpf=39 code=07 dst=3 src=0
[    2.950360] bpf_jit: CERT_STATE program=cve3490_ops bpf=39 dst_kind=16 src_kind=1 helper=4
[    2.950579] bpf_jit: CERT_RANGE program=cve3490_ops bpf=39 off=0 imm=4096 start=110 end=112
[    2.950805] bpf_jit: CERT_WORD program=cve3490_ops bpf=39 native=110 value=023ffc42
[    2.951006] bpf_jit: CERT_WORD program=cve3490_ops bpf=39 native=111 value=02000442
[    2.951212] bpf_jit: CERT_SOURCE program=cve3490_ops bpf=40 code=27 dst=8 src=0
[    2.951406] bpf_jit: CERT_STATE program=cve3490_ops bpf=40 dst_kind=1 src_kind=1 helper=4
[    2.951894] bpf_jit: CERT_RANGE program=cve3490_ops bpf=40 off=0 imm=4095 start=112 end=114
[    2.952138] bpf_jit: CERT_WORD program=cve3490_ops bpf=40 native=112 value=d281ffea
[    2.952348] bpf_jit: CERT_WORD program=cve3490_ops bpf=40 native=113 value=9b0a7eb5
[    2.952543] bpf_jit: CERT_SOURCE program=cve3490_ops bpf=41 code=1f dst=3 src=8
[    2.952740] bpf_jit: CERT_STATE program=cve3490_ops bpf=41 dst_kind=16 src_kind=1 helper=4
[    2.952948] bpf_jit: CERT_RANGE program=cve3490_ops bpf=41 off=0 imm=0 start=114 end=116
[    2.953160] bpf_jit: CERT_WORD program=cve3490_ops bpf=41 native=114 value=cb1503ea
[    2.953360] bpf_jit: CERT_WORD program=cve3490_ops bpf=41 native=115 value=c2aae042
[    2.953554] bpf_jit: CERT_SOURCE program=cve3490_ops bpf=42 code=1f dst=3 src=4
[    2.953746] bpf_jit: CERT_STATE program=cve3490_ops bpf=42 dst_kind=16 src_kind=1 helper=4
[    2.953954] bpf_jit: CERT_RANGE program=cve3490_ops bpf=42 off=0 imm=0 start=116 end=118
[    2.954160] bpf_jit: CERT_WORD program=cve3490_ops bpf=42 native=116 value=cb0303ea
[    2.954352] bpf_jit: CERT_WORD program=cve3490_ops bpf=42 native=117 value=c2aae042
[    2.954544] bpf_jit: CERT_SOURCE program=cve3490_ops bpf=43 code=27 dst=4 src=0
[    2.954732] bpf_jit: CERT_STATE program=cve3490_ops bpf=43 dst_kind=1 src_kind=1 helper=4
[    2.954977] bpf_jit: CERT_RANGE program=cve3490_ops bpf=43 off=0 imm=272 start=118 end=120
[    2.955187] bpf_jit: CERT_WORD program=cve3490_ops bpf=43 native=118 value=d280220a
[    2.955382] bpf_jit: CERT_WORD program=cve3490_ops bpf=43 native=119 value=9b0a7c63
[    2.956336] bpf_jit: CERT_SOURCE program=cve3490_ops bpf=44 code=1f dst=3 src=4
[    2.956551] bpf_jit: CERT_STATE program=cve3490_ops bpf=44 dst_kind=16 src_kind=1 helper=4
[    2.956773] bpf_jit: CERT_RANGE program=cve3490_ops bpf=44 off=0 imm=0 start=120 end=122
[    2.956986] bpf_jit: CERT_WORD program=cve3490_ops bpf=44 native=120 value=cb0303ea
[    2.957184] bpf_jit: CERT_WORD program=cve3490_ops bpf=44 native=121 value=c2aae042
[    2.957376] bpf_jit: CERT_SOURCE program=cve3490_ops bpf=45 code=79 dst=6 src=3
[    2.957566] bpf_jit: CERT_STATE program=cve3490_ops bpf=45 dst_kind=64 src_kind=16 helper=4
[    2.957778] bpf_jit: CERT_RANGE program=cve3490_ops bpf=45 off=0 imm=0 start=122 end=123
[    2.957985] bpf_jit: CERT_WORD program=cve3490_ops bpf=45 native=122 value=e2c00453
[    2.958180] bpf_jit: CERT_SOURCE program=cve3490_ops bpf=46 code=7b dst=2 src=6
[    2.958365] bpf_jit: CERT_STATE program=cve3490_ops bpf=46 dst_kind=16 src_kind=1 helper=4
[    2.958572] bpf_jit: CERT_RANGE program=cve3490_ops bpf=46 off=8 imm=0 start=123 end=124
[    2.958786] bpf_jit: CERT_WORD program=cve3490_ops bpf=46 native=123 value=e2c08033
[    2.958977] bpf_jit: CERT_SOURCE program=cve3490_ops bpf=47 code=95 dst=0 src=0
[    2.959165] bpf_jit: CERT_STATE program=cve3490_ops bpf=47 dst_kind=1 src_kind=1 helper=4
[    2.959368] bpf_jit: CERT_RANGE program=cve3490_ops bpf=47 off=0 imm=0 start=124 end=124
[    2.959763] bpf_jit: CERT_END program=cve3490_ops covered_words=142
[    2.963629] bpf_jit: authority certificate accepted program cve3490_ops memory=5 stack=2 context=0 map=3 ringbuf=0 copies=5 pointer_arithmetic=6 helpers=2 map_lookup=2 ringbuf_reserve=0 ringbuf_submit=0 ringbuf_discard=0
[    2.964314] bpf_jit: CERT_DECISION program=cve3490_ops accepted=1 stage=complete covered_words=142 image_fnv1a64=370213523b4cdca1
FIXTURE_LOAD name=cve3490_ops accepted=1 errno=0 flags=0x80
FIXTURE_NATIVE name=cve3490_ops jited_len=568
[    2.975972] bpf_jit: ROOT_ATTEST kind=caller_return destination=c16_epilogue object=kernel_pcc object_id=0x0 expected_size=18446744073709551615 tag=1 sealed=1 base=0x0 length=18446744073709551615 address=0xffff800080957128 perms=0x3ffff
[    2.976650] bpf_jit: ROOT_ATTEST kind=context destination=c16 object=socket_context object_id=0xffff0000002f3000 expected_size=0 tag=0 sealed=0 base=0x0 length=18446744073709551615 address=0x0 perms=0x3ffff
[    2.977284] bpf_jit: ROOT_ATTEST kind=native_stack destination=rcsp_el0 object=jit_invocation_frame object_id=0xffff00000105b7f0 expected_size=16 tag=1 sealed=0 base=0xffff00000105b7f0 length=16 address=0xffff00000105b800 perms=0x37dfd
[    2.977990] bpf_jit: ROOT_ATTEST kind=restricted_code destination=pcc object=jit_restricted object_id=0xffff8000813f7c1c expected_size=396 tag=1 sealed=1 base=0xffff8000813f7c1c length=396 address=0xffff8000813f7c1c perms=0x3fdfd
[    2.978595] bpf_jit: ROOT_ATTEST kind=executive_return destination=clr object=jit_epilogue object_id=0xffff8000813f7da8 expected_size=56 tag=1 sealed=1 base=0xffff8000813f7da8 length=56 address=0xffff8000813f7da8 perms=0x3ffff
[    2.980019] PROVIDER_RECEIPT origin=hybrid_ddc_allocation_event mode=wide_control binding_valid=0 provider_id=1 map_id=1 map=0xffff000001288000 provider_ops=0xffff800080b57fb0 key=0 root_tag=1 root_base=0xffff000001288000 root_length=5240 root_perms=0x34dfd values_base=0xffff000001288110 values_length=4920 value_base=0xffff000001288110 value_length=4919 cap_tag=1 cap_base=0xffff000001288000 cap_length=5240 cap_address=0xffff000001288110 cap_perms=0x34dfd
[    2.981147] bpf_jit: ROOT_ATTEST kind=map_value destination=c0_helper_return object=map_value object_id=0xffff000001288110 expected_size=4919 tag=1 sealed=0 base=0xffff000001288000 length=5240 address=0xffff000001288110 perms=0x34dfd
[    2.981742] bpf_jit: EXPLOIT_CAP helper=map_lookup token=0 tag=1 map_id=1 map_type=2 selected=0xffff000001288110 value_size=4919 authority=wide_provider sealed=0 base=0xffff000001288000 length=5240 address=0xffff000001288110 perms=0x34dfd
[    2.982433] PROVIDER_RECEIPT origin=hybrid_ddc_allocation_event mode=wide_control binding_valid=0 provider_id=2 map_id=2 map=0xffff00000128a000 provider_ops=0xffff800080b57fb0 key=0 root_tag=1 root_base=0xffff00000128a000 root_length=5240 root_perms=0x34dfd values_base=0xffff00000128a110 values_length=4920 value_base=0xffff00000128a110 value_length=4919 cap_tag=1 cap_base=0xffff00000128a000 cap_length=5240 cap_address=0xffff00000128a110 cap_perms=0x34dfd
[    2.983353] bpf_jit: ROOT_ATTEST kind=map_value destination=c0_helper_return object=map_value object_id=0xffff00000128a110 expected_size=4919 tag=1 sealed=0 base=0xffff00000128a000 length=5240 address=0xffff00000128a110 perms=0x34dfd
[    2.983967] bpf_jit: EXPLOIT_CAP helper=map_lookup token=1 tag=1 map_id=2 map_type=2 selected=0xffff00000128a110 value_size=4919 authority=wide_provider sealed=0 base=0xffff00000128a000 length=5240 address=0xffff00000128a110 perms=0x34dfd
FIXTURE_EXEC name=cve3490_ops syscall_ok=1 retval=0 duration=9535936
FIXTURE_SINK phase=after bytes_0_15=0000000000000000b07fb5800080ffff word_at_8=0xffff800080b57fb0 fnv1a64=e128940966d77a21
FIXTURE_END mode=wide case=unsafe status=pass
BPF_JIT_SMOKE_STATUS=0
[    3.026095] reboot: Restarting system
