[2J[01;01H[=3h[2J[01;01HEFI stub: Booting Linux Kernel...
EFI stub: EFI_RNG_PROTOCOL unavailable
EFI stub: Loaded initrd from LINUX_EFI_INITRD_MEDIA_GUID device path
EFI stub: Generating empty DTB
EFI stub: Exiting boot services...
[    0.000000] Booting Linux on physical CPU 0x0000000000 [0x410fd083]
[    0.000000] Linux version 6.7.0-capebpf-gate4-btf (capebpf@gate4) (clang version 17.0.0 (https://git.morello-project.org/morello/llvm-project.git 7956a8d20652883f845a41094645174eb92d1960), LLD 17.0.0) #2 SMP PREEMPT 2026-09-04 00:00:00 UTC
[    0.000000] Userspace ABI: pure-capability (PCuABI)
[    0.000000] KASLR disabled due to lack of seed
[    0.000000] efi: EFI v2.7 by EDK II
[    0.000000] efi: SMBIOS 3.0=0xbf700000 MEMATTR=0xbcf8d018 ACPI 2.0=0xbbf70018 INITRD=0xbc373f18 MEMRESERVE=0xbc373f98 
[    0.000000] ACPI: Early table checksum verification disabled
[    0.000000] ACPI: RSDP 0x00000000BBF70018 000024 (v02 BOCHS )
[    0.000000] ACPI: XSDT 0x00000000BBF7FE98 000064 (v01 BOCHS  BXPC     00000001      01000013)
[    0.000000] ACPI: FACP 0x00000000BBF7FA98 00010C (v05 BOCHS  BXPC     00000001 BXPC 00000001)
[    0.000000] ACPI: DSDT 0x00000000BBF77518 00144C (v02 BOCHS  BXPC     00000001 BXPC 00000001)
[    0.000000] ACPI: APIC 0x00000000BBF7FC18 0000B4 (v03 BOCHS  BXPC     00000001 BXPC 00000001)
[    0.000000] ACPI: PPTT 0x00000000BBF7FD18 000060 (v02 BOCHS  BXPC     00000001 BXPC 00000001)
[    0.000000] ACPI: GTDT 0x00000000BBF7D898 000060 (v02 BOCHS  BXPC     00000001 BXPC 00000001)
[    0.000000] ACPI: MCFG 0x00000000BBF7FE18 00003C (v01 BOCHS  BXPC     00000001 BXPC 00000001)
[    0.000000] ACPI: SPCR 0x00000000BBF7FF98 000050 (v02 BOCHS  BXPC     00000001 BXPC 00000001)
[    0.000000] ACPI: DBG2 0x00000000BBF7E818 000057 (v00 BOCHS  BXPC     00000001 BXPC 00000001)
[    0.000000] ACPI: IORT 0x00000000BBF7E898 000080 (v03 BOCHS  BXPC     00000001 BXPC 00000001)
[    0.000000] ACPI: SPCR: console: pl011,mmio,0x9000000,9600
[    0.000000] NUMA: Failed to initialise from firmware
[    0.000000] NUMA: Faking a node at [mem 0x0000000040000000-0x00000000bfffffff]
[    0.000000] NUMA: NODE_DATA [mem 0xbfbf7ac0-0xbfbf9fff]
[    0.000000] Zone ranges:
[    0.000000]   DMA      [mem 0x0000000040000000-0x00000000bfffffff]
[    0.000000]   DMA32    empty
[    0.000000]   Normal   empty
[    0.000000] Movable zone start for each node
[    0.000000] Early memory node ranges
[    0.000000]   node   0: [mem 0x0000000040000000-0x00000000bbf7ffff]
[    0.000000]   node   0: [mem 0x00000000bbf80000-0x00000000bbffffff]
[    0.000000]   node   0: [mem 0x00000000bc000000-0x00000000bc01ffff]
[    0.000000]   node   0: [mem 0x00000000bc020000-0x00000000bc36ffff]
[    0.000000]   node   0: [mem 0x00000000bc370000-0x00000000bf64ffff]
[    0.000000]   node   0: [mem 0x00000000bf650000-0x00000000bf6dffff]
[    0.000000]   node   0: [mem 0x00000000bf6e0000-0x00000000bf6effff]
[    0.000000]   node   0: [mem 0x00000000bf6f0000-0x00000000bf80ffff]
[    0.000000]   node   0: [mem 0x00000000bf810000-0x00000000bfffffff]
[    0.000000] Initmem setup node 0 [mem 0x0000000040000000-0x00000000bfffffff]
[    0.000000] psci: probing for conduit method from ACPI.
[    0.000000] psci: PSCIv1.1 detected in firmware.
[    0.000000] psci: Using standard PSCI v0.2 function IDs
[    0.000000] psci: Trusted OS migration not required
[    0.000000] psci: SMC Calling Convention v1.0
[    0.000000] percpu: Embedded 34 pages/cpu s98984 r8192 d32088 u139264
[    0.000000] pcpu-alloc: s98984 r8192 d32088 u139264 alloc=34*4096
[    0.000000] pcpu-alloc: [0] 0 
[    0.000000] Detected PIPT I-cache on CPU0
[    0.000000] CPU features: detected: GIC system register CPU interface
[    0.000000] CPU features: detected: Morello Capability Architecture
[    0.000000] CPU features: detected: Spectre-v2
[    0.000000] CPU features: detected: Spectre-v3a
[    0.000000] CPU features: detected: Spectre-v4
[    0.000000] CPU features: detected: Spectre-BHB
[    0.000000] CPU features: kernel page table isolation disabled by kernel configuration
[    0.000000] CPU features: detected: ARM erratum 1742098
[    0.000000] CPU features: detected: ARM errata 1165522, 1319367, or 1530923
[    0.000000] alternatives: applying boot alternatives
[    0.000000] Kernel command line: console=ttyAMA0 loglevel=8 rdinit=/init panic=-1 gate4.mode=double capebpf.jit_certificate_report=1 capebpf.jit_certificate_transcript=1 capebpf.jit_certificate_mutation=0 capebpf.exploit_evidence=0 initrd=initrd
[    0.000000] Dentry cache hash table entries: 262144 (order: 9, 2097152 bytes, linear)
[    0.000000] Inode-cache hash table entries: 131072 (order: 8, 1048576 bytes, linear)
[    0.000000] Fallback order for Node 0: 0 
[    0.000000] Built 1 zonelists, mobility grouping on.  Total pages: 516096
[    0.000000] Policy zone: DMA
[    0.000000] mem auto-init: stack:all(zero), heap alloc:off, heap free:off
[    0.000000] software IO TLB: SWIOTLB bounce buffer size adjusted to 2MB
[    0.000000] software IO TLB: area num 1.
[    0.000000] software IO TLB: mapped [mem 0x00000000bd400000-0x00000000bd600000] (2MB)
[    0.000000] Memory: 2025684K/2097152K available (11456K kernel code, 1894K rwdata, 8380K rodata, 960K init, 552K bss, 71468K reserved, 0K cma-reserved)
[    0.000000] SLUB: HWalign=64, Order=0-3, MinObjects=0, CPUs=1, Nodes=1
[    0.000000] trace event string verifier disabled
[    0.000000] rcu: Preemptible hierarchical RCU implementation.
[    0.000000] rcu: 	RCU event tracing is enabled.
[    0.000000] rcu: 	RCU restricting CPUs from NR_CPUS=256 to nr_cpu_ids=1.
[    0.000000] 	Trampoline variant of Tasks RCU enabled.
[    0.000000] 	Tracing variant of Tasks RCU enabled.
[    0.000000] rcu: RCU calculated value of scheduler-enlistment delay is 25 jiffies.
[    0.000000] rcu: Adjusting geometry for rcu_fanout_leaf=16, nr_cpu_ids=1
[    0.000000] NR_IRQS: 64, nr_irqs: 64, preallocated irqs: 0
[    0.000000] GICv3: 224 SPIs implemented
[    0.000000] GICv3: 0 Extended SPIs implemented
[    0.000000] Root IRQ handler: gic_handle_irq
[    0.000000] GICv3: GICv3 features: 16 PPIs
[    0.000000] GICv3: CPU0: found redistributor 0 region 0:0x00000000080a0000
[    0.000000] ITS [mem 0x08080000-0x0809ffff]
[    0.000000] ITS@0x0000000008080000: allocated 8192 Devices @40100000 (indirect, esz 8, psz 64K, shr 1)
[    0.000000] ITS@0x0000000008080000: allocated 8192 Interrupt Collections @40110000 (flat, esz 8, psz 64K, shr 1)
[    0.000000] GICv3: using LPI property table @0x0000000040120000
[    0.000000] GICv3: CPU0: using allocated LPI pending table @0x0000000040130000
[    0.000000] rcu: srcu_init: Setting srcu_struct sizes based on contention.
[    0.000000] arch_timer: cp15 timer(s) running at 62.50MHz (virt).
[    0.000000] clocksource: arch_sys_counter: mask: 0x1ffffffffffffff max_cycles: 0x1cd42e208c, max_idle_ns: 881590405314 ns
[    0.000173] sched_clock: 57 bits at 63MHz, resolution 16ns, wraps every 4398046511096ns
[    0.022534] Console: colour dummy device 80x25
[    0.025642] ACPI: Core revision 20230628
[    0.033767] Calibrating delay loop (skipped), value calculated using timer frequency.. 125.00 BogoMIPS (lpj=250000)
[    0.034114] pid_max: default: 32768 minimum: 301
[    0.037403] LSM: initializing lsm=capability,selinux,integrity
[    0.038291] SELinux:  Initializing.
[    0.043091] Mount-cache hash table entries: 4096 (order: 3, 32768 bytes, linear)
[    0.043246] Mountpoint-cache hash table entries: 4096 (order: 3, 32768 bytes, linear)
[    0.141100] RCU Tasks: Setting shift to 0 and lim to 1 rcu_task_cb_adjust=1.
[    0.143769] RCU Tasks Trace: Setting shift to 0 and lim to 1 rcu_task_cb_adjust=1.
[    0.148654] rcu: Hierarchical SRCU implementation.
[    0.148774] rcu: 	Max phase no-delay instances is 1000.
[    0.159185] Platform MSI: ITS@0x8080000 domain created
[    0.162220] PCI/MSI: ITS@0x8080000 domain created
[    0.163113] Remapping and enabling EFI services.
[    0.170008] smp: Bringing up secondary CPUs ...
[    0.171873] smp: Brought up 1 node, 1 CPU
[    0.171965] SMP: Total of 1 processors activated.
[    0.172241] CPU features: detected: Common not Private translations
[    0.172271] CPU features: detected: CRC32 instructions
[    0.172965] CPU features: detected: RCpc load-acquire (LDAPR)
[    0.173001] CPU features: detected: LSE atomic instructions
[    0.173032] CPU features: detected: Privileged Access Never
[    0.206595] CPU: All CPU(s) started at EL1
[    0.211300] alternatives: applying system-wide alternatives
[    0.326938] devtmpfs: initialized
[    0.369784] clocksource: jiffies: mask: 0xffffffff max_cycles: 0xffffffff, max_idle_ns: 7645041785100000 ns
[    0.371168] futex hash table entries: 256 (order: 2, 16384 bytes, linear)
[    0.408103] SMBIOS 3.0.0 present.
[    0.408951] DMI: QEMU QEMU Virtual Machine, BIOS 0.0.0 02/06/2015
[    0.433132] NET: Registered PF_NETLINK/PF_ROUTE protocol family
[    0.447157] DMA: preallocated 256 KiB GFP_KERNEL pool for atomic allocations
[    0.448460] DMA: preallocated 256 KiB GFP_KERNEL|GFP_DMA pool for atomic allocations
[    0.448976] DMA: preallocated 256 KiB GFP_KERNEL|GFP_DMA32 pool for atomic allocations
[    0.450102] audit: initializing netlink subsys (disabled)
[    0.457818] audit: type=2000 audit(0.384:1): state=initialized audit_enabled=0 res=1
[    0.467271] thermal_sys: Registered thermal governor 'step_wise'
[    0.471112] cpuidle: using governor menu
[    0.474205] hw-breakpoint: found 8 breakpoint and 8 watchpoint registers.
[    0.475408] ASID allocator initialised with 65536 entries
[    0.477167] Serial: AMBA PL011 UART driver
[    0.484394] Modules: 26912 pages in range for non-PLT usage
[    0.484475] Modules: 518432 pages in range for PLT usage
[    0.500863] HugeTLB: registered 1.00 GiB page size, pre-allocated 0 pages
[    0.500934] HugeTLB: 0 KiB vmemmap can be freed for a 1.00 GiB page
[    0.501037] HugeTLB: registered 32.0 MiB page size, pre-allocated 0 pages
[    0.501063] HugeTLB: 0 KiB vmemmap can be freed for a 32.0 MiB page
[    0.501096] HugeTLB: registered 2.00 MiB page size, pre-allocated 0 pages
[    0.501117] HugeTLB: 0 KiB vmemmap can be freed for a 2.00 MiB page
[    0.501150] HugeTLB: registered 64.0 KiB page size, pre-allocated 0 pages
[    0.501172] HugeTLB: 0 KiB vmemmap can be freed for a 64.0 KiB page
[    0.546199] ACPI: Added _OSI(Module Device)
[    0.546304] ACPI: Added _OSI(Processor Device)
[    0.546338] ACPI: Added _OSI(3.0 _SCP Extensions)
[    0.546363] ACPI: Added _OSI(Processor Aggregator Device)
[    0.638503] ACPI: 1 ACPI AML tables successfully acquired and loaded
[    0.692230] ACPI: Interpreter enabled
[    0.692350] ACPI: Using GIC for interrupt routing
[    0.697889] ACPI: MCFG table detected, 1 entries
[    0.898298] ARMH0011:00: ttyAMA0 at MMIO 0x9000000 (irq = 12, base_baud = 0) is a SBSA
[    0.900461] printk: legacy console [ttyAMA0] enabled
[    1.060561] ACPI: PCI Root Bridge [PCI0] (domain 0000 [bus 00-ff])
[    1.065149] acpi PNP0A08:00: _OSC: OS supports [ExtendedConfig ASPM ClockPM Segments MSI HPX-Type3]
[    1.065876] acpi PNP0A08:00: PCIe port services disabled; not requesting _OSC control
[    1.085656] acpi PNP0A08:00: ECAM area [mem 0x4010000000-0x401fffffff] reserved by PNP0C02:00
[    1.086989] acpi PNP0A08:00: ECAM at [mem 0x4010000000-0x401fffffff] for [bus 00-ff]
[    1.089344] ACPI: Remapped I/O 0x000000003eff0000 to [io  0x0000-0xffff window]
[    1.095359] PCI host bridge to bus 0000:00
[    1.096216] pci_bus 0000:00: root bus resource [mem 0x10000000-0x3efeffff window]
[    1.096533] pci_bus 0000:00: root bus resource [io  0x0000-0xffff window]
[    1.096789] pci_bus 0000:00: root bus resource [mem 0x8000000000-0xffffffffff window]
[    1.097288] pci_bus 0000:00: root bus resource [bus 00-ff]
[    1.102508] pci 0000:00:00.0: [1b36:0008] type 00 class 0x060000
[    1.112429] pci 0000:00:01.0: [1af4:1000] type 00 class 0x020000
[    1.113339] pci 0000:00:01.0: reg 0x10: [io  0x0000-0x001f]
[    1.113636] pci 0000:00:01.0: reg 0x14: [mem 0x10040000-0x10040fff]
[    1.113988] pci 0000:00:01.0: reg 0x20: [mem 0x8000000000-0x8000003fff 64bit pref]
[    1.114628] pci 0000:00:01.0: reg 0x30: [mem 0xfffc0000-0xffffffff pref]
[    1.120009] pci 0000:00:01.0: BAR 6: assigned [mem 0x10000000-0x1003ffff pref]
[    1.120992] pci 0000:00:01.0: BAR 4: assigned [mem 0x8000000000-0x8000003fff 64bit pref]
[    1.121638] pci 0000:00:01.0: BAR 1: assigned [mem 0x10040000-0x10040fff]
[    1.121953] pci 0000:00:01.0: BAR 0: assigned [io  0x1000-0x101f]
[    1.122775] pci_bus 0000:00: resource 4 [mem 0x10000000-0x3efeffff window]
[    1.123052] pci_bus 0000:00: resource 5 [io  0x0000-0xffff window]
[    1.123270] pci_bus 0000:00: resource 6 [mem 0x8000000000-0xffffffffff window]
[    1.126084] ACPI: PCI: Interrupt link GSI0 configured for IRQ 35
[    1.126627] ACPI: PCI: Interrupt link GSI1 configured for IRQ 36
[    1.127010] ACPI: PCI: Interrupt link GSI2 configured for IRQ 37
[    1.127359] ACPI: PCI: Interrupt link GSI3 configured for IRQ 38
[    1.132820] iommu: Default domain type: Translated
[    1.133107] iommu: DMA domain TLB invalidation policy: strict mode
[    1.136860] SCSI subsystem initialized
[    1.139393] libata version 3.00 loaded.
[    1.141150] ACPI: bus type USB registered
[    1.142363] usbcore: registered new interface driver usbfs
[    1.143088] usbcore: registered new interface driver hub
[    1.143665] usbcore: registered new device driver usb
[    1.145457] pps_core: LinuxPPS API ver. 1 registered
[    1.145736] pps_core: Software ver. 5.3.6 - Copyright 2005-2007 Rodolfo Giometti <giometti@linux.it>
[    1.147198] PTP clock support registered
[    1.151579] scmi_core: SCMI protocol bus registered
[    1.157044] efivars: Registered efivars operations
[    1.185325] vgaarb: loaded
[    1.189548] clocksource: Switched to clocksource arch_sys_counter
[    1.204325] VFS: Disk quotas dquot_6.6.0
[    1.205244] VFS: Dquot-cache hash table entries: 512 (order 0, 4096 bytes)
[    1.213086] pnp: PnP ACPI init
[    1.223541] system 00:00: [mem 0x4010000000-0x401fffffff window] could not be reserved
[    1.228661] pnp: PnP ACPI: found 1 devices
[    1.292718] NET: Registered PF_INET protocol family
[    1.296180] IP idents hash table entries: 32768 (order: 6, 262144 bytes, linear)
[    1.310585] tcp_listen_portaddr_hash hash table entries: 1024 (order: 2, 16384 bytes, linear)
[    1.311114] Table-perturb hash table entries: 65536 (order: 6, 262144 bytes, linear)
[    1.311497] TCP established hash table entries: 16384 (order: 5, 131072 bytes, linear)
[    1.312563] TCP bind hash table entries: 16384 (order: 7, 524288 bytes, linear)
[    1.314501] TCP: Hash tables configured (established 16384 bind 16384)
[    1.318993] UDP hash table entries: 1024 (order: 3, 32768 bytes, linear)
[    1.319910] UDP-Lite hash table entries: 1024 (order: 3, 32768 bytes, linear)
[    1.322771] NET: Registered PF_UNIX/PF_LOCAL protocol family
[    1.329345] RPC: Registered named UNIX socket transport module.
[    1.329666] RPC: Registered udp transport module.
[    1.329846] RPC: Registered tcp transport module.
[    1.330004] RPC: Registered tcp-with-tls transport module.
[    1.330170] RPC: Registered tcp NFSv4.1 backchannel transport module.
[    1.330719] PCI: CLS 0 bytes, default 64
[    1.350627] workingset: timestamp_bits=42 max_order=19 bucket_order=0
[    1.354683] Unpacking initramfs...
[    1.373010] 9p: Installing v9fs 9p2000 file system support
[    1.391823] Block layer SCSI generic (bsg) driver version 0.4 loaded (major 249)
[    1.392388] io scheduler mq-deadline registered
[    1.396764] io scheduler kyber registered
[    1.397581] io scheduler bfq registered
[    1.431133] input: Power Button as /devices/LNXSYSTM:00/LNXSYBUS:00/PNP0C0C:00/input/input0
[    1.437858] ACPI: button: Power Button [PWRB]
[    1.449739] EINJ: EINJ table not found.
[    1.469686] Freeing initrd memory: 160K
[    1.566475] ACPI: bus type drm_connector registered
[    1.615857] loop: module loaded
[    1.626487] tun: Universal TUN/TAP device driver, 1.6
[    1.630667] usbcore: registered new interface driver usb-storage
[    1.633594] mousedev: PS/2 mouse device common for all mice
[    1.645818] rtc-efi rtc-efi.0: registered as rtc0
[    1.648333] rtc-efi rtc-efi.0: setting system clock to 2026-09-04T16:50:34 UTC (1788540634)
[    1.653024] device-mapper: ioctl: 4.48.0-ioctl (2023-03-01) initialised: dm-devel@redhat.com
[    1.658276] pstore: Using crash dump compression: deflate
[    1.658850] pstore: Registered efi_pstore as persistent store backend
[    1.664040] usbcore: registered new interface driver usbhid
[    1.664315] usbhid: USB HID core driver
[    1.672299] hw perfevents: enabled with armv8_pmuv3_0 PMU driver, 5 counters available
[    1.679029]  cs_system_cfg: CoreSight Configuration manager initialised
[    1.831384] IPVS: Registered protocols ()
[    1.831977] IPVS: Connection hash table configured (size=4096, memory=32Kbytes)
[    1.835440] IPVS: ipvs loaded.
[    1.838806] NET: Registered PF_INET6 protocol family
[    1.855046] Segment Routing with IPv6
[    1.855668] In-situ OAM (IOAM) with IPv6
[    1.857513] sit: IPv6, IPv4 and MPLS over IPv4 tunneling driver
[    1.865491] NET: Registered PF_PACKET protocol family
[    1.866879] Bridge firewalling registered
[    1.870269] 9pnet: Installing 9P2000 support
[    1.871987] bpf_jit: CAPEBPF_JIT_POLICY certificate_report=1 certificate_transcript=1 certificate_mutation=0 exploit_evidence=0
[    1.918387] registered taskstats version 1
[    1.991830] clk: Disabling unused clocks
[    2.094364] Freeing unused kernel memory: 960K
[    2.097244] Run /init as init process
[    2.097465]   with arguments:
[    2.097598]     /init
[    2.097706]   with environment:
[    2.097835]     HOME=/
[    2.097937]     TERM=linux
GATE4_GUEST_START mode=double cpus=1 release=6.7.0-capebpf-gate4-btf machine=aarch64
GATE4_JIT_MODE mode=double enabled=1
GATE4_JIT_HARDEN mode=double value=2
GATE4_BTF_OBJECT id=1 name=vmlinux kernel_btf=1 size=4475565
[    2.223795] bpf_testmod: loading out-of-tree module taints kernel.
GATE4_MODULE_LOAD_PASS name=bpf_testmod
GATE4_BTF_OBJECT id=1 name=vmlinux kernel_btf=1 size=4475565
GATE4_BTF_OBJECT id=2 name=bpf_testmod kernel_btf=1 size=40429
GATE4_IDENTITY mode=double vmlinux_btf_id=1 module_btf_id=2 acquire_btf_id=105955 release_btf_id=54591 acquire_fd_slot=1 release_fd_slot=0
[    2.314378] bpf_jit: CERT_BEGIN program=g4_double bpf_len=10 native_len=180 body_start=66 body_end=130 epilogue_start=130 plt_start=177 stack_size=16 executive_return_size=56 image=0xffff8000816eb5a4
[    2.315063] bpf_jit: CERT_ENVELOPE program=g4_double region=prologue start=0 end=66 policy=exact_template
[    2.315414] bpf_jit: CERT_IMAGE_WORD program=g4_double region=prologue native=0 value=910003c9
[    2.315733] bpf_jit: CERT_IMAGE_WORD program=g4_double region=prologue native=1 value=d503201f
[    2.315995] bpf_jit: CERT_IMAGE_WORD program=g4_double region=prologue native=2 value=a9bf7bfd
[    2.316250] bpf_jit: CERT_IMAGE_WORD program=g4_double region=prologue native=3 value=910003fd
[    2.316639] bpf_jit: CERT_IMAGE_WORD program=g4_double region=prologue native=4 value=a9bf53f3
[    2.316912] bpf_jit: CERT_IMAGE_WORD program=g4_double region=prologue native=5 value=a9bf5bf5
[    2.317165] bpf_jit: CERT_IMAGE_WORD program=g4_double region=prologue native=6 value=a9bf63f7
[    2.317414] bpf_jit: CERT_IMAGE_WORD program=g4_double region=prologue native=7 value=a9bf6bf9
[    2.317664] bpf_jit: CERT_IMAGE_WORD program=g4_double region=prologue native=8 value=a9bf73fb
[    2.317920] bpf_jit: CERT_IMAGE_WORD program=g4_double region=prologue native=9 value=a9bf7fff
[    2.318167] bpf_jit: CERT_IMAGE_WORD program=g4_double region=prologue native=10 value=a9bf7fff
[    2.318410] bpf_jit: CERT_IMAGE_WORD program=g4_double region=prologue native=11 value=d10043ff
[    2.318646] bpf_jit: CERT_IMAGE_WORD program=g4_double region=prologue native=12 value=5280014a
[    2.318888] bpf_jit: CERT_IMAGE_WORD program=g4_double region=prologue native=13 value=b90003ea
[    2.319125] bpf_jit: CERT_IMAGE_WORD program=g4_double region=prologue native=14 value=f90007e9
[    2.319376] bpf_jit: CERT_IMAGE_WORD program=g4_double region=prologue native=15 value=91000004
[    2.319611] bpf_jit: CERT_IMAGE_WORD program=g4_double region=prologue native=16 value=910003e0
[    2.319852] bpf_jit: CERT_IMAGE_WORD program=g4_double region=prologue native=17 value=52800201
[    2.320091] bpf_jit: CERT_IMAGE_WORD program=g4_double region=prologue native=18 value=10001222
[    2.320330] bpf_jit: CERT_IMAGE_WORD program=g4_double region=prologue native=19 value=52800703
[    2.320693] bpf_jit: CERT_IMAGE_WORD program=g4_double region=prologue native=20 value=52800005
[    2.320953] bpf_jit: CERT_IMAGE_WORD program=g4_double region=prologue native=21 value=929fffe6
[    2.321192] bpf_jit: CERT_IMAGE_WORD program=g4_double region=prologue native=22 value=f2a00006
[    2.321430] bpf_jit: CERT_IMAGE_WORD program=g4_double region=prologue native=23 value=f2c00006
[    2.321668] bpf_jit: CERT_IMAGE_WORD program=g4_double region=prologue native=24 value=52800007
[    2.321910] bpf_jit: CERT_IMAGE_WORD program=g4_double region=prologue native=25 value=928f8dea
[    2.322149] bpf_jit: CERT_IMAGE_WORD program=g4_double region=prologue native=26 value=f2b0006a
[    2.322385] bpf_jit: CERT_IMAGE_WORD program=g4_double region=prologue native=27 value=f2d0000a
[    2.322611] bpf_jit: CERT_IMAGE_WORD program=g4_double region=prologue native=28 value=d63f0140
[    2.322840] bpf_jit: CERT_IMAGE_WORD program=g4_double region=prologue native=29 value=b4000060
[    2.323065] bpf_jit: CERT_IMAGE_WORD program=g4_double region=prologue native=30 value=d2800007
[    2.323288] bpf_jit: CERT_IMAGE_WORD program=g4_double region=prologue native=31 value=14000084
[    2.323521] bpf_jit: CERT_IMAGE_WORD program=g4_double region=prologue native=32 value=d2800000
[    2.323761] bpf_jit: CERT_IMAGE_WORD program=g4_double region=prologue native=33 value=d2800001
[    2.323997] bpf_jit: CERT_IMAGE_WORD program=g4_double region=prologue native=34 value=d2800002
[    2.324234] bpf_jit: CERT_IMAGE_WORD program=g4_double region=prologue native=35 value=d2800003
[    2.324585] bpf_jit: CERT_IMAGE_WORD program=g4_double region=prologue native=36 value=d2800004
[    2.324840] bpf_jit: CERT_IMAGE_WORD program=g4_double region=prologue native=37 value=d2800005
[    2.325077] bpf_jit: CERT_IMAGE_WORD program=g4_double region=prologue native=38 value=d2800006
[    2.325315] bpf_jit: CERT_IMAGE_WORD program=g4_double region=prologue native=39 value=d2800007
[    2.325552] bpf_jit: CERT_IMAGE_WORD program=g4_double region=prologue native=40 value=d2800009
[    2.325793] bpf_jit: CERT_IMAGE_WORD program=g4_double region=prologue native=41 value=d280000a
[    2.326029] bpf_jit: CERT_IMAGE_WORD program=g4_double region=prologue native=42 value=d280000b
[    2.326266] bpf_jit: CERT_IMAGE_WORD program=g4_double region=prologue native=43 value=d280000c
[    2.326503] bpf_jit: CERT_IMAGE_WORD program=g4_double region=prologue native=44 value=d280000d
[    2.326747] bpf_jit: CERT_IMAGE_WORD program=g4_double region=prologue native=45 value=d280000e
[    2.326985] bpf_jit: CERT_IMAGE_WORD program=g4_double region=prologue native=46 value=d2800013
[    2.327227] bpf_jit: CERT_IMAGE_WORD program=g4_double region=prologue native=47 value=d2800014
[    2.327467] bpf_jit: CERT_IMAGE_WORD program=g4_double region=prologue native=48 value=d2800015
[    2.327705] bpf_jit: CERT_IMAGE_WORD program=g4_double region=prologue native=49 value=d2800016
[    2.327949] bpf_jit: CERT_IMAGE_WORD program=g4_double region=prologue native=50 value=d2800017
[    2.328186] bpf_jit: CERT_IMAGE_WORD program=g4_double region=prologue native=51 value=d2800018
[    2.328552] bpf_jit: CERT_IMAGE_WORD program=g4_double region=prologue native=52 value=d2800019
[    2.328860] bpf_jit: CERT_IMAGE_WORD program=g4_double region=prologue native=53 value=d280001a
[    2.329100] bpf_jit: CERT_IMAGE_WORD program=g4_double region=prologue native=54 value=d280001b
[    2.329342] bpf_jit: CERT_IMAGE_WORD program=g4_double region=prologue native=55 value=d280001c
[    2.329579] bpf_jit: CERT_IMAGE_WORD program=g4_double region=prologue native=56 value=d280001d
[    2.329810] bpf_jit: CERT_IMAGE_WORD program=g4_double region=prologue native=57 value=c2c1d200
[    2.330037] bpf_jit: CERT_IMAGE_WORD program=g4_double region=prologue native=58 value=d2800010
[    2.330262] bpf_jit: CERT_IMAGE_WORD program=g4_double region=prologue native=59 value=c2c1d3f9
[    2.330489] bpf_jit: CERT_IMAGE_WORD program=g4_double region=prologue native=60 value=02804339
[    2.330716] bpf_jit: CERT_IMAGE_WORD program=g4_double region=prologue native=61 value=c2c83b39
[    2.330952] bpf_jit: CERT_IMAGE_WORD program=g4_double region=prologue native=62 value=02004339
[    2.331176] bpf_jit: CERT_IMAGE_WORD program=g4_double region=prologue native=63 value=d280001a
[    2.331401] bpf_jit: CERT_IMAGE_WORD program=g4_double region=prologue native=64 value=d100233b
[    2.331631] bpf_jit: CERT_IMAGE_WORD program=g4_double region=prologue native=65 value=d10043ff
[    2.331925] bpf_jit: CERT_ENVELOPE program=g4_double region=software_stub start=130 end=130 policy=exact_template
[    2.332268] bpf_jit: CERT_ENVELOPE program=g4_double region=epilogue start=130 end=177 policy=exact_template
[    2.332763] bpf_jit: CERT_IMAGE_WORD program=g4_double region=epilogue native=130 value=e2c0011f
[    2.333093] bpf_jit: CERT_IMAGE_WORD program=g4_double region=epilogue native=131 value=e2c0811f
[    2.333356] bpf_jit: CERT_IMAGE_WORD program=g4_double region=epilogue native=132 value=910000e7
[    2.333618] bpf_jit: CERT_IMAGE_WORD program=g4_double region=epilogue native=133 value=d2800000
[    2.333876] bpf_jit: CERT_IMAGE_WORD program=g4_double region=epilogue native=134 value=d2800001
[    2.334130] bpf_jit: CERT_IMAGE_WORD program=g4_double region=epilogue native=135 value=d2800002
[    2.334380] bpf_jit: CERT_IMAGE_WORD program=g4_double region=epilogue native=136 value=d2800003
[    2.334635] bpf_jit: CERT_IMAGE_WORD program=g4_double region=epilogue native=137 value=d2800004
[    2.334891] bpf_jit: CERT_IMAGE_WORD program=g4_double region=epilogue native=138 value=d2800005
[    2.335144] bpf_jit: CERT_IMAGE_WORD program=g4_double region=epilogue native=139 value=d2800006
[    2.335394] bpf_jit: CERT_IMAGE_WORD program=g4_double region=epilogue native=140 value=d2800008
[    2.335636] bpf_jit: CERT_IMAGE_WORD program=g4_double region=epilogue native=141 value=d2800009
[    2.335882] bpf_jit: CERT_IMAGE_WORD program=g4_double region=epilogue native=142 value=d280000a
[    2.336120] bpf_jit: CERT_IMAGE_WORD program=g4_double region=epilogue native=143 value=d280000b
[    2.336357] bpf_jit: CERT_IMAGE_WORD program=g4_double region=epilogue native=144 value=d280000c
[    2.336755] bpf_jit: CERT_IMAGE_WORD program=g4_double region=epilogue native=145 value=d280000d
[    2.337008] bpf_jit: CERT_IMAGE_WORD program=g4_double region=epilogue native=146 value=d280000e
[    2.337247] bpf_jit: CERT_IMAGE_WORD program=g4_double region=epilogue native=147 value=d280000f
[    2.337486] bpf_jit: CERT_IMAGE_WORD program=g4_double region=epilogue native=148 value=d2800010
[    2.337727] bpf_jit: CERT_IMAGE_WORD program=g4_double region=epilogue native=149 value=d2800011
[    2.337968] bpf_jit: CERT_IMAGE_WORD program=g4_double region=epilogue native=150 value=d2800012
[    2.338211] bpf_jit: CERT_IMAGE_WORD program=g4_double region=epilogue native=151 value=d2800013
[    2.338451] bpf_jit: CERT_IMAGE_WORD program=g4_double region=epilogue native=152 value=d2800014
[    2.338803] bpf_jit: CERT_IMAGE_WORD program=g4_double region=epilogue native=153 value=d2800015
[    2.339079] bpf_jit: CERT_IMAGE_WORD program=g4_double region=epilogue native=154 value=d2800016
[    2.339387] bpf_jit: CERT_IMAGE_WORD program=g4_double region=epilogue native=155 value=d2800017
[    2.339631] bpf_jit: CERT_IMAGE_WORD program=g4_double region=epilogue native=156 value=d2800018
[    2.339877] bpf_jit: CERT_IMAGE_WORD program=g4_double region=epilogue native=157 value=d2800019
[    2.340129] bpf_jit: CERT_IMAGE_WORD program=g4_double region=epilogue native=158 value=d280001a
[    2.340367] bpf_jit: CERT_IMAGE_WORD program=g4_double region=epilogue native=159 value=d280001b
[    2.340759] bpf_jit: CERT_IMAGE_WORD program=g4_double region=epilogue native=160 value=d280001c
[    2.341017] bpf_jit: CERT_IMAGE_WORD program=g4_double region=epilogue native=161 value=d280001d
[    2.341260] bpf_jit: CERT_IMAGE_WORD program=g4_double region=epilogue native=162 value=c2c253c0
[    2.341503] bpf_jit: CERT_IMAGE_WORD program=g4_double region=epilogue native=163 value=910043ff
[    2.341750] bpf_jit: CERT_IMAGE_WORD program=g4_double region=epilogue native=164 value=c24003f0
[    2.341991] bpf_jit: CERT_IMAGE_WORD program=g4_double region=epilogue native=165 value=910083ff
[    2.342230] bpf_jit: CERT_IMAGE_WORD program=g4_double region=epilogue native=166 value=a8c173fb
[    2.342473] bpf_jit: CERT_IMAGE_WORD program=g4_double region=epilogue native=167 value=a8c16bf9
[    2.342713] bpf_jit: CERT_IMAGE_WORD program=g4_double region=epilogue native=168 value=a8c163f7
[    2.342959] bpf_jit: CERT_IMAGE_WORD program=g4_double region=epilogue native=169 value=a8c15bf5
[    2.343200] bpf_jit: CERT_IMAGE_WORD program=g4_double region=epilogue native=170 value=a8c153f3
[    2.343438] bpf_jit: CERT_IMAGE_WORD program=g4_double region=epilogue native=171 value=a8c17bfd
[    2.343679] bpf_jit: CERT_IMAGE_WORD program=g4_double region=epilogue native=172 value=910000e0
[    2.343923] bpf_jit: CERT_IMAGE_WORD program=g4_double region=epilogue native=173 value=c2c0920a
[    2.344162] bpf_jit: CERT_IMAGE_WORD program=g4_double region=epilogue native=174 value=b400004a
[    2.344400] bpf_jit: CERT_IMAGE_WORD program=g4_double region=epilogue native=175 value=c2c25203
[    2.344780] bpf_jit: CERT_IMAGE_WORD program=g4_double region=epilogue native=176 value=d65f03c0
[    2.345098] bpf_jit: CERT_ENVELOPE program=g4_double region=plt start=177 end=180 policy=exact_template
[    2.345430] bpf_jit: CERT_IMAGE_WORD program=g4_double region=plt native=177 value=d503201f
[    2.345708] bpf_jit: CERT_IMAGE_WORD program=g4_double region=plt native=178 value=5800004a
[    2.345951] bpf_jit: CERT_IMAGE_WORD program=g4_double region=plt native=179 value=d61f0140
[    2.346385] bpf_jit: CERT_SOURCE program=g4_double bpf=0 code=7a dst=10 src=0
[    2.346646] bpf_jit: CERT_STATE program=g4_double bpf=0 dst_kind=2 src_kind=64 helper=12
[    2.346912] bpf_jit: CERT_RANGE program=g4_double bpf=0 off=-8 imm=0 start=66 end=68
[    2.347220] bpf_jit: CERT_WORD program=g4_double bpf=0 native=66 value=d280000a
[    2.347471] bpf_jit: CERT_WORD program=g4_double bpf=0 native=67 value=e2df832a
[    2.347709] bpf_jit: CERT_SOURCE program=g4_double bpf=1 code=bf dst=1 src=10
[    2.347927] bpf_jit: CERT_STATE program=g4_double bpf=1 dst_kind=4 src_kind=2 helper=12
[    2.348155] bpf_jit: CERT_RANGE program=g4_double bpf=1 off=0 imm=0 start=68 end=69
[    2.348552] bpf_jit: CERT_WORD program=g4_double bpf=1 native=68 value=c2c1d320
[    2.348792] bpf_jit: CERT_SOURCE program=g4_double bpf=2 code=07 dst=1 src=0
[    2.349004] bpf_jit: CERT_STATE program=g4_double bpf=2 dst_kind=2 src_kind=64 helper=12
[    2.349232] bpf_jit: CERT_RANGE program=g4_double bpf=2 off=0 imm=-8 start=69 end=70
[    2.349459] bpf_jit: CERT_WORD program=g4_double bpf=2 native=69 value=02802000
[    2.349785] bpf_jit: CERT_SOURCE program=g4_double bpf=3 code=85 dst=0 src=2
[    2.350000] bpf_jit: CERT_STATE program=g4_double bpf=3 dst_kind=64 src_kind=64 helper=12
[    2.350236] bpf_jit: CERT_RANGE program=g4_double bpf=3 off=1 imm=-111808316 start=70 end=77
[    2.350484] bpf_jit: CERT_WORD program=g4_double bpf=3 native=70 value=929e9865
[    2.350702] bpf_jit: CERT_WORD program=g4_double bpf=3 native=71 value=f2af2dc5
[    2.350932] bpf_jit: CERT_WORD program=g4_double bpf=3 native=72 value=f2d00005
[    2.351154] bpf_jit: CERT_WORD program=g4_double bpf=3 native=73 value=d28000e4
[    2.351384] bpf_jit: CERT_WORD program=g4_double bpf=3 native=74 value=c2c1d3cd
[    2.351596] bpf_jit: CERT_WORD program=g4_double bpf=3 native=75 value=c2c23222
[    2.351808] bpf_jit: CERT_WORD program=g4_double bpf=3 native=76 value=c2c1d007
[    2.352016] bpf_jit: CERT_SOURCE program=g4_double bpf=4 code=15 dst=0 src=0
[    2.352223] bpf_jit: CERT_STATE program=g4_double bpf=4 dst_kind=288 src_kind=288 helper=12
[    2.352579] bpf_jit: CERT_RANGE program=g4_double bpf=4 off=4 imm=0 start=77 end=79
[    2.352852] bpf_jit: CERT_WORD program=g4_double bpf=4 native=77 value=f10000ff
[    2.353063] bpf_jit: CERT_WORD program=g4_double bpf=4 native=78 value=54000680
[    2.353277] bpf_jit: CERT_SOURCE program=g4_double bpf=5 code=bf dst=6 src=0
[    2.353481] bpf_jit: CERT_STATE program=g4_double bpf=5 dst_kind=64 src_kind=256 helper=12
[    2.353714] bpf_jit: CERT_RANGE program=g4_double bpf=5 off=0 imm=0 start=79 end=80
[    2.353941] bpf_jit: CERT_WORD program=g4_double bpf=5 native=79 value=c2c1d0f3
[    2.354147] bpf_jit: CERT_SOURCE program=g4_double bpf=6 code=bf dst=1 src=6
[    2.354355] bpf_jit: CERT_STATE program=g4_double bpf=6 dst_kind=64 src_kind=256 helper=12
[    2.354584] bpf_jit: CERT_RANGE program=g4_double bpf=6 off=0 imm=0 start=80 end=81
[    2.354809] bpf_jit: CERT_WORD program=g4_double bpf=6 native=80 value=c2c1d260
[    2.355019] bpf_jit: CERT_SOURCE program=g4_double bpf=7 code=85 dst=0 src=2
[    2.355222] bpf_jit: CERT_STATE program=g4_double bpf=7 dst_kind=256 src_kind=64 helper=12
[    2.355457] bpf_jit: CERT_RANGE program=g4_double bpf=7 off=0 imm=8238664 start=81 end=129
[    2.355690] bpf_jit: CERT_WORD program=g4_double bpf=7 native=81 value=d2800007
[    2.355902] bpf_jit: CERT_WORD program=g4_double bpf=7 native=82 value=c2c0900a
[    2.356108] bpf_jit: CERT_WORD program=g4_double bpf=7 native=83 value=c2c090cb
[    2.356314] bpf_jit: CERT_WORD program=g4_double bpf=7 native=84 value=b40002aa
[    2.356611] bpf_jit: CERT_WORD program=g4_double bpf=7 native=85 value=b400028b
[    2.356846] bpf_jit: CERT_WORD program=g4_double bpf=7 native=86 value=c2c0500a
[    2.357056] bpf_jit: CERT_WORD program=g4_double bpf=7 native=87 value=c2c050cb
[    2.357263] bpf_jit: CERT_WORD program=g4_double bpf=7 native=88 value=eb0b015f
[    2.357472] bpf_jit: CERT_WORD program=g4_double bpf=7 native=89 value=54000201
[    2.357679] bpf_jit: CERT_WORD program=g4_double bpf=7 native=90 value=826000c5
[    2.357888] bpf_jit: CERT_WORD program=g4_double bpf=7 native=91 value=c2c090aa
[    2.358092] bpf_jit: CERT_WORD program=g4_double bpf=7 native=92 value=c2c050ab
[    2.358296] bpf_jit: CERT_WORD program=g4_double bpf=7 native=93 value=d2800005
[    2.358504] bpf_jit: CERT_WORD program=g4_double bpf=7 native=94 value=b400016a
[    2.358707] bpf_jit: CERT_WORD program=g4_double bpf=7 native=95 value=e2c000df
[    2.358919] bpf_jit: CERT_WORD program=g4_double bpf=7 native=96 value=d2800006
[    2.359125] bpf_jit: CERT_WORD program=g4_double bpf=7 native=97 value=91000160
[    2.359331] bpf_jit: CERT_WORD program=g4_double bpf=7 native=98 value=9285e7e5
[    2.359538] bpf_jit: CERT_WORD program=g4_double bpf=7 native=99 value=f2b012a5
[    2.359907] bpf_jit: CERT_WORD program=g4_double bpf=7 native=100 value=f2d00005
[    2.360117] bpf_jit: CERT_WORD program=g4_double bpf=7 native=101 value=d2800144
[    2.360326] bpf_jit: CERT_WORD program=g4_double bpf=7 native=102 value=c2c1d3cd
[    2.360632] bpf_jit: CERT_WORD program=g4_double bpf=7 native=103 value=c2c23222
[    2.360859] bpf_jit: CERT_WORD program=g4_double bpf=7 native=104 value=d2800007
[    2.361071] bpf_jit: CERT_WORD program=g4_double bpf=7 native=105 value=d2800007
[    2.361281] bpf_jit: CERT_WORD program=g4_double bpf=7 native=106 value=c2c0900a
[    2.361492] bpf_jit: CERT_WORD program=g4_double bpf=7 native=107 value=c2c090cb
[    2.361699] bpf_jit: CERT_WORD program=g4_double bpf=7 native=108 value=b40002aa
[    2.361913] bpf_jit: CERT_WORD program=g4_double bpf=7 native=109 value=b400028b
[    2.362131] bpf_jit: CERT_WORD program=g4_double bpf=7 native=110 value=c2c0500a
[    2.362340] bpf_jit: CERT_WORD program=g4_double bpf=7 native=111 value=c2c050cb
[    2.362549] bpf_jit: CERT_WORD program=g4_double bpf=7 native=112 value=eb0b015f
[    2.362760] bpf_jit: CERT_WORD program=g4_double bpf=7 native=113 value=54000201
[    2.362967] bpf_jit: CERT_WORD program=g4_double bpf=7 native=114 value=826000c5
[    2.363175] bpf_jit: CERT_WORD program=g4_double bpf=7 native=115 value=c2c090aa
[    2.363382] bpf_jit: CERT_WORD program=g4_double bpf=7 native=116 value=c2c050ab
[    2.363592] bpf_jit: CERT_WORD program=g4_double bpf=7 native=117 value=d2800005
[    2.363802] bpf_jit: CERT_WORD program=g4_double bpf=7 native=118 value=b400016a
[    2.364009] bpf_jit: CERT_WORD program=g4_double bpf=7 native=119 value=e2c000df
[    2.364218] bpf_jit: CERT_WORD program=g4_double bpf=7 native=120 value=d2800006
[    2.364525] bpf_jit: CERT_WORD program=g4_double bpf=7 native=121 value=91000160
[    2.364748] bpf_jit: CERT_WORD program=g4_double bpf=7 native=122 value=9285e7e5
[    2.364962] bpf_jit: CERT_WORD program=g4_double bpf=7 native=123 value=f2b012a5
[    2.365171] bpf_jit: CERT_WORD program=g4_double bpf=7 native=124 value=f2d00005
[    2.365381] bpf_jit: CERT_WORD program=g4_double bpf=7 native=125 value=d2800144
[    2.365578] bpf_jit: CERT_WORD program=g4_double bpf=7 native=126 value=c2c1d3cd
[    2.365776] bpf_jit: CERT_WORD program=g4_double bpf=7 native=127 value=c2c23222
[    2.365974] bpf_jit: CERT_WORD program=g4_double bpf=7 native=128 value=d2800007
[    2.366170] bpf_jit: CERT_SOURCE program=g4_double bpf=8 code=b7 dst=0 src=0
[    2.366365] bpf_jit: CERT_STATE program=g4_double bpf=8 dst_kind=64 src_kind=64 helper=12
[    2.366593] bpf_jit: CERT_RANGE program=g4_double bpf=8 off=0 imm=42 start=129 end=130
[    2.366829] bpf_jit: CERT_WORD program=g4_double bpf=8 native=129 value=d2800547
[    2.367040] bpf_jit: CERT_SOURCE program=g4_double bpf=9 code=95 dst=0 src=0
[    2.367240] bpf_jit: CERT_STATE program=g4_double bpf=9 dst_kind=33 src_kind=33 helper=12
[    2.367468] bpf_jit: CERT_RANGE program=g4_double bpf=9 off=0 imm=0 start=130 end=130
[    2.367708] bpf_jit: CERT_END program=g4_double covered_words=180
[    2.372954] bpf_jit: authority certificate accepted program g4_double memory=1 stack=1 context=0 map=0 ringbuf=0 kfunc=0 copies=3 pointer_arithmetic=1 helpers=2 map_lookup=0 ringbuf_reserve=0 ringbuf_submit=0 ringbuf_discard=0 lifetime_spill_store=0 lifetime_spill_load=0 lifetime_resolve=0 lifetime_consume=1
[    2.373843] bpf_jit: CERT_DECISION program=g4_double accepted=1 stage=complete covered_words=180 image_fnv1a64=29390117d0dbf4a9
GATE4_VERIFIER_LOG_BEGIN mode=double program=g4_double
func#0 @0
0: R1=ctx(off=0,imm=0) R10=fp0
0: (7a) *(u64 *)(r10 -8) = 0          ; R10=fp0 fp-8_w=00000000
1: (bf) r1 = r10                      ; R1_w=fp0 R10=fp0
2: (07) r1 += -8                      ; R1_w=fp-8
3: (85) call bpf_kfunc_call_test_acquire#105955       ; R0_w=ptr_or_null_prog_test_ref_kfunc(id=2,ref_obj_id=2,off=0,imm=0) refs=2
4: (15) if r0 == 0x0 goto pc+4        ; R0_w=ptr_prog_test_ref_kfunc(ref_obj_id=2,off=0,imm=0) refs=2
5: (bf) r6 = r0                       ; R0_w=ptr_prog_test_ref_kfunc(ref_obj_id=2,off=0,imm=0) R6_w=ptr_prog_test_ref_kfunc(ref_obj_id=2,off=0,imm=0) refs=2
6: (bf) r1 = r6                       ; R1_w=ptr_prog_test_ref_kfunc(ref_obj_id=2,off=0,imm=0) R6_w=ptr_prog_test_ref_kfunc(ref_obj_id=2,off=0,imm=0) refs=2
7: (85) call bpf_kfunc_call_test_release#54591        ;
8: (b7) r0 = 42                       ; R0_w=42
9: (95) exit

from 4 to 9: R0_w=0 R10=fp0 fp-8_w=mmmmmmmm
9: R0_w=0 R10=fp0 fp-8_w=mmmmmmmm
9: (95) exit
verification time 41547 usec
stack depth 8
processed 11 insns (limit 1000000) max_states_per_insn 0 total_states 1 peak_states 1 mark_read 0
GATE4_VERIFIER_LOG_END mode=double program=g4_double
GATE4_JIT_INFO mode=double program=g4_double jited_len=720
[    2.387382] bpf_jit: ROOT_ATTEST kind=caller_return destination=c16_epilogue object=kernel_pcc object_id=0x0 expected_size=18446744073709551615 tag=1 sealed=1 base=0x0 length=18446744073709551615 address=0xffff80008095e15c perms=0x3ffff
[    2.388151] bpf_jit: ROOT_ATTEST kind=context destination=c16 object=socket_context object_id=0xffff000000226000 expected_size=0 tag=0 sealed=0 base=0x0 length=18446744073709551615 address=0x0 perms=0x3ffff
[    2.389158] bpf_jit: ROOT_ATTEST kind=native_stack destination=rcsp_el0 object=jit_invocation_frame object_id=0xffff0000001b77e0 expected_size=16 tag=1 sealed=0 base=0xffff0000001b77e0 length=16 address=0xffff0000001b77f0 perms=0x37dfd
[    2.389891] bpf_jit: ROOT_ATTEST kind=restricted_code destination=pcc object=jit_restricted object_id=0xffff8000816eb618 expected_size=536 tag=1 sealed=1 base=0xffff8000816eb618 length=536 address=0xffff8000816eb618 perms=0x3fdfd
[    2.390564] bpf_jit: ROOT_ATTEST kind=executive_return destination=clr object=jit_epilogue object_id=0xffff8000816eb830 expected_size=56 tag=1 sealed=1 base=0xffff8000816eb830 length=56 address=0xffff8000816eb830 perms=0x3ffff
[    2.391711] GATE4_ACQUIRE_EFFECT count=1 object=0xffff8000796e21f8 ref_after=2
[    2.392131] bpf_jit: GATE4_ACQUIRE_BIND acquisition=1 target=0xffff8000796e0b3c object=0xffff8000796e21f8 cell=0xffff000000c72fc0 direct=0
[    2.392798] bpf_jit: ROOT_ATTEST kind=gate4_cell_private destination=c6_gateway_restore object=kfunc_acquisition_cell object_id=0xffff000000c72fc0 expected_size=16 tag=1 sealed=0 base=0xffff000000c72fc0 length=16 address=0xffff000000c72fc0 perms=0x34dfd
[    2.393486] bpf_jit: ROOT_ATTEST kind=gate4_cell_public destination=c0_kfunc_return object=kfunc_acquisition_cell object_id=0xffff000000c72fc0 expected_size=16 tag=1 sealed=0 base=0xffff000000c72fc0 length=16 address=0xffff000000c72fc0 perms=0x24dfc
[    2.394081] bpf_jit: ROOT_ATTEST kind=gate4_object_transient destination=trusted_only object=prog_test_ref_kfunc object_id=0xffff8000796e21f8 expected_size=32 tag=1 sealed=0 base=0xffff8000796e21f8 length=32 address=0xffff8000796e21f8 perms=0x24dfd
[    2.395010] bpf_jit: GATE4_RELEASE_EFFECT_CALL acquisition=1 target=0xffff80008095d0c0 object=0xffff8000796e21f8
[    2.395400] GATE4_RELEASE_EFFECT count=1 object=0xffff8000796e21f8 ref_before=2 ref_after=1
GATE4_CASE_PASS mode=double program=g4_double retval=42 jited_len=720
GATE4_GUEST_STATUS=PASS mode=double failures=0
[    2.422589] reboot: Power down
