[2J[01;01H[=3h[2J[01;01HEFI stub: Booting Linux Kernel...
EFI stub: EFI_RNG_PROTOCOL unavailable
EFI stub: Loaded initrd from LINUX_EFI_INITRD_MEDIA_GUID device path
EFI stub: Generating empty DTB
EFI stub: Exiting boot services...
[    0.000000] Booting Linux on physical CPU 0x0000000000 [0x410fd083]
[    0.000000] Linux version 6.7.0-capebpf-gate4-btf (capebpf@gate4) (clang version 17.0.0 (https://git.morello-project.org/morello/llvm-project.git 7956a8d20652883f845a41094645174eb92d1960), LLD 17.0.0) #2 SMP PREEMPT 2026-09-04 00:00:00 UTC
[    0.000000] Userspace ABI: pure-capability (PCuABI)
[    0.000000] KASLR disabled due to lack of seed
[    0.000000] efi: EFI v2.7 by EDK II
[    0.000000] efi: SMBIOS 3.0=0xbf700000 MEMATTR=0xbcf8d018 ACPI 2.0=0xbbf70018 INITRD=0xbc373f18 MEMRESERVE=0xbc373f98 
[    0.000000] ACPI: Early table checksum verification disabled
[    0.000000] ACPI: RSDP 0x00000000BBF70018 000024 (v02 BOCHS )
[    0.000000] ACPI: XSDT 0x00000000BBF7FE98 000064 (v01 BOCHS  BXPC     00000001      01000013)
[    0.000000] ACPI: FACP 0x00000000BBF7FA98 00010C (v05 BOCHS  BXPC     00000001 BXPC 00000001)
[    0.000000] ACPI: DSDT 0x00000000BBF77518 00144C (v02 BOCHS  BXPC     00000001 BXPC 00000001)
[    0.000000] ACPI: APIC 0x00000000BBF7FC18 0000B4 (v03 BOCHS  BXPC     00000001 BXPC 00000001)
[    0.000000] ACPI: PPTT 0x00000000BBF7FD18 000060 (v02 BOCHS  BXPC     00000001 BXPC 00000001)
[    0.000000] ACPI: GTDT 0x00000000BBF7D898 000060 (v02 BOCHS  BXPC     00000001 BXPC 00000001)
[    0.000000] ACPI: MCFG 0x00000000BBF7FE18 00003C (v01 BOCHS  BXPC     00000001 BXPC 00000001)
[    0.000000] ACPI: SPCR 0x00000000BBF7FF98 000050 (v02 BOCHS  BXPC     00000001 BXPC 00000001)
[    0.000000] ACPI: DBG2 0x00000000BBF7E818 000057 (v00 BOCHS  BXPC     00000001 BXPC 00000001)
[    0.000000] ACPI: IORT 0x00000000BBF7E898 000080 (v03 BOCHS  BXPC     00000001 BXPC 00000001)
[    0.000000] ACPI: SPCR: console: pl011,mmio,0x9000000,9600
[    0.000000] NUMA: Failed to initialise from firmware
[    0.000000] NUMA: Faking a node at [mem 0x0000000040000000-0x00000000bfffffff]
[    0.000000] NUMA: NODE_DATA [mem 0xbfbf7ac0-0xbfbf9fff]
[    0.000000] Zone ranges:
[    0.000000]   DMA      [mem 0x0000000040000000-0x00000000bfffffff]
[    0.000000]   DMA32    empty
[    0.000000]   Normal   empty
[    0.000000] Movable zone start for each node
[    0.000000] Early memory node ranges
[    0.000000]   node   0: [mem 0x0000000040000000-0x00000000bbf7ffff]
[    0.000000]   node   0: [mem 0x00000000bbf80000-0x00000000bbffffff]
[    0.000000]   node   0: [mem 0x00000000bc000000-0x00000000bc01ffff]
[    0.000000]   node   0: [mem 0x00000000bc020000-0x00000000bc36ffff]
[    0.000000]   node   0: [mem 0x00000000bc370000-0x00000000bf64ffff]
[    0.000000]   node   0: [mem 0x00000000bf650000-0x00000000bf6dffff]
[    0.000000]   node   0: [mem 0x00000000bf6e0000-0x00000000bf6effff]
[    0.000000]   node   0: [mem 0x00000000bf6f0000-0x00000000bf80ffff]
[    0.000000]   node   0: [mem 0x00000000bf810000-0x00000000bfffffff]
[    0.000000] Initmem setup node 0 [mem 0x0000000040000000-0x00000000bfffffff]
[    0.000000] psci: probing for conduit method from ACPI.
[    0.000000] psci: PSCIv1.1 detected in firmware.
[    0.000000] psci: Using standard PSCI v0.2 function IDs
[    0.000000] psci: Trusted OS migration not required
[    0.000000] psci: SMC Calling Convention v1.0
[    0.000000] percpu: Embedded 34 pages/cpu s98984 r8192 d32088 u139264
[    0.000000] pcpu-alloc: s98984 r8192 d32088 u139264 alloc=34*4096
[    0.000000] pcpu-alloc: [0] 0 
[    0.000000] Detected PIPT I-cache on CPU0
[    0.000000] CPU features: detected: GIC system register CPU interface
[    0.000000] CPU features: detected: Morello Capability Architecture
[    0.000000] CPU features: detected: Spectre-v2
[    0.000000] CPU features: detected: Spectre-v3a
[    0.000000] CPU features: detected: Spectre-v4
[    0.000000] CPU features: detected: Spectre-BHB
[    0.000000] CPU features: kernel page table isolation disabled by kernel configuration
[    0.000000] CPU features: detected: ARM erratum 1742098
[    0.000000] CPU features: detected: ARM errata 1165522, 1319367, or 1530923
[    0.000000] alternatives: applying boot alternatives
[    0.000000] Kernel command line: console=ttyAMA0 loglevel=8 rdinit=/init panic=-1 gate4.mode=mutation capebpf.jit_certificate_report=1 capebpf.jit_certificate_transcript=1 capebpf.jit_certificate_mutation=35 capebpf.exploit_evidence=0 initrd=initrd
[    0.000000] Dentry cache hash table entries: 262144 (order: 9, 2097152 bytes, linear)
[    0.000000] Inode-cache hash table entries: 131072 (order: 8, 1048576 bytes, linear)
[    0.000000] Fallback order for Node 0: 0 
[    0.000000] Built 1 zonelists, mobility grouping on.  Total pages: 516096
[    0.000000] Policy zone: DMA
[    0.000000] mem auto-init: stack:all(zero), heap alloc:off, heap free:off
[    0.000000] software IO TLB: SWIOTLB bounce buffer size adjusted to 2MB
[    0.000000] software IO TLB: area num 1.
[    0.000000] software IO TLB: mapped [mem 0x00000000bd400000-0x00000000bd600000] (2MB)
[    0.000000] Memory: 2025684K/2097152K available (11456K kernel code, 1894K rwdata, 8380K rodata, 960K init, 552K bss, 71468K reserved, 0K cma-reserved)
[    0.000000] SLUB: HWalign=64, Order=0-3, MinObjects=0, CPUs=1, Nodes=1
[    0.000000] trace event string verifier disabled
[    0.000000] rcu: Preemptible hierarchical RCU implementation.
[    0.000000] rcu: 	RCU event tracing is enabled.
[    0.000000] rcu: 	RCU restricting CPUs from NR_CPUS=256 to nr_cpu_ids=1.
[    0.000000] 	Trampoline variant of Tasks RCU enabled.
[    0.000000] 	Tracing variant of Tasks RCU enabled.
[    0.000000] rcu: RCU calculated value of scheduler-enlistment delay is 25 jiffies.
[    0.000000] rcu: Adjusting geometry for rcu_fanout_leaf=16, nr_cpu_ids=1
[    0.000000] NR_IRQS: 64, nr_irqs: 64, preallocated irqs: 0
[    0.000000] GICv3: 224 SPIs implemented
[    0.000000] GICv3: 0 Extended SPIs implemented
[    0.000000] Root IRQ handler: gic_handle_irq
[    0.000000] GICv3: GICv3 features: 16 PPIs
[    0.000000] GICv3: CPU0: found redistributor 0 region 0:0x00000000080a0000
[    0.000000] ITS [mem 0x08080000-0x0809ffff]
[    0.000000] ITS@0x0000000008080000: allocated 8192 Devices @40100000 (indirect, esz 8, psz 64K, shr 1)
[    0.000000] ITS@0x0000000008080000: allocated 8192 Interrupt Collections @40110000 (flat, esz 8, psz 64K, shr 1)
[    0.000000] GICv3: using LPI property table @0x0000000040120000
[    0.000000] GICv3: CPU0: using allocated LPI pending table @0x0000000040130000
[    0.000000] rcu: srcu_init: Setting srcu_struct sizes based on contention.
[    0.000000] arch_timer: cp15 timer(s) running at 62.50MHz (virt).
[    0.000000] clocksource: arch_sys_counter: mask: 0x1ffffffffffffff max_cycles: 0x1cd42e208c, max_idle_ns: 881590405314 ns
[    0.000168] sched_clock: 57 bits at 63MHz, resolution 16ns, wraps every 4398046511096ns
[    0.022727] Console: colour dummy device 80x25
[    0.025864] ACPI: Core revision 20230628
[    0.034866] Calibrating delay loop (skipped), value calculated using timer frequency.. 125.00 BogoMIPS (lpj=250000)
[    0.035297] pid_max: default: 32768 minimum: 301
[    0.039055] LSM: initializing lsm=capability,selinux,integrity
[    0.040684] SELinux:  Initializing.
[    0.045727] Mount-cache hash table entries: 4096 (order: 3, 32768 bytes, linear)
[    0.045868] Mountpoint-cache hash table entries: 4096 (order: 3, 32768 bytes, linear)
[    0.144777] RCU Tasks: Setting shift to 0 and lim to 1 rcu_task_cb_adjust=1.
[    0.148000] RCU Tasks Trace: Setting shift to 0 and lim to 1 rcu_task_cb_adjust=1.
[    0.152431] rcu: Hierarchical SRCU implementation.
[    0.152547] rcu: 	Max phase no-delay instances is 1000.
[    0.164460] Platform MSI: ITS@0x8080000 domain created
[    0.165246] PCI/MSI: ITS@0x8080000 domain created
[    0.165823] Remapping and enabling EFI services.
[    0.171923] smp: Bringing up secondary CPUs ...
[    0.173806] smp: Brought up 1 node, 1 CPU
[    0.173905] SMP: Total of 1 processors activated.
[    0.174207] CPU features: detected: Common not Private translations
[    0.174240] CPU features: detected: CRC32 instructions
[    0.174397] CPU features: detected: RCpc load-acquire (LDAPR)
[    0.174419] CPU features: detected: LSE atomic instructions
[    0.174447] CPU features: detected: Privileged Access Never
[    0.204642] CPU: All CPU(s) started at EL1
[    0.210655] alternatives: applying system-wide alternatives
[    0.328845] devtmpfs: initialized
[    0.372132] clocksource: jiffies: mask: 0xffffffff max_cycles: 0xffffffff, max_idle_ns: 7645041785100000 ns
[    0.373520] futex hash table entries: 256 (order: 2, 16384 bytes, linear)
[    0.410898] SMBIOS 3.0.0 present.
[    0.411767] DMI: QEMU QEMU Virtual Machine, BIOS 0.0.0 02/06/2015
[    0.436250] NET: Registered PF_NETLINK/PF_ROUTE protocol family
[    0.449771] DMA: preallocated 256 KiB GFP_KERNEL pool for atomic allocations
[    0.451070] DMA: preallocated 256 KiB GFP_KERNEL|GFP_DMA pool for atomic allocations
[    0.451587] DMA: preallocated 256 KiB GFP_KERNEL|GFP_DMA32 pool for atomic allocations
[    0.452713] audit: initializing netlink subsys (disabled)
[    0.459508] audit: type=2000 audit(0.392:1): state=initialized audit_enabled=0 res=1
[    0.470195] thermal_sys: Registered thermal governor 'step_wise'
[    0.473919] cpuidle: using governor menu
[    0.476647] hw-breakpoint: found 8 breakpoint and 8 watchpoint registers.
[    0.478395] ASID allocator initialised with 65536 entries
[    0.480284] Serial: AMBA PL011 UART driver
[    0.487457] Modules: 26912 pages in range for non-PLT usage
[    0.487536] Modules: 518432 pages in range for PLT usage
[    0.509110] HugeTLB: registered 1.00 GiB page size, pre-allocated 0 pages
[    0.509194] HugeTLB: 0 KiB vmemmap can be freed for a 1.00 GiB page
[    0.509305] HugeTLB: registered 32.0 MiB page size, pre-allocated 0 pages
[    0.509335] HugeTLB: 0 KiB vmemmap can be freed for a 32.0 MiB page
[    0.509371] HugeTLB: registered 2.00 MiB page size, pre-allocated 0 pages
[    0.509395] HugeTLB: 0 KiB vmemmap can be freed for a 2.00 MiB page
[    0.509430] HugeTLB: registered 64.0 KiB page size, pre-allocated 0 pages
[    0.509453] HugeTLB: 0 KiB vmemmap can be freed for a 64.0 KiB page
[    0.552299] ACPI: Added _OSI(Module Device)
[    0.552393] ACPI: Added _OSI(Processor Device)
[    0.552427] ACPI: Added _OSI(3.0 _SCP Extensions)
[    0.552453] ACPI: Added _OSI(Processor Aggregator Device)
[    0.644126] ACPI: 1 ACPI AML tables successfully acquired and loaded
[    0.711390] ACPI: Interpreter enabled
[    0.711510] ACPI: Using GIC for interrupt routing
[    0.712665] ACPI: MCFG table detected, 1 entries
[    0.926771] ARMH0011:00: ttyAMA0 at MMIO 0x9000000 (irq = 12, base_baud = 0) is a SBSA
[    0.933141] printk: legacy console [ttyAMA0] enabled
[    1.071139] ACPI: PCI Root Bridge [PCI0] (domain 0000 [bus 00-ff])
[    1.075524] acpi PNP0A08:00: _OSC: OS supports [ExtendedConfig ASPM ClockPM Segments MSI HPX-Type3]
[    1.076200] acpi PNP0A08:00: PCIe port services disabled; not requesting _OSC control
[    1.094266] acpi PNP0A08:00: ECAM area [mem 0x4010000000-0x401fffffff] reserved by PNP0C02:00
[    1.095527] acpi PNP0A08:00: ECAM at [mem 0x4010000000-0x401fffffff] for [bus 00-ff]
[    1.098060] ACPI: Remapped I/O 0x000000003eff0000 to [io  0x0000-0xffff window]
[    1.103788] PCI host bridge to bus 0000:00
[    1.104603] pci_bus 0000:00: root bus resource [mem 0x10000000-0x3efeffff window]
[    1.104922] pci_bus 0000:00: root bus resource [io  0x0000-0xffff window]
[    1.105273] pci_bus 0000:00: root bus resource [mem 0x8000000000-0xffffffffff window]
[    1.105848] pci_bus 0000:00: root bus resource [bus 00-ff]
[    1.110523] pci 0000:00:00.0: [1b36:0008] type 00 class 0x060000
[    1.120108] pci 0000:00:01.0: [1af4:1000] type 00 class 0x020000
[    1.120886] pci 0000:00:01.0: reg 0x10: [io  0x0000-0x001f]
[    1.121307] pci 0000:00:01.0: reg 0x14: [mem 0x10040000-0x10040fff]
[    1.121639] pci 0000:00:01.0: reg 0x20: [mem 0x8000000000-0x8000003fff 64bit pref]
[    1.122193] pci 0000:00:01.0: reg 0x30: [mem 0xfffc0000-0xffffffff pref]
[    1.127148] pci 0000:00:01.0: BAR 6: assigned [mem 0x10000000-0x1003ffff pref]
[    1.127941] pci 0000:00:01.0: BAR 4: assigned [mem 0x8000000000-0x8000003fff 64bit pref]
[    1.128486] pci 0000:00:01.0: BAR 1: assigned [mem 0x10040000-0x10040fff]
[    1.128765] pci 0000:00:01.0: BAR 0: assigned [io  0x1000-0x101f]
[    1.129579] pci_bus 0000:00: resource 4 [mem 0x10000000-0x3efeffff window]
[    1.129867] pci_bus 0000:00: resource 5 [io  0x0000-0xffff window]
[    1.130084] pci_bus 0000:00: resource 6 [mem 0x8000000000-0xffffffffff window]
[    1.132725] ACPI: PCI: Interrupt link GSI0 configured for IRQ 35
[    1.133231] ACPI: PCI: Interrupt link GSI1 configured for IRQ 36
[    1.133744] ACPI: PCI: Interrupt link GSI2 configured for IRQ 37
[    1.134100] ACPI: PCI: Interrupt link GSI3 configured for IRQ 38
[    1.139275] iommu: Default domain type: Translated
[    1.139550] iommu: DMA domain TLB invalidation policy: strict mode
[    1.143381] SCSI subsystem initialized
[    1.145671] libata version 3.00 loaded.
[    1.147561] ACPI: bus type USB registered
[    1.148833] usbcore: registered new interface driver usbfs
[    1.149523] usbcore: registered new interface driver hub
[    1.150089] usbcore: registered new device driver usb
[    1.151689] pps_core: LinuxPPS API ver. 1 registered
[    1.151899] pps_core: Software ver. 5.3.6 - Copyright 2005-2007 Rodolfo Giometti <giometti@linux.it>
[    1.152336] PTP clock support registered
[    1.154610] scmi_core: SCMI protocol bus registered
[    1.159692] efivars: Registered efivars operations
[    1.185531] vgaarb: loaded
[    1.189034] clocksource: Switched to clocksource arch_sys_counter
[    1.201376] VFS: Disk quotas dquot_6.6.0
[    1.201933] VFS: Dquot-cache hash table entries: 512 (order 0, 4096 bytes)
[    1.211205] pnp: PnP ACPI init
[    1.225503] system 00:00: [mem 0x4010000000-0x401fffffff window] could not be reserved
[    1.226493] pnp: PnP ACPI: found 1 devices
[    1.289263] NET: Registered PF_INET protocol family
[    1.292423] IP idents hash table entries: 32768 (order: 6, 262144 bytes, linear)
[    1.305935] tcp_listen_portaddr_hash hash table entries: 1024 (order: 2, 16384 bytes, linear)
[    1.306416] Table-perturb hash table entries: 65536 (order: 6, 262144 bytes, linear)
[    1.306785] TCP established hash table entries: 16384 (order: 5, 131072 bytes, linear)
[    1.307629] TCP bind hash table entries: 16384 (order: 7, 524288 bytes, linear)
[    1.309588] TCP: Hash tables configured (established 16384 bind 16384)
[    1.313686] UDP hash table entries: 1024 (order: 3, 32768 bytes, linear)
[    1.314630] UDP-Lite hash table entries: 1024 (order: 3, 32768 bytes, linear)
[    1.317392] NET: Registered PF_UNIX/PF_LOCAL protocol family
[    1.323846] RPC: Registered named UNIX socket transport module.
[    1.324173] RPC: Registered udp transport module.
[    1.324494] RPC: Registered tcp transport module.
[    1.324663] RPC: Registered tcp-with-tls transport module.
[    1.324852] RPC: Registered tcp NFSv4.1 backchannel transport module.
[    1.325403] PCI: CLS 0 bytes, default 64
[    1.343223] Unpacking initramfs...
[    1.346583] workingset: timestamp_bits=42 max_order=19 bucket_order=0
[    1.369359] 9p: Installing v9fs 9p2000 file system support
[    1.392519] Block layer SCSI generic (bsg) driver version 0.4 loaded (major 249)
[    1.393111] io scheduler mq-deadline registered
[    1.393403] io scheduler kyber registered
[    1.394211] io scheduler bfq registered
[    1.430717] input: Power Button as /devices/LNXSYSTM:00/LNXSYBUS:00/PNP0C0C:00/input/input0
[    1.437565] ACPI: button: Power Button [PWRB]
[    1.450230] EINJ: EINJ table not found.
[    1.462573] Freeing initrd memory: 160K
[    1.560186] ACPI: bus type drm_connector registered
[    1.607649] loop: module loaded
[    1.617083] tun: Universal TUN/TAP device driver, 1.6
[    1.621319] usbcore: registered new interface driver usb-storage
[    1.623459] mousedev: PS/2 mouse device common for all mice
[    1.634682] rtc-efi rtc-efi.0: registered as rtc0
[    1.637063] rtc-efi rtc-efi.0: setting system clock to 2026-09-04T16:53:05 UTC (1788540785)
[    1.641084] device-mapper: ioctl: 4.48.0-ioctl (2023-03-01) initialised: dm-devel@redhat.com
[    1.645560] pstore: Using crash dump compression: deflate
[    1.646082] pstore: Registered efi_pstore as persistent store backend
[    1.650813] usbcore: registered new interface driver usbhid
[    1.651061] usbhid: USB HID core driver
[    1.658792] hw perfevents: enabled with armv8_pmuv3_0 PMU driver, 5 counters available
[    1.665646]  cs_system_cfg: CoreSight Configuration manager initialised
[    1.813434] IPVS: Registered protocols ()
[    1.814030] IPVS: Connection hash table configured (size=4096, memory=32Kbytes)
[    1.817627] IPVS: ipvs loaded.
[    1.821177] NET: Registered PF_INET6 protocol family
[    1.838327] Segment Routing with IPv6
[    1.839012] In-situ OAM (IOAM) with IPv6
[    1.841040] sit: IPv6, IPv4 and MPLS over IPv4 tunneling driver
[    1.848521] NET: Registered PF_PACKET protocol family
[    1.849964] Bridge firewalling registered
[    1.853076] 9pnet: Installing 9P2000 support
[    1.854759] bpf_jit: CAPEBPF_JIT_POLICY certificate_report=1 certificate_transcript=1 certificate_mutation=35 exploit_evidence=0
[    1.899767] registered taskstats version 1
[    1.970216] clk: Disabling unused clocks
[    2.068792] Freeing unused kernel memory: 960K
[    2.071384] Run /init as init process
[    2.071595]   with arguments:
[    2.071731]     /init
[    2.071840]   with environment:
[    2.071960]     HOME=/
[    2.072064]     TERM=linux
GATE4_GUEST_START mode=mutation cpus=1 release=6.7.0-capebpf-gate4-btf machine=aarch64
GATE4_JIT_MODE mode=mutation enabled=1
GATE4_JIT_HARDEN mode=mutation value=2
GATE4_BTF_OBJECT id=1 name=vmlinux kernel_btf=1 size=4475565
[    2.196628] bpf_testmod: loading out-of-tree module taints kernel.
GATE4_MODULE_LOAD_PASS name=bpf_testmod
GATE4_BTF_OBJECT id=1 name=vmlinux kernel_btf=1 size=4475565
GATE4_BTF_OBJECT id=2 name=bpf_testmod kernel_btf=1 size=40429
GATE4_IDENTITY mode=mutation vmlinux_btf_id=1 module_btf_id=2 acquire_btf_id=105955 release_btf_id=54591 acquire_fd_slot=1 release_fd_slot=0
[    2.298164] bpf_jit: Gate-4 checker mutation program=g4_valid mode=35 native=73 mutation=M12-direct-object-escape expected=checker-reject
[    2.298887] bpf_jit: CERT_BEGIN program=g4_valid bpf_len=13 native_len=160 body_start=66 body_end=111 epilogue_start=111 plt_start=158 stack_size=16 executive_return_size=56 image=0xffff8000816eb518
[    2.299435] bpf_jit: CERT_ENVELOPE program=g4_valid region=prologue start=0 end=66 policy=exact_template
[    2.299774] bpf_jit: CERT_IMAGE_WORD program=g4_valid region=prologue native=0 value=910003c9
[    2.300220] bpf_jit: CERT_IMAGE_WORD program=g4_valid region=prologue native=1 value=d503201f
[    2.300707] bpf_jit: CERT_IMAGE_WORD program=g4_valid region=prologue native=2 value=a9bf7bfd
[    2.300968] bpf_jit: CERT_IMAGE_WORD program=g4_valid region=prologue native=3 value=910003fd
[    2.301205] bpf_jit: CERT_IMAGE_WORD program=g4_valid region=prologue native=4 value=a9bf53f3
[    2.301436] bpf_jit: CERT_IMAGE_WORD program=g4_valid region=prologue native=5 value=a9bf5bf5
[    2.301670] bpf_jit: CERT_IMAGE_WORD program=g4_valid region=prologue native=6 value=a9bf63f7
[    2.301908] bpf_jit: CERT_IMAGE_WORD program=g4_valid region=prologue native=7 value=a9bf6bf9
[    2.302143] bpf_jit: CERT_IMAGE_WORD program=g4_valid region=prologue native=8 value=a9bf73fb
[    2.302374] bpf_jit: CERT_IMAGE_WORD program=g4_valid region=prologue native=9 value=a9bf7fff
[    2.302607] bpf_jit: CERT_IMAGE_WORD program=g4_valid region=prologue native=10 value=a9bf7fff
[    2.302856] bpf_jit: CERT_IMAGE_WORD program=g4_valid region=prologue native=11 value=d10043ff
[    2.303094] bpf_jit: CERT_IMAGE_WORD program=g4_valid region=prologue native=12 value=528000aa
[    2.303346] bpf_jit: CERT_IMAGE_WORD program=g4_valid region=prologue native=13 value=b90003ea
[    2.303583] bpf_jit: CERT_IMAGE_WORD program=g4_valid region=prologue native=14 value=f90007e9
[    2.303825] bpf_jit: CERT_IMAGE_WORD program=g4_valid region=prologue native=15 value=91000004
[    2.304060] bpf_jit: CERT_IMAGE_WORD program=g4_valid region=prologue native=16 value=910003e0
[    2.304417] bpf_jit: CERT_IMAGE_WORD program=g4_valid region=prologue native=17 value=52800201
[    2.304665] bpf_jit: CERT_IMAGE_WORD program=g4_valid region=prologue native=18 value=10000fc2
[    2.304908] bpf_jit: CERT_IMAGE_WORD program=g4_valid region=prologue native=19 value=52800703
[    2.305142] bpf_jit: CERT_IMAGE_WORD program=g4_valid region=prologue native=20 value=52800005
[    2.305376] bpf_jit: CERT_IMAGE_WORD program=g4_valid region=prologue native=21 value=929fffe6
[    2.305613] bpf_jit: CERT_IMAGE_WORD program=g4_valid region=prologue native=22 value=f2a00006
[    2.305852] bpf_jit: CERT_IMAGE_WORD program=g4_valid region=prologue native=23 value=f2c00006
[    2.306086] bpf_jit: CERT_IMAGE_WORD program=g4_valid region=prologue native=24 value=52800007
[    2.306319] bpf_jit: CERT_IMAGE_WORD program=g4_valid region=prologue native=25 value=928f8dea
[    2.306551] bpf_jit: CERT_IMAGE_WORD program=g4_valid region=prologue native=26 value=f2b0006a
[    2.306790] bpf_jit: CERT_IMAGE_WORD program=g4_valid region=prologue native=27 value=f2d0000a
[    2.307026] bpf_jit: CERT_IMAGE_WORD program=g4_valid region=prologue native=28 value=d63f0140
[    2.307258] bpf_jit: CERT_IMAGE_WORD program=g4_valid region=prologue native=29 value=b4000060
[    2.307493] bpf_jit: CERT_IMAGE_WORD program=g4_valid region=prologue native=30 value=d2800007
[    2.307729] bpf_jit: CERT_IMAGE_WORD program=g4_valid region=prologue native=31 value=14000071
[    2.307965] bpf_jit: CERT_IMAGE_WORD program=g4_valid region=prologue native=32 value=d2800000
[    2.308193] bpf_jit: CERT_IMAGE_WORD program=g4_valid region=prologue native=33 value=d2800001
[    2.308497] bpf_jit: CERT_IMAGE_WORD program=g4_valid region=prologue native=34 value=d2800002
[    2.308763] bpf_jit: CERT_IMAGE_WORD program=g4_valid region=prologue native=35 value=d2800003
[    2.308987] bpf_jit: CERT_IMAGE_WORD program=g4_valid region=prologue native=36 value=d2800004
[    2.309206] bpf_jit: CERT_IMAGE_WORD program=g4_valid region=prologue native=37 value=d2800005
[    2.309431] bpf_jit: CERT_IMAGE_WORD program=g4_valid region=prologue native=38 value=d2800006
[    2.309650] bpf_jit: CERT_IMAGE_WORD program=g4_valid region=prologue native=39 value=d2800007
[    2.309878] bpf_jit: CERT_IMAGE_WORD program=g4_valid region=prologue native=40 value=d2800009
[    2.310098] bpf_jit: CERT_IMAGE_WORD program=g4_valid region=prologue native=41 value=d280000a
[    2.310320] bpf_jit: CERT_IMAGE_WORD program=g4_valid region=prologue native=42 value=d280000b
[    2.310538] bpf_jit: CERT_IMAGE_WORD program=g4_valid region=prologue native=43 value=d280000c
[    2.310765] bpf_jit: CERT_IMAGE_WORD program=g4_valid region=prologue native=44 value=d280000d
[    2.310985] bpf_jit: CERT_IMAGE_WORD program=g4_valid region=prologue native=45 value=d280000e
[    2.311208] bpf_jit: CERT_IMAGE_WORD program=g4_valid region=prologue native=46 value=d2800013
[    2.311429] bpf_jit: CERT_IMAGE_WORD program=g4_valid region=prologue native=47 value=d2800014
[    2.311647] bpf_jit: CERT_IMAGE_WORD program=g4_valid region=prologue native=48 value=d2800015
[    2.311876] bpf_jit: CERT_IMAGE_WORD program=g4_valid region=prologue native=49 value=d2800016
[    2.312096] bpf_jit: CERT_IMAGE_WORD program=g4_valid region=prologue native=50 value=d2800017
[    2.312408] bpf_jit: CERT_IMAGE_WORD program=g4_valid region=prologue native=51 value=d2800018
[    2.312653] bpf_jit: CERT_IMAGE_WORD program=g4_valid region=prologue native=52 value=d2800019
[    2.312884] bpf_jit: CERT_IMAGE_WORD program=g4_valid region=prologue native=53 value=d280001a
[    2.313107] bpf_jit: CERT_IMAGE_WORD program=g4_valid region=prologue native=54 value=d280001b
[    2.313335] bpf_jit: CERT_IMAGE_WORD program=g4_valid region=prologue native=55 value=d280001c
[    2.313601] bpf_jit: CERT_IMAGE_WORD program=g4_valid region=prologue native=56 value=d280001d
[    2.313832] bpf_jit: CERT_IMAGE_WORD program=g4_valid region=prologue native=57 value=c2c1d200
[    2.314053] bpf_jit: CERT_IMAGE_WORD program=g4_valid region=prologue native=58 value=d2800010
[    2.314276] bpf_jit: CERT_IMAGE_WORD program=g4_valid region=prologue native=59 value=c2c1d3f9
[    2.314496] bpf_jit: CERT_IMAGE_WORD program=g4_valid region=prologue native=60 value=02804339
[    2.314726] bpf_jit: CERT_IMAGE_WORD program=g4_valid region=prologue native=61 value=c2c83b39
[    2.314950] bpf_jit: CERT_IMAGE_WORD program=g4_valid region=prologue native=62 value=02004339
[    2.315170] bpf_jit: CERT_IMAGE_WORD program=g4_valid region=prologue native=63 value=d280001a
[    2.315392] bpf_jit: CERT_IMAGE_WORD program=g4_valid region=prologue native=64 value=d100233b
[    2.315614] bpf_jit: CERT_IMAGE_WORD program=g4_valid region=prologue native=65 value=d10043ff
[    2.315882] bpf_jit: CERT_ENVELOPE program=g4_valid region=software_stub start=111 end=111 policy=exact_template
[    2.316197] bpf_jit: CERT_ENVELOPE program=g4_valid region=epilogue start=111 end=158 policy=exact_template
[    2.316608] bpf_jit: CERT_IMAGE_WORD program=g4_valid region=epilogue native=111 value=e2c0011f
[    2.316917] bpf_jit: CERT_IMAGE_WORD program=g4_valid region=epilogue native=112 value=e2c0811f
[    2.317150] bpf_jit: CERT_IMAGE_WORD program=g4_valid region=epilogue native=113 value=910000e7
[    2.317378] bpf_jit: CERT_IMAGE_WORD program=g4_valid region=epilogue native=114 value=d2800000
[    2.317603] bpf_jit: CERT_IMAGE_WORD program=g4_valid region=epilogue native=115 value=d2800001
[    2.317833] bpf_jit: CERT_IMAGE_WORD program=g4_valid region=epilogue native=116 value=d2800002
[    2.318057] bpf_jit: CERT_IMAGE_WORD program=g4_valid region=epilogue native=117 value=d2800003
[    2.318279] bpf_jit: CERT_IMAGE_WORD program=g4_valid region=epilogue native=118 value=d2800004
[    2.318506] bpf_jit: CERT_IMAGE_WORD program=g4_valid region=epilogue native=119 value=d2800005
[    2.318731] bpf_jit: CERT_IMAGE_WORD program=g4_valid region=epilogue native=120 value=d2800006
[    2.318957] bpf_jit: CERT_IMAGE_WORD program=g4_valid region=epilogue native=121 value=d2800008
[    2.319178] bpf_jit: CERT_IMAGE_WORD program=g4_valid region=epilogue native=122 value=d2800009
[    2.319403] bpf_jit: CERT_IMAGE_WORD program=g4_valid region=epilogue native=123 value=d280000a
[    2.319626] bpf_jit: CERT_IMAGE_WORD program=g4_valid region=epilogue native=124 value=d280000b
[    2.319855] bpf_jit: CERT_IMAGE_WORD program=g4_valid region=epilogue native=125 value=d280000c
[    2.320078] bpf_jit: CERT_IMAGE_WORD program=g4_valid region=epilogue native=126 value=d280000d
[    2.320399] bpf_jit: CERT_IMAGE_WORD program=g4_valid region=epilogue native=127 value=d280000e
[    2.320648] bpf_jit: CERT_IMAGE_WORD program=g4_valid region=epilogue native=128 value=d280000f
[    2.320879] bpf_jit: CERT_IMAGE_WORD program=g4_valid region=epilogue native=129 value=d2800010
[    2.321101] bpf_jit: CERT_IMAGE_WORD program=g4_valid region=epilogue native=130 value=d2800011
[    2.321326] bpf_jit: CERT_IMAGE_WORD program=g4_valid region=epilogue native=131 value=d2800012
[    2.321548] bpf_jit: CERT_IMAGE_WORD program=g4_valid region=epilogue native=132 value=d2800013
[    2.321778] bpf_jit: CERT_IMAGE_WORD program=g4_valid region=epilogue native=133 value=d2800014
[    2.322000] bpf_jit: CERT_IMAGE_WORD program=g4_valid region=epilogue native=134 value=d2800015
[    2.322223] bpf_jit: CERT_IMAGE_WORD program=g4_valid region=epilogue native=135 value=d2800016
[    2.322447] bpf_jit: CERT_IMAGE_WORD program=g4_valid region=epilogue native=136 value=d2800017
[    2.322670] bpf_jit: CERT_IMAGE_WORD program=g4_valid region=epilogue native=137 value=d2800018
[    2.322904] bpf_jit: CERT_IMAGE_WORD program=g4_valid region=epilogue native=138 value=d2800019
[    2.323129] bpf_jit: CERT_IMAGE_WORD program=g4_valid region=epilogue native=139 value=d280001a
[    2.323351] bpf_jit: CERT_IMAGE_WORD program=g4_valid region=epilogue native=140 value=d280001b
[    2.323573] bpf_jit: CERT_IMAGE_WORD program=g4_valid region=epilogue native=141 value=d280001c
[    2.323800] bpf_jit: CERT_IMAGE_WORD program=g4_valid region=epilogue native=142 value=d280001d
[    2.324022] bpf_jit: CERT_IMAGE_WORD program=g4_valid region=epilogue native=143 value=c2c253c0
[    2.324333] bpf_jit: CERT_IMAGE_WORD program=g4_valid region=epilogue native=144 value=910043ff
[    2.324577] bpf_jit: CERT_IMAGE_WORD program=g4_valid region=epilogue native=145 value=c24003f0
[    2.324810] bpf_jit: CERT_IMAGE_WORD program=g4_valid region=epilogue native=146 value=910083ff
[    2.325033] bpf_jit: CERT_IMAGE_WORD program=g4_valid region=epilogue native=147 value=a8c173fb
[    2.325257] bpf_jit: CERT_IMAGE_WORD program=g4_valid region=epilogue native=148 value=a8c16bf9
[    2.325480] bpf_jit: CERT_IMAGE_WORD program=g4_valid region=epilogue native=149 value=a8c163f7
[    2.325704] bpf_jit: CERT_IMAGE_WORD program=g4_valid region=epilogue native=150 value=a8c15bf5
[    2.325931] bpf_jit: CERT_IMAGE_WORD program=g4_valid region=epilogue native=151 value=a8c153f3
[    2.326155] bpf_jit: CERT_IMAGE_WORD program=g4_valid region=epilogue native=152 value=a8c17bfd
[    2.326377] bpf_jit: CERT_IMAGE_WORD program=g4_valid region=epilogue native=153 value=910000e0
[    2.326599] bpf_jit: CERT_IMAGE_WORD program=g4_valid region=epilogue native=154 value=c2c0920a
[    2.326827] bpf_jit: CERT_IMAGE_WORD program=g4_valid region=epilogue native=155 value=b400004a
[    2.327049] bpf_jit: CERT_IMAGE_WORD program=g4_valid region=epilogue native=156 value=c2c25203
[    2.327273] bpf_jit: CERT_IMAGE_WORD program=g4_valid region=epilogue native=157 value=d65f03c0
[    2.327531] bpf_jit: CERT_ENVELOPE program=g4_valid region=plt start=158 end=160 policy=exact_template
[    2.327846] bpf_jit: CERT_IMAGE_WORD program=g4_valid region=plt native=158 value=5800004a
[    2.328104] bpf_jit: CERT_IMAGE_WORD program=g4_valid region=plt native=159 value=d61f0140
[    2.328606] bpf_jit: CERT_SOURCE program=g4_valid bpf=0 code=7a dst=10 src=0
[    2.328869] bpf_jit: CERT_STATE program=g4_valid bpf=0 dst_kind=2 src_kind=64 helper=12
[    2.329116] bpf_jit: CERT_RANGE program=g4_valid bpf=0 off=-8 imm=0 start=66 end=68
[    2.329404] bpf_jit: CERT_WORD program=g4_valid bpf=0 native=66 value=d280000a
[    2.329641] bpf_jit: CERT_WORD program=g4_valid bpf=0 native=67 value=e2df832a
[    2.329871] bpf_jit: CERT_SOURCE program=g4_valid bpf=1 code=bf dst=1 src=10
[    2.330069] bpf_jit: CERT_STATE program=g4_valid bpf=1 dst_kind=4 src_kind=2 helper=12
[    2.330283] bpf_jit: CERT_RANGE program=g4_valid bpf=1 off=0 imm=0 start=68 end=69
[    2.330491] bpf_jit: CERT_WORD program=g4_valid bpf=1 native=68 value=c2c1d320
[    2.330688] bpf_jit: CERT_SOURCE program=g4_valid bpf=2 code=07 dst=1 src=0
[    2.330888] bpf_jit: CERT_STATE program=g4_valid bpf=2 dst_kind=2 src_kind=64 helper=12
[    2.331100] bpf_jit: CERT_RANGE program=g4_valid bpf=2 off=0 imm=-8 start=69 end=70
[    2.331312] bpf_jit: CERT_WORD program=g4_valid bpf=2 native=69 value=02802000
[    2.331608] bpf_jit: CERT_SOURCE program=g4_valid bpf=3 code=85 dst=0 src=2
[    2.331830] bpf_jit: CERT_STATE program=g4_valid bpf=3 dst_kind=64 src_kind=64 helper=12
[    2.332054] bpf_jit: CERT_RANGE program=g4_valid bpf=3 off=1 imm=-111808316 start=70 end=77
[    2.332299] bpf_jit: CERT_WORD program=g4_valid bpf=3 native=70 value=929e9865
[    2.332602] bpf_jit: CERT_WORD program=g4_valid bpf=3 native=71 value=f2af2dc5
[    2.332823] bpf_jit: CERT_WORD program=g4_valid bpf=3 native=72 value=f2d00005
[    2.333021] bpf_jit: CERT_WORD program=g4_valid bpf=3 native=73 value=d2800124
[    2.333217] bpf_jit: CERT_WORD program=g4_valid bpf=3 native=74 value=c2c1d3cd
[    2.333422] bpf_jit: CERT_WORD program=g4_valid bpf=3 native=75 value=c2c23222
[    2.333618] bpf_jit: CERT_WORD program=g4_valid bpf=3 native=76 value=c2c1d007
[    2.333818] bpf_jit: CERT_SOURCE program=g4_valid bpf=4 code=15 dst=0 src=0
[    2.334014] bpf_jit: CERT_STATE program=g4_valid bpf=4 dst_kind=288 src_kind=288 helper=12
[    2.334232] bpf_jit: CERT_RANGE program=g4_valid bpf=4 off=7 imm=0 start=77 end=79
[    2.334441] bpf_jit: CERT_WORD program=g4_valid bpf=4 native=77 value=f10000ff
[    2.334635] bpf_jit: CERT_WORD program=g4_valid bpf=4 native=78 value=54000420
[    2.334833] bpf_jit: CERT_SOURCE program=g4_valid bpf=5 code=bf dst=6 src=0
[    2.335026] bpf_jit: CERT_STATE program=g4_valid bpf=5 dst_kind=64 src_kind=256 helper=12
[    2.335249] bpf_jit: CERT_RANGE program=g4_valid bpf=5 off=0 imm=0 start=79 end=80
[    2.335458] bpf_jit: CERT_WORD program=g4_valid bpf=5 native=79 value=c2c1d0f3
[    2.335651] bpf_jit: CERT_SOURCE program=g4_valid bpf=6 code=7b dst=10 src=6
[    2.335857] bpf_jit: CERT_STATE program=g4_valid bpf=6 dst_kind=2 src_kind=256 helper=12
[    2.336077] bpf_jit: CERT_RANGE program=g4_valid bpf=6 off=-8 imm=0 start=80 end=81
[    2.336379] bpf_jit: CERT_WORD program=g4_valid bpf=6 native=80 value=82400113
[    2.336605] bpf_jit: CERT_SOURCE program=g4_valid bpf=7 code=79 dst=7 src=10
[    2.336798] bpf_jit: CERT_STATE program=g4_valid bpf=7 dst_kind=64 src_kind=2 helper=12
[    2.337001] bpf_jit: CERT_RANGE program=g4_valid bpf=7 off=-8 imm=0 start=81 end=82
[    2.337201] bpf_jit: CERT_WORD program=g4_valid bpf=7 native=81 value=82600114
[    2.337392] bpf_jit: CERT_SOURCE program=g4_valid bpf=8 code=21 dst=8 src=7
[    2.337582] bpf_jit: CERT_STATE program=g4_valid bpf=8 dst_kind=64 src_kind=256 helper=12
[    2.337804] bpf_jit: CERT_RANGE program=g4_valid bpf=8 off=0 imm=0 start=82 end=85
[    2.338011] bpf_jit: CERT_WORD program=g4_valid bpf=8 native=82 value=82600285
[    2.338205] bpf_jit: CERT_WORD program=g4_valid bpf=8 native=83 value=e28004b5
[    2.338460] bpf_jit: CERT_WORD program=g4_valid bpf=8 native=84 value=d2800005
[    2.338655] bpf_jit: CERT_SOURCE program=g4_valid bpf=9 code=bf dst=1 src=6
[    2.338852] bpf_jit: CERT_STATE program=g4_valid bpf=9 dst_kind=64 src_kind=256 helper=12
[    2.339068] bpf_jit: CERT_RANGE program=g4_valid bpf=9 off=0 imm=0 start=85 end=86
[    2.339276] bpf_jit: CERT_WORD program=g4_valid bpf=9 native=85 value=c2c1d260
[    2.339473] bpf_jit: CERT_SOURCE program=g4_valid bpf=10 code=85 dst=0 src=2
[    2.339666] bpf_jit: CERT_STATE program=g4_valid bpf=10 dst_kind=256 src_kind=64 helper=12
[    2.339891] bpf_jit: CERT_RANGE program=g4_valid bpf=10 off=0 imm=8238664 start=86 end=110
[    2.340117] bpf_jit: CERT_WORD program=g4_valid bpf=10 native=86 value=d2800007
[    2.340391] bpf_jit: CERT_WORD program=g4_valid bpf=10 native=87 value=c2c0900a
[    2.340611] bpf_jit: CERT_WORD program=g4_valid bpf=10 native=88 value=c2c090cb
[    2.340815] bpf_jit: CERT_WORD program=g4_valid bpf=10 native=89 value=b40002aa
[    2.341014] bpf_jit: CERT_WORD program=g4_valid bpf=10 native=90 value=b400028b
[    2.341212] bpf_jit: CERT_WORD program=g4_valid bpf=10 native=91 value=c2c0500a
[    2.341410] bpf_jit: CERT_WORD program=g4_valid bpf=10 native=92 value=c2c050cb
[    2.341607] bpf_jit: CERT_WORD program=g4_valid bpf=10 native=93 value=eb0b015f
[    2.341806] bpf_jit: CERT_WORD program=g4_valid bpf=10 native=94 value=54000201
[    2.342001] bpf_jit: CERT_WORD program=g4_valid bpf=10 native=95 value=826000c5
[    2.342201] bpf_jit: CERT_WORD program=g4_valid bpf=10 native=96 value=c2c090aa
[    2.342397] bpf_jit: CERT_WORD program=g4_valid bpf=10 native=97 value=c2c050ab
[    2.342728] bpf_jit: CERT_WORD program=g4_valid bpf=10 native=98 value=d2800005
[    2.342965] bpf_jit: CERT_WORD program=g4_valid bpf=10 native=99 value=b400016a
[    2.343218] bpf_jit: CERT_WORD program=g4_valid bpf=10 native=100 value=e2c000df
[    2.343419] bpf_jit: CERT_WORD program=g4_valid bpf=10 native=101 value=d2800006
[    2.343629] bpf_jit: CERT_WORD program=g4_valid bpf=10 native=102 value=91000160
[    2.343832] bpf_jit: CERT_WORD program=g4_valid bpf=10 native=103 value=9285e7e5
[    2.344027] bpf_jit: CERT_WORD program=g4_valid bpf=10 native=104 value=f2b012a5
[    2.344226] bpf_jit: CERT_WORD program=g4_valid bpf=10 native=105 value=f2d00005
[    2.344588] bpf_jit: CERT_WORD program=g4_valid bpf=10 native=106 value=d2800144
[    2.344836] bpf_jit: CERT_WORD program=g4_valid bpf=10 native=107 value=c2c1d3cd
[    2.345038] bpf_jit: CERT_WORD program=g4_valid bpf=10 native=108 value=c2c23222
[    2.345234] bpf_jit: CERT_WORD program=g4_valid bpf=10 native=109 value=d2800007
[    2.345433] bpf_jit: CERT_SOURCE program=g4_valid bpf=11 code=bf dst=0 src=8
[    2.345627] bpf_jit: CERT_STATE program=g4_valid bpf=11 dst_kind=64 src_kind=1 helper=12
[    2.345848] bpf_jit: CERT_RANGE program=g4_valid bpf=11 off=0 imm=0 start=110 end=111
[    2.346062] bpf_jit: CERT_WORD program=g4_valid bpf=11 native=110 value=c2c1d2a7
[    2.346260] bpf_jit: CERT_SOURCE program=g4_valid bpf=12 code=95 dst=0 src=0
[    2.346456] bpf_jit: CERT_STATE program=g4_valid bpf=12 dst_kind=33 src_kind=33 helper=12
[    2.346670] bpf_jit: CERT_RANGE program=g4_valid bpf=12 off=0 imm=0 start=111 end=111
[    2.346965] bpf_jit: CERT_END program=g4_valid covered_words=160
[    2.350970] bpf_jit: authority certificate rejected program g4_valid insn=3
[    2.351342] bpf_jit: CERT_DECISION program=g4_valid accepted=0 stage=authority covered_words=160 image_fnv1a64=97d8367de0a9b196
GATE4_VERIFIER_LOG_BEGIN mode=mutation program=g4_valid
func#0 @0
0: R1=ctx(off=0,imm=0) R10=fp0
0: (7a) *(u64 *)(r10 -8) = 0          ; R10=fp0 fp-8_w=00000000
1: (bf) r1 = r10                      ; R1_w=fp0 R10=fp0
2: (07) r1 += -8                      ; R1_w=fp-8
3: (85) call bpf_kfunc_call_test_acquire#105955       ; R0_w=ptr_or_null_prog_test_ref_kfunc(id=2,ref_obj_id=2,off=0,imm=0) refs=2
4: (15) if r0 == 0x0 goto pc+7        ; R0_w=ptr_prog_test_ref_kfunc(ref_obj_id=2,off=0,imm=0) refs=2
5: (bf) r6 = r0                       ; R0_w=ptr_prog_test_ref_kfunc(ref_obj_id=2,off=0,imm=0) R6_w=ptr_prog_test_ref_kfunc(ref_obj_id=2,off=0,imm=0) refs=2
6: (7b) *(u64 *)(r10 -8) = r6         ; R6_w=ptr_prog_test_ref_kfunc(ref_obj_id=2,off=0,imm=0) R10=fp0 fp-8_w=ptr_ refs=2
7: (79) r7 = *(u64 *)(r10 -8)         ; R7_w=ptr_prog_test_ref_kfunc(ref_obj_id=2,off=0,imm=0) R10=fp0 fp-8_w=ptr_ refs=2
8: (61) r8 = *(u32 *)(r7 +0)          ; R7_w=ptr_prog_test_ref_kfunc(ref_obj_id=2,off=0,imm=0) R8_w=scalar(smin=0,smax=umax=4294967295,var_off=(0x0; 0xffffffff)) refs=2
9: (bf) r1 = r6                       ; R1_w=ptr_prog_test_ref_kfunc(ref_obj_id=2,off=0,imm=0) R6_w=ptr_prog_test_ref_kfunc(ref_obj_id=2,off=0,imm=0) refs=2
10: (85) call bpf_kfunc_call_test_release#54591       ;
11: (bf) r0 = r8                      ; R0_w=scalar(id=3,smin=0,smax=umax=4294967295,var_off=(0x0; 0xffffffff)) R8=scalar(id=3,smin=0,smax=umax=4294967295,var_off=(0x0; 0xffffffff))
12: (95) exit

from 4 to 12: R0_w=0 R10=fp0 fp-8_w=mmmmmmmm
12: R0_w=0 R10=fp0 fp-8_w=mmmmmmmm
12: (95) exit
verification time 43710 usec
stack depth 8
processed 14 insns (limit 1000000) max_states_per_insn 0 total_states 1 peak_states 1 mark_read 1
GATE4_VERIFIER_LOG_END mode=mutation program=g4_valid
GATE4_LOAD_REJECT_PASS mode=mutation program=g4_valid errno=524 outcome=LOAD_REJECT
GATE4_GUEST_STATUS=PASS mode=mutation failures=0
[    2.374559] reboot: Power down
